******************************************************************************
                  TI ARM Linker PC v5.2.7                      
******************************************************************************
>> Linked Wed Apr 06 23:16:04 2016

OUTPUT FILE NAME:   <wlan_station_exosite_write_read.out>
ENTRY POINT SYMBOL: "_c_int00"  address: 0000be59


MEMORY CONFIGURATION

         name            origin    length      used     unused   attr    fill
----------------------  --------  ---------  --------  --------  ----  --------
  FLASH                 00000000   00100000  0000d2a0  000f2d60  R  X
  SRAM                  20000000   00040000  00002080  0003df80  RW X


SEGMENT ALLOCATION MAP

run origin  load origin   length   init length attrs members
----------  ----------- ---------- ----------- ----- -------
00000000    00000000    0000d2a0   0000d2a0    r-x
  00000000    00000000    00000208   00000208    r-- .intvecs
  00000208    00000208    0000c784   0000c784    r-x .text
  0000c98c    0000c98c    0000085c   0000085c    r-- .const
  0000d1e8    0000d1e8    000000b8   000000b8    r-- .cinit
20000000    20000000    00002084   00000000    rw-
  20000000    20000000    0000026c   00000000    rw- .vtable
  2000026c    2000026c    00001000   00000000    rw- .stack
  2000126c    2000126c    00000c10   00000000    rw- .bss
  20001e80    20001e80    00000204   00000000    rw- .data


SECTION ALLOCATION MAP

 output                                  attributes/
section   page    origin      length       input sections
--------  ----  ----------  ----------   ----------------
.intvecs   0    00000000    00000208     
                  00000000    00000208     tm4c1294ncpdt_startup_ccs.obj (.intvecs)

.text      0    00000208    0000c784     
                  00000208    00001e54     driver.obj (.text)
                  0000205c    000010ba     rtsv7M4_T_le_v4SPD16_eabi.lib : _printfi.obj (.text)
                  00003116    00000002                                   : i_div0.obj (.text)
                  00003118    00000ee8     socket.obj (.text)
                  00004000    00000e1c     main.obj (.text)
                  00004e1c    00000004     driverlib.lib : i2c.obj (.text:I2CMasterControl)
                  00004e20    00000cfc     exosite.obj (.text)
                  00005b1c    00000004     driverlib.lib : i2c.obj (.text:I2CMasterDataGet)
                  00005b20    00000cdc     wlan.obj (.text)
                  000067fc    00000004     driverlib.lib : i2c.obj (.text:I2CMasterDataPut)
                  00006800    00000b9c     netapp.obj (.text)
                  0000739c    00000004     rtsv7M4_T_le_v4SPD16_eabi.lib : pre_init.obj (.text)
                  000073a0    000009a8     uartstdio.obj (.text)
                  00007d48    000008dc     cloud_demo.obj (.text)
                  00008624    00000004     --HOLE-- [fill = 0]
                  00008628    00000544     device.obj (.text)
                  00008b6c    00000004     --HOLE-- [fill = 0]
                  00008b70    00000520     fs.obj (.text)
                  00009090    0000043e     exosite_pal.obj (.text)
                  000094ce    00000002     --HOLE-- [fill = 0]
                  000094d0    00000378     pinout.obj (.text)
                  00009848    00000240     spi.obj (.text)
                  00009a88    00000204     driverlib.lib : sysctl.obj (.text:SysCtlClockFreqSet)
                  00009c8c    000001f8     sensorlib.lib : bmp180.obj (.text:BMP180Callback)
                  00009e84    000001f4     rtsv7M4_T_le_v4SPD16_eabi.lib : ull_div_t2.obj (.text)
                  0000a078    000001e8     sensorlib.lib : bmp180.obj (.text:BMP180DataPressureGetFloat)
                  0000a260    000001e4                   : tmp006.obj (.text:TMP006DataTemperatureGetFloat)
                  0000a444    000001b6     rtsv7M4_T_le_v4SPD16_eabi.lib : fd_add_t2.obj (.text)
                  0000a5fa    00000006     driverlib.lib : gpio.obj (.text:GPIOIntClear)
                  0000a600    0000017c     nonos.obj (.text)
                  0000a77c    00000004     --HOLE-- [fill = 0]
                  0000a780    0000014c     netcfg.obj (.text)
                  0000a8cc    00000136     rtsv7M4_T_le_v4SPD16_eabi.lib : fd_div_t2.obj (.text)
                  0000aa02    00000132     driverlib.lib : gpio.obj (.text:GPIOPadConfigSet)
                  0000ab34    00000110     rtsv7M4_T_le_v4SPD16_eabi.lib : xdscale.obj (.text)
                  0000ac44    00000004     --HOLE-- [fill = 0]
                  0000ac48    00000104     buttons.obj (.text)
                  0000ad4c    000000fc     rtsv7M4_T_le_v4SPD16_eabi.lib : fd_mul_t2.obj (.text)
                  0000ae48    000000f2     sensorlib.lib : i2cm_drv.obj (.text:I2CMIntHandler)
                  0000af3a    00000006     driverlib.lib : gpio.obj (.text:GPIOPinRead)
                  0000af40    000000ec     board.obj (.text)
                  0000b02c    000000be     rtsv7M4_T_le_v4SPD16_eabi.lib : xdnorm.obj (.text)
                  0000b0ea    0000009c                                   : memcpy_t2.obj (.text)
                  0000b186    00000098     sensorlib.lib : i2cm_drv.obj (.text:I2CMStateIdle)
                  0000b21e    00000002     --HOLE-- [fill = 0]
                  0000b220    00000094     rtsv7M4_T_le_v4SPD16_eabi.lib : snprintf.obj (.text)
                  0000b2b4    00000088     sensorlib.lib : i2cm_drv.obj (.text:I2CMCommand)
                  0000b33c    00000086     rtsv7M4_T_le_v4SPD16_eabi.lib : fd_cmp_t2.obj (.text:__aeabi_cdcmple)
                  0000b3c2    00000086                                   : fd_cmp_t2.obj (.text:__aeabi_cdrcmple)
                  0000b448    00000084     sensorlib.lib : bmp180.obj (.text:BMP180DataTemperatureGetFloat)
                  0000b4cc    0000007a     rtsv7M4_T_le_v4SPD16_eabi.lib : memset_t2.obj (.text)
                  0000b546    00000002     --HOLE-- [fill = 0]
                  0000b548    00000074     sensorlib.lib : i2cm_drv.obj (.text:I2CMReadModifyWrite16LE)
                  0000b5bc    00000070                   : sht21.obj (.text:SHT21DataHumidityGetFloat)
                  0000b62c    0000006e     rtsv7M4_T_le_v4SPD16_eabi.lib : fd_tos_t2.obj (.text)
                  0000b69a    00000002     --HOLE-- [fill = 0]
                  0000b69c    0000006c     sensorlib.lib : i2cm_drv.obj (.text:I2CMReadModifyWrite16LECallback)
                  0000b708    0000006c     rtsv7M4_T_le_v4SPD16_eabi.lib : autoinit.obj (.text)
                  0000b774    0000006a                                   : copy_decompress_rle.obj (.text)
                  0000b7de    00000002     --HOLE-- [fill = 0]
                  0000b7e0    00000068     driverlib.lib : interrupt.obj (.text:IntDisable)
                  0000b848    00000068                   : interrupt.obj (.text:IntEnable)
                  0000b8b0    00000066     rtsv7M4_T_le_v4SPD16_eabi.lib : xdunscal.obj (.text)
                  0000b916    00000002     --HOLE-- [fill = 0]
                  0000b918    00000064     driverlib.lib : interrupt.obj (.text:IntIsEnabled)
                  0000b97c    00000060     sensorlib.lib : sht21.obj (.text:SHT21DataTemperatureGetFloat)
                  0000b9dc    00000060                   : tmp006.obj (.text:TMP006Callback)
                  0000ba3c    00000060                   : tmp006.obj (.text:TMP006ReadModifyWrite)
                  0000ba9c    00000060     rtsv7M4_T_le_v4SPD16_eabi.lib : sprintf.obj (.text)
                  0000bafc    0000005e     sensorlib.lib : i2cm_drv.obj (.text:I2CMStateWritePause)
                  0000bb5a    00000002     --HOLE-- [fill = 0]
                  0000bb5c    00000058                   : bmp180.obj (.text:BMP180DataRead)
                  0000bbb4    00000058                   : tmp006.obj (.text:TMP006Init)
                  0000bc0c    00000056     driverlib.lib : gpio.obj (.text:GPIOIntTypeSet)
                  0000bc62    00000056     rtsv7M4_T_le_v4SPD16_eabi.lib : ltoa.obj (.text)
                  0000bcb8    00000054     sensorlib.lib : bmp180.obj (.text:BMP180Init)
                  0000bd0c    00000054                   : i2cm_drv.obj (.text:I2CMWrite8)
                  0000bd60    00000054                   : tmp006.obj (.text:TMP006DataRead)
                  0000bdb4    00000052     rtsv7M4_T_le_v4SPD16_eabi.lib : ldexp.obj (.text)
                  0000be06    00000050     sensorlib.lib : i2cm_drv.obj (.text:I2CMStateWriteFinal)
                  0000be56    00000002     --HOLE-- [fill = 0]
                  0000be58    00000050     rtsv7M4_T_le_v4SPD16_eabi.lib : boot.obj (.text)
                  0000bea8    0000004c     driverlib.lib : i2c.obj (.text:I2CMasterInitExpClk)
                  0000bef4    0000004c     sensorlib.lib : sht21.obj (.text:SHT21DataRead)
                  0000bf40    0000004c                   : sht21.obj (.text:SHT21Init)
                  0000bf8c    0000004c                   : sht21.obj (.text:SHT21Write)
                  0000bfd8    0000004c     driverlib.lib : timer.obj (.text:_TimerIntNumberGet)
                  0000c024    0000004c     rtsv7M4_T_le_v4SPD16_eabi.lib : atoi.obj (.text)
                  0000c070    0000004c                                   : cpy_tbl.obj (.text)
                  0000c0bc    0000004a     sensorlib.lib : i2cm_drv.obj (.text:I2CMStateReadNext)
                  0000c106    00000002     --HOLE-- [fill = 0]
                  0000c108    00000048     driverlib.lib : gpio.obj (.text:GPIOPinConfigure)
                  0000c150    00000048     sensorlib.lib : i2cm_drv.obj (.text:I2CMStateWriteNext)
                  0000c198    00000048     driverlib.lib : sysctl.obj (.text:_SysCtlFrequencyGet)
                  0000c1e0    00000048     rtsv7M4_T_le_v4SPD16_eabi.lib : fd_toi_t2.obj (.text)
                  0000c228    00000044     sensorlib.lib : i2cm_drv.obj (.text:I2CMStateCallback)
                  0000c26c    00000044     rtsv7M4_T_le_v4SPD16_eabi.lib : exit.obj (.text)
                  0000c2b0    00000042     sensorlib.lib : i2cm_drv.obj (.text:I2CMStateReadFinal)
                  0000c2f2    00000040                   : i2cm_drv.obj (.text:I2CMWrite8Callback)
                  0000c332    00000002     --HOLE-- [fill = 0]
                  0000c334    00000040     rtsv7M4_T_le_v4SPD16_eabi.lib : signal.obj (.text)
                  0000c374    00000040                                   : u_divt2.obj (.text)
                  0000c3b4    0000003e     sensorlib.lib : i2cm_drv.obj (.text:I2CMStateReadPause)
                  0000c3f2    0000003c     driverlib.lib : ssi.obj (.text:SSIConfigSetExpClk)
                  0000c42e    00000038     rtsv7M4_T_le_v4SPD16_eabi.lib : fs_tod_t2.obj (.text)
                  0000c466    00000034     sensorlib.lib : i2cm_drv.obj (.text:I2CMInit)
                  0000c49a    00000002     --HOLE-- [fill = 0]
                  0000c49c    00000034     driverlib.lib : interrupt.obj (.text:IntRegister)
                  0000c4d0    00000034                   : sysctl.obj (.text:SysCtlPeripheralEnable)
                  0000c504    00000034     rtsv7M4_T_le_v4SPD16_eabi.lib : feraiseexcept.obj (.text)
                  0000c538    00000034                                   : strstr.obj (.text)
                  0000c56c    00000030     sensorlib.lib : i2cm_drv.obj (.text:I2CMTransferResume)
                  0000c59c    00000030     rtsv7M4_T_le_v4SPD16_eabi.lib : xdclass.obj (.text)
                  0000c5cc    00000030                                   : xferaise.obj (.text)
                  0000c5fc    0000002e                                   : i_tofd_t2.obj (.text)
                  0000c62a    0000002e                                   : raise.obj (.text)
                  0000c658    0000002a     driverlib.lib : gpio.obj (.text:GPIODirModeSet)
                  0000c682    0000002a     sensorlib.lib : i2cm_drv.obj (.text:I2CMStateReadFirst)
                  0000c6ac    0000002a     rtsv7M4_T_le_v4SPD16_eabi.lib : frexp.obj (.text)
                  0000c6d6    00000002     --HOLE-- [fill = 0]
                  0000c6d8    00000024                                   : sqrtf.obj (.text)
                  0000c6fc    00000020     sensorlib.lib : i2cm_drv.obj (.text:I2CMStateReadOne)
                  0000c71c    00000020     driverlib.lib : sysctl.obj (.text:_SysCtlMemTimingGet)
                  0000c73c    0000001c     rtsv7M4_T_le_v4SPD16_eabi.lib : memccpy.obj (.text)
                  0000c758    0000001a     sensorlib.lib : i2cm_drv.obj (.text:I2CMStateReadWait)
                  0000c772    00000006     driverlib.lib : gpio.obj (.text:GPIOPinWrite)
                  0000c778    0000001a     tm4c1294ncpdt_startup_ccs.obj (.text)
                  0000c792    00000018     sensorlib.lib : tmp006.obj (.text:TMP006DataTemperatureGetRaw)
                  0000c7aa    00000018     driverlib.lib : timer.obj (.text:TimerIntRegister)
                  0000c7c2    00000002     --HOLE-- [fill = 0]
                  0000c7c4    00000018     rtsv7M4_T_le_v4SPD16_eabi.lib : args_main.obj (.text)
                  0000c7dc    00000016     sensorlib.lib : sht21.obj (.text:SHT21Callback)
                  0000c7f2    00000016     rtsv7M4_T_le_v4SPD16_eabi.lib : strchr.obj (.text)
                  0000c808    00000014                                   : _lock.obj (.text)
                  0000c81c    00000014                                   : strlen.obj (.text)
                  0000c830    00000012     driverlib.lib : gpio.obj (.text:GPIOPinTypeEthernetLED)
                  0000c842    00000012                   : gpio.obj (.text:GPIOPinTypeGPIOInput)
                  0000c854    00000012                   : gpio.obj (.text:GPIOPinTypeI2CSCL)
                  0000c866    00000012                   : gpio.obj (.text:GPIOPinTypeSSI)
                  0000c878    00000012                   : ssi.obj (.text:SSIDataGetNonBlocking)
                  0000c88a    00000002     --HOLE-- [fill = 0]
                  0000c88c    00000010                   : fpu.obj (.text:FPUEnable)
                  0000c89c    00000010                   : fpu.obj (.text:FPULazyStackingEnable)
                  0000c8ac    00000010                   : interrupt.obj (.text:IntMasterEnable)
                  0000c8bc    00000010                   : sysctl.obj (.text:SysCtlReset)
                  0000c8cc    0000000e                   : gpio.obj (.text:GPIOIntDisable)
                  0000c8da    0000000e                   : gpio.obj (.text:GPIOIntStatus)
                  0000c8e8    0000000e                   : ssi.obj (.text:SSIDataPutNonBlocking)
                  0000c8f6    0000000e     rtsv7M4_T_le_v4SPD16_eabi.lib : copy_decompress_none.obj (.text:decompress:none)
                  0000c904    0000000c     driverlib.lib : cpu.obj (.text:CPUcpsie)
                  0000c910    0000000c                   : gpio.obj (.text:GPIOIntEnable)
                  0000c91c    0000000c                   : interrupt.obj (.text:IntTrigger)
                  0000c928    0000000c     sensorlib.lib : sht21.obj (.text:SHT21DataHumidityGetRaw)
                  0000c934    0000000c                   : sht21.obj (.text:SHT21DataTemperatureGetRaw)
                  0000c940    0000000c     rtsv7M4_T_le_v4SPD16_eabi.lib : copy_zero_init.obj (.text:decompress:ZI)
                  0000c94c    0000000a     driverlib.lib : i2c.obj (.text:I2CMasterEnable)
                  0000c956    0000000a                   : ssi.obj (.text:SSIEnable)
                  0000c960    00000008                   : i2c.obj (.text:I2CMasterIntClear)
                  0000c968    00000008                   : i2c.obj (.text:I2CMasterIntEnableEx)
                  0000c970    00000008                   : i2c.obj (.text:I2CMasterSlaveAddrSet)
                  0000c978    00000008                   : ssi.obj (.text:SSIBusy)
                  0000c980    00000006                   : sysctl.obj (.text:SysCtlDelay)
                  0000c986    00000006     rtsv7M4_T_le_v4SPD16_eabi.lib : copy_decompress_rle.obj (.text:decompress:rle24)

.const     0    0000c98c    0000085c     
                  0000c98c    00000120     driverlib.lib : sysctl.obj (.const:g_pppui32XTALtoVCO)
                  0000caac    00000101     rtsv7M4_T_le_v4SPD16_eabi.lib : ctype.obj (.const:.string:_ctypes_)
                  0000cbad    000000c3     exosite.obj (.const:.string)
                  0000cc70    00000090     driverlib.lib : gpio.obj (.const:g_pui32GPIOBaseAddrs)
                  0000cd00    00000070                   : interrupt.obj (.const)
                  0000cd70    0000006c                   : sysctl.obj (.const:g_pui32Xtals)
                  0000cddc    00000060                   : timer.obj (.const:g_ppui32TimerIntMap)
                  0000ce3c    00000054     main.obj (.const)
                  0000ce90    00000040     driverlib.lib : timer.obj (.const:g_ppui32TimerIntMapSnowflake)
                  0000ced0    0000003f     exosite.obj (.const:.string:STR_CONTENT)
                  0000cf0f    00000001     --HOLE-- [fill = 0]
                  0000cf10    0000003c     driver.obj (.const:OpcodeTranslateTable)
                  0000cf4c    0000003c     wlan.obj (.const)
                  0000cf88    00000039     exosite.obj (.const:.string:STR_ACCEPT)
                  0000cfc1    00000003     --HOLE-- [fill = 0]
                  0000cfc4    00000038     driver.obj (.const:_SlActionLookupTable)
                  0000cffc    00000034     socket.obj (.const)
                  0000d030    00000030     driver.obj (.const)
                  0000d060    00000030     driverlib.lib : sysctl.obj (.const:g_sXTALtoMEMTIM)
                  0000d090    0000002e     exosite.obj (.const:.string:STR_CONTENT_JSON)
                  0000d0be    00000002     --HOLE-- [fill = 0]
                  0000d0c0    0000002c     main.obj (.const:$P$T0$1)
                  0000d0ec    0000002c     fs.obj (.const)
                  0000d118    00000028     exosite.obj (.const:.string:STR_ACCEPT_JSON)
                  0000d140    00000028     netapp.obj (.const)
                  0000d168    00000028     uartstdio.obj (.const)
                  0000d190    0000001c     device.obj (.const)
                  0000d1ac    00000012     uartstdio.obj (.const:.string)
                  0000d1be    00000010     socket.obj (.const:.string)
                  0000d1ce    0000000a     cloud_demo.obj (.const:.string)
                  0000d1d8    00000008     driverlib.lib : sysctl.obj (.const)
                  0000d1e0    00000008     netcfg.obj (.const)

.cinit     0    0000d1e8    000000b8     
                  0000d1e8    00000081     (.cinit..data.load) [load image, compression = rle]
                  0000d269    00000003     --HOLE-- [fill = 0]
                  0000d26c    0000000c     (__TI_handler_table)
                  0000d278    00000008     (.cinit..bss.load) [load image, compression = zero_init]
                  0000d280    00000008     (.cinit..vtable.load) [load image, compression = zero_init]
                  0000d288    00000018     (__TI_cinit_table)

.init_array 
*          0    00000000    00000000     UNINITIALIZED

.vtable    0    20000000    0000026c     UNINITIALIZED
                  20000000    0000026c     driverlib.lib : interrupt.obj (.vtable)

.stack     0    2000026c    00001000     UNINITIALIZED
                  2000026c    00001000     --HOLE--

.bss       0    2000126c    00000c10     UNINITIALIZED
                  2000126c    00000400     uartstdio.obj (.bss:g_pcUARTTxBuffer)
                  2000166c    00000200     exosite_pal.obj (.bss:exoPal_rxBuffer)
                  2000186c    00000200     cloud_demo.obj (.bss:post_str)
                  20001a6c    00000168     driver.obj (.bss:g_StatMem)
                  20001bd4    00000124     main.obj (.bss:g_sI2CInst)
                  20001cf8    00000080     uartstdio.obj (.bss:g_pcUARTRxBuffer)
                  20001d78    00000044     main.obj (.bss:g_sBMP180Inst)
                  20001dbc    00000030     main.obj (.bss:g_sTMP006Inst)
                  20001dec    0000002c     main.obj (.bss:g_sSHT21Inst)
                  20001e18    00000028     exosite.obj (.bss:uuidBuffer)
                  20001e40    00000014     (.common:modelBuffer)
                  20001e54    00000014     (.common:vendorBuffer)
                  20001e68    00000004     (.common:g_SysClock)
                  20001e6c    00000004     (.common:g_ui32PortNum)
                  20001e70    00000004     (.common:g_vui8DataFlag)
                  20001e74    00000004     (.common:g_vui8ErrorFlag)
                  20001e78    00000001     (.common:IntIsMasked)
                  20001e79    00000001     (.common:RxIrqCnt)
                  20001e7a    00000001     (.common:g_bDeviceRestartIsRequired)
                  20001e7b    00000001     (.common:g_bDisableEcho)

.TI.noinit 
*          0    2000126c    00000000     UNINITIALIZED

.data      0    20001e80    00000204     UNINITIALIZED
                  20001e80    000000b0     rtsv7M4_T_le_v4SPD16_eabi.lib : signal.obj (.data:sigtable)
                  20001f30    00000080                                   : xvalues.obj (.data)
                  20001fb0    0000003c     nonos.obj (.data:g__SlNonOsCB)
                  20001fec    00000028     exosite.obj (.data:cikBuffer)
                  20002014    00000015     uartstdio.obj (.data)
                  20002029    00000003     buttons.obj (.data)
                  2000202c    00000012     main.obj (.data)
                  2000203e    00000002     exosite.obj (.data)
                  20002040    0000000c     cloud_demo.obj (.data)
                  2000204c    00000009     driver.obj (.data)
                  20002055    00000003     --HOLE--
                  20002058    00000008     exosite_pal.obj (.data)
                  20002060    00000008     rtsv7M4_T_le_v4SPD16_eabi.lib : _lock.obj (.data)
                  20002068    00000008                                   : exit.obj (.data)
                  20002070    00000008                                   : feraiseexcept.obj (.data)
                  20002078    00000004     board.obj (.data)
                  2000207c    00000004     rtsv7M4_T_le_v4SPD16_eabi.lib : errno.obj (.data)
                  20002080    00000004                                   : stkdepth_vars.obj (.data)

.TI.persistent 
*          0    20001e80    00000000     UNINITIALIZED


LINKER GENERATED COPY TABLES

__TI_cinit_table @ 0000d288 records: 3, size/record: 8, table size: 24
	.data: load addr=0000d1e8, load size=00000081 bytes, run addr=20001e80, run size=00000204 bytes, compression=rle
	.bss: load addr=0000d278, load size=00000008 bytes, run addr=2000126c, run size=00000c10 bytes, compression=zero_init
	.vtable: load addr=0000d280, load size=00000008 bytes, run addr=20000000, run size=0000026c bytes, compression=zero_init


LINKER GENERATED HANDLER TABLE

__TI_handler_table @ 0000d26c records: 3, size/record: 4, table size: 12
	index: 0, handler: __TI_zero_init
	index: 1, handler: __TI_decompress_rle24
	index: 2, handler: __TI_decompress_none


GLOBAL SYMBOLS: SORTED ALPHABETICALLY BY Name 

address   name                                  
-------   ----                                  
00004021  BMP180AppCallback                     
0000a079  BMP180DataPressureGetFloat            
0000bb5d  BMP180DataRead                        
0000b449  BMP180DataTemperatureGetFloat         
0000bcb9  BMP180Init                            
0000acf1  ButtonsInit                           
0000ac49  ButtonsPoll                           
0000c26d  C$$EXIT                               
0000afb9  CC3100_InterruptDisable               
0000afa9  CC3100_InterruptEnable                
0000af79  CC3100_disable                        
0000af91  CC3100_enable                         
0000c905  CPUcpsie                              
00007df1  Cloud_Read                            
00004e39  Exosite_StatusCode                    
0000c88d  FPUEnable                             
0000c89d  FPULazyStackingEnable                 
0000c659  GPIODirModeSet                        
0000a5fb  GPIOIntClear                          
0000c8cd  GPIOIntDisable                        
0000c911  GPIOIntEnable                         
0000c8db  GPIOIntStatus                         
0000bc0d  GPIOIntTypeSet                        
0000afe1  GPIOM_intHandler                      
0000aa03  GPIOPadConfigSet                      
0000c109  GPIOPinConfigure                      
0000af3b  GPIOPinRead                           
0000c831  GPIOPinTypeEthernetLED                
0000c843  GPIOPinTypeGPIOInput                  
0000c855  GPIOPinTypeI2CSCL                     
0000c867  GPIOPinTypeSSI                        
0000c773  GPIOPinWrite                          
0000b2b5  I2CMCommand                           
0000c467  I2CMInit                              
0000ae49  I2CMIntHandler                        
0000b549  I2CMReadModifyWrite16LE               
0000c56d  I2CMTransferResume                    
0000bd0d  I2CMWrite8                            
00004e1d  I2CMasterControl                      
00005b1d  I2CMasterDataGet                      
000067fd  I2CMasterDataPut                      
0000c94d  I2CMasterEnable                       
0000bea9  I2CMasterInitExpClk                   
0000c961  I2CMasterIntClear                     
0000c969  I2CMasterIntEnableEx                  
0000c971  I2CMasterSlaveAddrSet                 
0000b7e1  IntDisable                            
0000b849  IntEnable                             
00004099  IntHandlerGPIOPortH                   
0000b919  IntIsEnabled                          
20001e78  IntIsMasked                           
0000c8ad  IntMasterEnable                       
0000c49d  IntRegister                           
0000c91d  IntTrigger                            
00009779  LEDRead                               
000096d1  LEDWrite                              
0000afc9  MaskIntHdlr                           
0000cf10  OpcodeTranslateTable                  
000094d1  PinoutSet                             
00007e91  Report_Sensors                        
0000c779  ResetISR                              
20001e79  RxIrqCnt                              
UNDEFED   SHT$$INIT_ARRAY$$Base                 
UNDEFED   SHT$$INIT_ARRAY$$Limit                
00004039  SHT21AppCallback                      
00004cb1  SHT21AppI2CWait                       
0000b5bd  SHT21DataHumidityGetFloat             
0000c929  SHT21DataHumidityGetRaw               
0000bef5  SHT21DataRead                         
0000b97d  SHT21DataTemperatureGetFloat          
0000c935  SHT21DataTemperatureGetRaw            
0000bf41  SHT21Init                             
0000bf8d  SHT21Write                            
00003f89  SL_FD_CLR                             
00003fb1  SL_FD_ISSET                           
00003f61  SL_FD_SET                             
00003fd9  SL_FD_ZERO                            
0000c979  SSIBusy                               
0000c3f3  SSIConfigSetExpClk                    
0000c879  SSIDataGetNonBlocking                 
0000c8e9  SSIDataPutNonBlocking                 
0000c957  SSIEnable                             
00007d99  SW1_Pressed                           
00007db9  SW2_Pressed                           
00004231  SimpleLinkGeneralEventHandler         
000041d1  SimpleLinkHttpServerCallback          
00004189  SimpleLinkNetAppEventHandler          
00004249  SimpleLinkSockEventHandler            
00004111  SimpleLinkWlanEventHandler            
00007dd9  Status_Indicate                       
00009a89  SysCtlClockFreqSet                    
0000c981  SysCtlDelay                           
0000c4d1  SysCtlPeripheralEnable                
0000c8bd  SysCtlReset                           
00004001  TMP006AppCallback                     
00004059  TMP006AppErrorHandler                 
0000bd61  TMP006DataRead                        
0000a261  TMP006DataTemperatureGetFloat         
0000c793  TMP006DataTemperatureGetRaw           
00004089  TMP006I2CIntHandler                   
0000bbb5  TMP006Init                            
0000ba3d  TMP006ReadModifyWrite                 
000040c1  Timer1BaseIntHandler                  
0000c7ab  TimerIntRegister                      
00007b79  UARTEchoSet                           
00007b11  UARTFlushRx                           
00007b39  UARTFlushTx                           
00007ab1  UARTPeek                              
00007a89  UARTRxBytesAvail                      
0000afd9  UARTRxTxHandler                       
000074c9  UARTStdioConfig                       
00007bb1  UARTStdioIntHandler                   
00007a99  UARTTxBytesFree                       
000076b9  UARTgetc                              
00007631  UARTgets                              
00007a61  UARTprintf                            
00007729  UARTvprintf                           
00007581  UARTwrite                             
0000afd1  UnMaskIntHdlr                         
0000c59d  _Dclass                               
20001f30  _Denorm                               
0000b02d  _Dnorm                                
0000ab35  _Dscale                               
0000b8b1  _Dunscale                             
20001f40  _Eps                                  
2000207c  _Errno                                
20002070  _Fenv                                 
0000c5cd  _Feraise                              
20001f50  _Hugeval                              
20001f60  _Inf                                  
20001f70  _Nan                                  
20001f90  _Rteps                                
0000cfc4  _SlActionLookupTable                  
00001fa1  _SlDriverHandleError                  
00001759  _SlDrvBasicCmd                        
00000591  _SlDrvCmdOp                           
000017b1  _SlDrvCmdSend                         
00000659  _SlDrvDataReadOp                      
00000871  _SlDrvDataWriteOp                     
00008ab1  _SlDrvDeviceEventHandler              
00001df1  _SlDrvDispatchHttpServerEvents        
00000411  _SlDrvDriverCBDeinit                  
00000251  _SlDrvDriverCBInit                    
00001ee1  _SlDrvGlobalObjUnLock                 
00001f09  _SlDrvMemZero                         
00001381  _SlDrvMsgReadSpawnCtx                 
00007281  _SlDrvNetAppEventHandler              
00001e21  _SlDrvObjLockWaitForever              
00001e71  _SlDrvObjUnLock                       
00000209  _SlDrvProtectAsyncRespSetting         
00001e49  _SlDrvProtectionObjLockWaitForever    
00001e91  _SlDrvProtectionObjUnLock             
000019c9  _SlDrvReleasePoolObj                  
00001f21  _SlDrvResetCmdExt                     
00000549  _SlDrvRxIrqHandler                    
00001e01  _SlDrvSyncObjSignal                   
00001f31  _SlDrvSyncObjWaitForever              
00001f59  _SlDrvSyncObjWaitTimeout              
00001829  _SlDrvWaitForPoolObj                  
0000d15c  _SlNetAppSendTokenValueCmdCtrl        
0000a701  _SlNonOsMainLoopTask                  
0000a619  _SlNonOsSemGet                        
0000a601  _SlNonOsSemSet                        
0000a699  _SlNonOsSpawn                         
20001f80  _Snan                                 
20002074  _Tls_setup__Fenv                      
20001fa0  _Xbig                                 
20001fa8  _Zero                                 
2000126c  __STACK_END                           
00001000  __STACK_SIZE                          
2000046c  __STACK_TOP                           
0000d288  __TI_CINIT_Base                       
0000d2a0  __TI_CINIT_Limit                      
0000d26c  __TI_Handler_Table_Base               
0000d278  __TI_Handler_Table_Limit              
0000b709  __TI_auto_init                        
20002068  __TI_cleanup_ptr                      
0000c8f7  __TI_decompress_none                  
0000c987  __TI_decompress_rle24                 
2000206c  __TI_dtors_ptr                        
00002e11  __TI_printfi                          
00000000  __TI_static_base__                    
0000c941  __TI_zero_init                        
0000b33d  __aeabi_cdcmpeq                       
0000b33d  __aeabi_cdcmple                       
0000b3c3  __aeabi_cdrcmple                      
0000b62d  __aeabi_d2f                           
0000c1e1  __aeabi_d2iz                          
0000a44f  __aeabi_dadd                          
0000a8cd  __aeabi_ddiv                          
0000ad4d  __aeabi_dmul                          
0000a445  __aeabi_dsub                          
0000c42f  __aeabi_f2d                           
0000c5fd  __aeabi_i2d                           
00003117  __aeabi_idiv0                         
0000b4cd  __aeabi_memclr                        
0000b4cd  __aeabi_memclr4                       
0000b4cd  __aeabi_memclr8                       
0000b0eb  __aeabi_memcpy                        
0000b0eb  __aeabi_memcpy4                       
0000b0eb  __aeabi_memcpy8                       
0000b4cf  __aeabi_memset                        
0000b4cf  __aeabi_memset4                       
0000b4cf  __aeabi_memset8                       
0000c375  __aeabi_uidiv                         
0000c375  __aeabi_uidivmod                      
00009e85  __aeabi_uldivmod                      
ffffffff  __binit__                             
ffffffff  __c_args__                            
2000026c  __stack                               
0000c7c5  _args_main                            
0000be59  _c_int00                              
0000caac  _ctypes_                              
20002060  _lock                                 
0000c817  _nop                                  
0000c80f  _register_lock                        
0000c809  _register_unlock                      
00008ba9  _sl_GetCreateFsMode                   
00003b81  _sl_HandleAsync_Accept                
00003749  _sl_HandleAsync_Connect               
00006ca9  _sl_HandleAsync_DnsGetHostByAddr      
00006de9  _sl_HandleAsync_DnsGetHostByName      
00006be1  _sl_HandleAsync_DnsGetHostByService   
00008721  _sl_HandleAsync_InitComplete          
00006ec1  _sl_HandleAsync_PingResponse          
00003be9  _sl_HandleAsync_Select                
000087a1  _sl_HandleAsync_Stop                  
00007171  _sl_NetAppSendTokenValue              
000031a9  _sl_ParseAddress                      
0000739d  _system_pre_init                      
20002064  _unlock                               
0000c271  abort                                 
0000c025  atoi                                  
ffffffff  binit                                 
00007d49  blinky_led1                           
00007eb9  cloud_demo                            
0000c071  copy_in                               
0000c279  exit                                  
00009091  exoPal_GetHostIP                      
00009471  exoPal_atoi                           
00009259  exoPal_getCik                         
000092e1  exoPal_getModel                       
00009319  exoPal_getUuid                        
000092f9  exoPal_getVendor                      
000090c9  exoPal_init                           
00009401  exoPal_itoa                           
00009379  exoPal_memcpy                         
2000166c  exoPal_rxBuffer                       
000091d9  exoPal_sendingComplete                
000091e1  exoPal_setCik                         
000091a1  exoPal_socketRead                     
00009161  exoPal_socketWrite                    
00009399  exoPal_strlen                         
00009481  exoPal_strstr                         
000090b9  exoPal_tcpSocketClose                 
000090d1  exoPal_tcpSocketOpen                  
00004eb1  exosite_activate                      
00005099  exosite_getBody                       
000051c9  exosite_getCIK                        
00005849  exosite_getTimestamp                  
00004e41  exosite_init                          
00005131  exosite_isCIKValid                    
00005911  exosite_rawRpcRequest                 
00005391  exosite_read                          
000055a1  exosite_readSingle                    
00004e21  exosite_resetCik                      
000051a9  exosite_setCIK                        
00005211  exosite_write                         
0000c505  feraiseexcept                         
0000c6ad  frexp                                 
20002034  g_GatewayIP                           
20002030  g_PingPacketsRecv                     
2000202c  g_Status                              
20001e68  g_SysClock                            
20001fb0  g__SlNonOsCB                          
20001e7a  g_bDeviceRestartIsRequired            
2000204c  g_pCB                                 
20000000  g_pfnRAMVectors                       
00000000  g_pfnVectors                          
20001d78  g_sBMP180Inst                         
20001bd4  g_sI2CInst                            
20001dec  g_sSHT21Inst                          
20001dbc  g_sTMP006Inst                         
20001e70  g_vui8DataFlag                        
20001e74  g_vui8ErrorFlag                       
0000af41  initClk                               
0000bdb5  ldexp                                 
0000bc63  ltoa                                  
00004451  main                                  
20002080  main_func_sp                          
0000c73d  memccpy                               
0000b0eb  memcpy                                
0000b4d5  memset                                
20002078  pIrqEventHandler                      
20002050  pPingCallBackFunc                     
20002048  post_len                              
2000186c  post_str                              
0000c62b  raise                                 
00008221  readBmp180Data                        
000083d9  readSht21Data                         
00007fb1  readTmp006Data                        
0000af61  registerInterruptHandler              
000093a9  reverse                               
0000c335  signal                                
00003939  sl_Accept                             
000032b9  sl_Bind                               
00003279  sl_Close                              
000035d1  sl_Connect                            
00008979  sl_DevGet                             
00008a31  sl_DevSet                             
00008921  sl_EventMaskGet                       
000088d1  sl_EventMaskSet                       
00008cd1  sl_FsClose                            
00009021  sl_FsDel                              
00008f89  sl_FsGetInfo                          
00008c49  sl_FsOpen                             
00008d69  sl_FsRead                             
00008e79  sl_FsWrite                            
00003d41  sl_GetSockOpt                         
00003af9  sl_Htonl                              
00003b41  sl_Htons                              
000038e9  sl_Listen                             
00006cb9  sl_NetAppDnsGetHostByName             
00006ae1  sl_NetAppDnsGetHostByService          
000071e1  sl_NetAppGet                          
00006879  sl_NetAppGetServiceList               
00006a39  sl_NetAppMDNSRegisterService          
00006969  sl_NetAppMDNSRegisterUnregisterService
00006a89  sl_NetAppMDNSUnRegisterService        
00006f51  sl_NetAppPingStart                    
000070f1  sl_NetAppSet                          
00006801  sl_NetAppStart                        
00006839  sl_NetAppStop                         
0000a801  sl_NetCfgGet                          
0000a781  sl_NetCfgSet                          
00003c41  sl_Recv                               
00003499  sl_RecvFrom                           
00003df9  sl_Select                             
000037c9  sl_Send                               
00003359  sl_SendTo                             
00003cc9  sl_SetSockOpt                         
00003209  sl_Socket                             
00008649  sl_Start                              
000087f1  sl_Stop                               
00008641  sl_Task                               
00005b21  sl_WlanConnect                        
00005da1  sl_WlanDisconnect                     
00006731  sl_WlanGet                            
000062f9  sl_WlanGetNetworkList                 
00005e39  sl_WlanPolicyGet                      
00005dc1  sl_WlanPolicySet                      
00005ef1  sl_WlanProfileAdd                     
000062b9  sl_WlanProfileDel                     
000061b9  sl_WlanProfileGet                     
00006389  sl_WlanRxFilterAdd                    
00006471  sl_WlanRxFilterGet                    
00006409  sl_WlanRxFilterSet                    
00006541  sl_WlanRxStatGet                      
00006501  sl_WlanRxStatStart                    
00006521  sl_WlanRxStatStop                     
000066a9  sl_WlanSet                            
00006661  sl_WlanSetMode                        
000065b9  sl_WlanSmartConfigStart               
00006591  sl_WlanSmartConfigStop                
0000b221  snprintf                              
00009849  spi_Close                             
00009859  spi_Open                              
000099d1  spi_Read                              
00009961  spi_Write                             
0000ba9d  sprintf                               
0000c6d9  sqrtf                                 
0000af59  stopWDT                               
0000c7f3  strchr                                
0000c81d  strlen                                
0000c539  strstr                                
20002040  sw1_button_on                         
20002044  sw2_button_on                         
20002038  ui32SysClock                          
2000203c  ui8Buttons                            
2000203d  ui8ButtonsChanged                     


GLOBAL SYMBOLS: SORTED BY Symbol Address 

address   name                                  
-------   ----                                  
00000000  __TI_static_base__                    
00000000  g_pfnVectors                          
00000209  _SlDrvProtectAsyncRespSetting         
00000251  _SlDrvDriverCBInit                    
00000411  _SlDrvDriverCBDeinit                  
00000549  _SlDrvRxIrqHandler                    
00000591  _SlDrvCmdOp                           
00000659  _SlDrvDataReadOp                      
00000871  _SlDrvDataWriteOp                     
00001000  __STACK_SIZE                          
00001381  _SlDrvMsgReadSpawnCtx                 
00001759  _SlDrvBasicCmd                        
000017b1  _SlDrvCmdSend                         
00001829  _SlDrvWaitForPoolObj                  
000019c9  _SlDrvReleasePoolObj                  
00001df1  _SlDrvDispatchHttpServerEvents        
00001e01  _SlDrvSyncObjSignal                   
00001e21  _SlDrvObjLockWaitForever              
00001e49  _SlDrvProtectionObjLockWaitForever    
00001e71  _SlDrvObjUnLock                       
00001e91  _SlDrvProtectionObjUnLock             
00001ee1  _SlDrvGlobalObjUnLock                 
00001f09  _SlDrvMemZero                         
00001f21  _SlDrvResetCmdExt                     
00001f31  _SlDrvSyncObjWaitForever              
00001f59  _SlDrvSyncObjWaitTimeout              
00001fa1  _SlDriverHandleError                  
00002e11  __TI_printfi                          
00003117  __aeabi_idiv0                         
000031a9  _sl_ParseAddress                      
00003209  sl_Socket                             
00003279  sl_Close                              
000032b9  sl_Bind                               
00003359  sl_SendTo                             
00003499  sl_RecvFrom                           
000035d1  sl_Connect                            
00003749  _sl_HandleAsync_Connect               
000037c9  sl_Send                               
000038e9  sl_Listen                             
00003939  sl_Accept                             
00003af9  sl_Htonl                              
00003b41  sl_Htons                              
00003b81  _sl_HandleAsync_Accept                
00003be9  _sl_HandleAsync_Select                
00003c41  sl_Recv                               
00003cc9  sl_SetSockOpt                         
00003d41  sl_GetSockOpt                         
00003df9  sl_Select                             
00003f61  SL_FD_SET                             
00003f89  SL_FD_CLR                             
00003fb1  SL_FD_ISSET                           
00003fd9  SL_FD_ZERO                            
00004001  TMP006AppCallback                     
00004021  BMP180AppCallback                     
00004039  SHT21AppCallback                      
00004059  TMP006AppErrorHandler                 
00004089  TMP006I2CIntHandler                   
00004099  IntHandlerGPIOPortH                   
000040c1  Timer1BaseIntHandler                  
00004111  SimpleLinkWlanEventHandler            
00004189  SimpleLinkNetAppEventHandler          
000041d1  SimpleLinkHttpServerCallback          
00004231  SimpleLinkGeneralEventHandler         
00004249  SimpleLinkSockEventHandler            
00004451  main                                  
00004cb1  SHT21AppI2CWait                       
00004e1d  I2CMasterControl                      
00004e21  exosite_resetCik                      
00004e39  Exosite_StatusCode                    
00004e41  exosite_init                          
00004eb1  exosite_activate                      
00005099  exosite_getBody                       
00005131  exosite_isCIKValid                    
000051a9  exosite_setCIK                        
000051c9  exosite_getCIK                        
00005211  exosite_write                         
00005391  exosite_read                          
000055a1  exosite_readSingle                    
00005849  exosite_getTimestamp                  
00005911  exosite_rawRpcRequest                 
00005b1d  I2CMasterDataGet                      
00005b21  sl_WlanConnect                        
00005da1  sl_WlanDisconnect                     
00005dc1  sl_WlanPolicySet                      
00005e39  sl_WlanPolicyGet                      
00005ef1  sl_WlanProfileAdd                     
000061b9  sl_WlanProfileGet                     
000062b9  sl_WlanProfileDel                     
000062f9  sl_WlanGetNetworkList                 
00006389  sl_WlanRxFilterAdd                    
00006409  sl_WlanRxFilterSet                    
00006471  sl_WlanRxFilterGet                    
00006501  sl_WlanRxStatStart                    
00006521  sl_WlanRxStatStop                     
00006541  sl_WlanRxStatGet                      
00006591  sl_WlanSmartConfigStop                
000065b9  sl_WlanSmartConfigStart               
00006661  sl_WlanSetMode                        
000066a9  sl_WlanSet                            
00006731  sl_WlanGet                            
000067fd  I2CMasterDataPut                      
00006801  sl_NetAppStart                        
00006839  sl_NetAppStop                         
00006879  sl_NetAppGetServiceList               
00006969  sl_NetAppMDNSRegisterUnregisterService
00006a39  sl_NetAppMDNSRegisterService          
00006a89  sl_NetAppMDNSUnRegisterService        
00006ae1  sl_NetAppDnsGetHostByService          
00006be1  _sl_HandleAsync_DnsGetHostByService   
00006ca9  _sl_HandleAsync_DnsGetHostByAddr      
00006cb9  sl_NetAppDnsGetHostByName             
00006de9  _sl_HandleAsync_DnsGetHostByName      
00006ec1  _sl_HandleAsync_PingResponse          
00006f51  sl_NetAppPingStart                    
000070f1  sl_NetAppSet                          
00007171  _sl_NetAppSendTokenValue              
000071e1  sl_NetAppGet                          
00007281  _SlDrvNetAppEventHandler              
0000739d  _system_pre_init                      
000074c9  UARTStdioConfig                       
00007581  UARTwrite                             
00007631  UARTgets                              
000076b9  UARTgetc                              
00007729  UARTvprintf                           
00007a61  UARTprintf                            
00007a89  UARTRxBytesAvail                      
00007a99  UARTTxBytesFree                       
00007ab1  UARTPeek                              
00007b11  UARTFlushRx                           
00007b39  UARTFlushTx                           
00007b79  UARTEchoSet                           
00007bb1  UARTStdioIntHandler                   
00007d49  blinky_led1                           
00007d99  SW1_Pressed                           
00007db9  SW2_Pressed                           
00007dd9  Status_Indicate                       
00007df1  Cloud_Read                            
00007e91  Report_Sensors                        
00007eb9  cloud_demo                            
00007fb1  readTmp006Data                        
00008221  readBmp180Data                        
000083d9  readSht21Data                         
00008641  sl_Task                               
00008649  sl_Start                              
00008721  _sl_HandleAsync_InitComplete          
000087a1  _sl_HandleAsync_Stop                  
000087f1  sl_Stop                               
000088d1  sl_EventMaskSet                       
00008921  sl_EventMaskGet                       
00008979  sl_DevGet                             
00008a31  sl_DevSet                             
00008ab1  _SlDrvDeviceEventHandler              
00008ba9  _sl_GetCreateFsMode                   
00008c49  sl_FsOpen                             
00008cd1  sl_FsClose                            
00008d69  sl_FsRead                             
00008e79  sl_FsWrite                            
00008f89  sl_FsGetInfo                          
00009021  sl_FsDel                              
00009091  exoPal_GetHostIP                      
000090b9  exoPal_tcpSocketClose                 
000090c9  exoPal_init                           
000090d1  exoPal_tcpSocketOpen                  
00009161  exoPal_socketWrite                    
000091a1  exoPal_socketRead                     
000091d9  exoPal_sendingComplete                
000091e1  exoPal_setCik                         
00009259  exoPal_getCik                         
000092e1  exoPal_getModel                       
000092f9  exoPal_getVendor                      
00009319  exoPal_getUuid                        
00009379  exoPal_memcpy                         
00009399  exoPal_strlen                         
000093a9  reverse                               
00009401  exoPal_itoa                           
00009471  exoPal_atoi                           
00009481  exoPal_strstr                         
000094d1  PinoutSet                             
000096d1  LEDWrite                              
00009779  LEDRead                               
00009849  spi_Close                             
00009859  spi_Open                              
00009961  spi_Write                             
000099d1  spi_Read                              
00009a89  SysCtlClockFreqSet                    
00009e85  __aeabi_uldivmod                      
0000a079  BMP180DataPressureGetFloat            
0000a261  TMP006DataTemperatureGetFloat         
0000a445  __aeabi_dsub                          
0000a44f  __aeabi_dadd                          
0000a5fb  GPIOIntClear                          
0000a601  _SlNonOsSemSet                        
0000a619  _SlNonOsSemGet                        
0000a699  _SlNonOsSpawn                         
0000a701  _SlNonOsMainLoopTask                  
0000a781  sl_NetCfgSet                          
0000a801  sl_NetCfgGet                          
0000a8cd  __aeabi_ddiv                          
0000aa03  GPIOPadConfigSet                      
0000ab35  _Dscale                               
0000ac49  ButtonsPoll                           
0000acf1  ButtonsInit                           
0000ad4d  __aeabi_dmul                          
0000ae49  I2CMIntHandler                        
0000af3b  GPIOPinRead                           
0000af41  initClk                               
0000af59  stopWDT                               
0000af61  registerInterruptHandler              
0000af79  CC3100_disable                        
0000af91  CC3100_enable                         
0000afa9  CC3100_InterruptEnable                
0000afb9  CC3100_InterruptDisable               
0000afc9  MaskIntHdlr                           
0000afd1  UnMaskIntHdlr                         
0000afd9  UARTRxTxHandler                       
0000afe1  GPIOM_intHandler                      
0000b02d  _Dnorm                                
0000b0eb  __aeabi_memcpy                        
0000b0eb  __aeabi_memcpy4                       
0000b0eb  __aeabi_memcpy8                       
0000b0eb  memcpy                                
0000b221  snprintf                              
0000b2b5  I2CMCommand                           
0000b33d  __aeabi_cdcmpeq                       
0000b33d  __aeabi_cdcmple                       
0000b3c3  __aeabi_cdrcmple                      
0000b449  BMP180DataTemperatureGetFloat         
0000b4cd  __aeabi_memclr                        
0000b4cd  __aeabi_memclr4                       
0000b4cd  __aeabi_memclr8                       
0000b4cf  __aeabi_memset                        
0000b4cf  __aeabi_memset4                       
0000b4cf  __aeabi_memset8                       
0000b4d5  memset                                
0000b549  I2CMReadModifyWrite16LE               
0000b5bd  SHT21DataHumidityGetFloat             
0000b62d  __aeabi_d2f                           
0000b709  __TI_auto_init                        
0000b7e1  IntDisable                            
0000b849  IntEnable                             
0000b8b1  _Dunscale                             
0000b919  IntIsEnabled                          
0000b97d  SHT21DataTemperatureGetFloat          
0000ba3d  TMP006ReadModifyWrite                 
0000ba9d  sprintf                               
0000bb5d  BMP180DataRead                        
0000bbb5  TMP006Init                            
0000bc0d  GPIOIntTypeSet                        
0000bc63  ltoa                                  
0000bcb9  BMP180Init                            
0000bd0d  I2CMWrite8                            
0000bd61  TMP006DataRead                        
0000bdb5  ldexp                                 
0000be59  _c_int00                              
0000bea9  I2CMasterInitExpClk                   
0000bef5  SHT21DataRead                         
0000bf41  SHT21Init                             
0000bf8d  SHT21Write                            
0000c025  atoi                                  
0000c071  copy_in                               
0000c109  GPIOPinConfigure                      
0000c1e1  __aeabi_d2iz                          
0000c26d  C$$EXIT                               
0000c271  abort                                 
0000c279  exit                                  
0000c335  signal                                
0000c375  __aeabi_uidiv                         
0000c375  __aeabi_uidivmod                      
0000c3f3  SSIConfigSetExpClk                    
0000c42f  __aeabi_f2d                           
0000c467  I2CMInit                              
0000c49d  IntRegister                           
0000c4d1  SysCtlPeripheralEnable                
0000c505  feraiseexcept                         
0000c539  strstr                                
0000c56d  I2CMTransferResume                    
0000c59d  _Dclass                               
0000c5cd  _Feraise                              
0000c5fd  __aeabi_i2d                           
0000c62b  raise                                 
0000c659  GPIODirModeSet                        
0000c6ad  frexp                                 
0000c6d9  sqrtf                                 
0000c73d  memccpy                               
0000c773  GPIOPinWrite                          
0000c779  ResetISR                              
0000c793  TMP006DataTemperatureGetRaw           
0000c7ab  TimerIntRegister                      
0000c7c5  _args_main                            
0000c7f3  strchr                                
0000c809  _register_unlock                      
0000c80f  _register_lock                        
0000c817  _nop                                  
0000c81d  strlen                                
0000c831  GPIOPinTypeEthernetLED                
0000c843  GPIOPinTypeGPIOInput                  
0000c855  GPIOPinTypeI2CSCL                     
0000c867  GPIOPinTypeSSI                        
0000c879  SSIDataGetNonBlocking                 
0000c88d  FPUEnable                             
0000c89d  FPULazyStackingEnable                 
0000c8ad  IntMasterEnable                       
0000c8bd  SysCtlReset                           
0000c8cd  GPIOIntDisable                        
0000c8db  GPIOIntStatus                         
0000c8e9  SSIDataPutNonBlocking                 
0000c8f7  __TI_decompress_none                  
0000c905  CPUcpsie                              
0000c911  GPIOIntEnable                         
0000c91d  IntTrigger                            
0000c929  SHT21DataHumidityGetRaw               
0000c935  SHT21DataTemperatureGetRaw            
0000c941  __TI_zero_init                        
0000c94d  I2CMasterEnable                       
0000c957  SSIEnable                             
0000c961  I2CMasterIntClear                     
0000c969  I2CMasterIntEnableEx                  
0000c971  I2CMasterSlaveAddrSet                 
0000c979  SSIBusy                               
0000c981  SysCtlDelay                           
0000c987  __TI_decompress_rle24                 
0000caac  _ctypes_                              
0000cf10  OpcodeTranslateTable                  
0000cfc4  _SlActionLookupTable                  
0000d15c  _SlNetAppSendTokenValueCmdCtrl        
0000d26c  __TI_Handler_Table_Base               
0000d278  __TI_Handler_Table_Limit              
0000d288  __TI_CINIT_Base                       
0000d2a0  __TI_CINIT_Limit                      
20000000  g_pfnRAMVectors                       
2000026c  __stack                               
2000046c  __STACK_TOP                           
2000126c  __STACK_END                           
2000166c  exoPal_rxBuffer                       
2000186c  post_str                              
20001bd4  g_sI2CInst                            
20001d78  g_sBMP180Inst                         
20001dbc  g_sTMP006Inst                         
20001dec  g_sSHT21Inst                          
20001e68  g_SysClock                            
20001e70  g_vui8DataFlag                        
20001e74  g_vui8ErrorFlag                       
20001e78  IntIsMasked                           
20001e79  RxIrqCnt                              
20001e7a  g_bDeviceRestartIsRequired            
20001f30  _Denorm                               
20001f40  _Eps                                  
20001f50  _Hugeval                              
20001f60  _Inf                                  
20001f70  _Nan                                  
20001f80  _Snan                                 
20001f90  _Rteps                                
20001fa0  _Xbig                                 
20001fa8  _Zero                                 
20001fb0  g__SlNonOsCB                          
2000202c  g_Status                              
20002030  g_PingPacketsRecv                     
20002034  g_GatewayIP                           
20002038  ui32SysClock                          
2000203c  ui8Buttons                            
2000203d  ui8ButtonsChanged                     
20002040  sw1_button_on                         
20002044  sw2_button_on                         
20002048  post_len                              
2000204c  g_pCB                                 
20002050  pPingCallBackFunc                     
20002060  _lock                                 
20002064  _unlock                               
20002068  __TI_cleanup_ptr                      
2000206c  __TI_dtors_ptr                        
20002070  _Fenv                                 
20002074  _Tls_setup__Fenv                      
20002078  pIrqEventHandler                      
2000207c  _Errno                                
20002080  main_func_sp                          
ffffffff  __binit__                             
ffffffff  __c_args__                            
ffffffff  binit                                 
UNDEFED   SHT$$INIT_ARRAY$$Base                 
UNDEFED   SHT$$INIT_ARRAY$$Limit                

[380 symbols]
