<?xml version="1.0"?>
<link_info>
   <banner>TI ARM Linker PC v5.2.7</banner>
   <copyright>Copyright (c) 1996-2015 Texas Instruments Incorporated</copyright>
   <link_time>0x5705a894</link_time>
   <link_errors>0x0</link_errors>
   <output_file>wlan_station_exosite_write_read.out</output_file>
   <entry_point>
      <name>_c_int00</name>
      <address>0xc505</address>
   </entry_point>
   <input_file_list>
      <input_file id="fl-2">
         <path>.\</path>
         <kind>object</kind>
         <file>cloud_demo.obj</file>
         <name>cloud_demo.obj</name>
      </input_file>
      <input_file id="fl-3">
         <path>.\</path>
         <kind>object</kind>
         <file>main.obj</file>
         <name>main.obj</name>
      </input_file>
      <input_file id="fl-4">
         <path>.\</path>
         <kind>object</kind>
         <file>tm4c1294ncpdt_startup_ccs.obj</file>
         <name>tm4c1294ncpdt_startup_ccs.obj</name>
      </input_file>
      <input_file id="fl-5">
         <path>.\utils\</path>
         <kind>object</kind>
         <file>uartstdio.obj</file>
         <name>uartstdio.obj</name>
      </input_file>
      <input_file id="fl-6">
         <path>.\spi\</path>
         <kind>object</kind>
         <file>spi.obj</file>
         <name>spi.obj</name>
      </input_file>
      <input_file id="fl-7">
         <path>.\simplelink\source\</path>
         <kind>object</kind>
         <file>device.obj</file>
         <name>device.obj</name>
      </input_file>
      <input_file id="fl-8">
         <path>.\simplelink\source\</path>
         <kind>object</kind>
         <file>driver.obj</file>
         <name>driver.obj</name>
      </input_file>
      <input_file id="fl-9">
         <path>.\simplelink\source\</path>
         <kind>object</kind>
         <file>flowcont.obj</file>
         <name>flowcont.obj</name>
      </input_file>
      <input_file id="fl-a">
         <path>.\simplelink\source\</path>
         <kind>object</kind>
         <file>fs.obj</file>
         <name>fs.obj</name>
      </input_file>
      <input_file id="fl-b">
         <path>.\simplelink\source\</path>
         <kind>object</kind>
         <file>netapp.obj</file>
         <name>netapp.obj</name>
      </input_file>
      <input_file id="fl-c">
         <path>.\simplelink\source\</path>
         <kind>object</kind>
         <file>netcfg.obj</file>
         <name>netcfg.obj</name>
      </input_file>
      <input_file id="fl-d">
         <path>.\simplelink\source\</path>
         <kind>object</kind>
         <file>nonos.obj</file>
         <name>nonos.obj</name>
      </input_file>
      <input_file id="fl-e">
         <path>.\simplelink\source\</path>
         <kind>object</kind>
         <file>socket.obj</file>
         <name>socket.obj</name>
      </input_file>
      <input_file id="fl-f">
         <path>.\simplelink\source\</path>
         <kind>object</kind>
         <file>spawn.obj</file>
         <name>spawn.obj</name>
      </input_file>
      <input_file id="fl-10">
         <path>.\simplelink\source\</path>
         <kind>object</kind>
         <file>wlan.obj</file>
         <name>wlan.obj</name>
      </input_file>
      <input_file id="fl-11">
         <path>.\exosite\</path>
         <kind>object</kind>
         <file>exosite.obj</file>
         <name>exosite.obj</name>
      </input_file>
      <input_file id="fl-12">
         <path>.\exosite\</path>
         <kind>object</kind>
         <file>exosite_pal.obj</file>
         <name>exosite_pal.obj</name>
      </input_file>
      <input_file id="fl-13">
         <path>.\drivers\</path>
         <kind>object</kind>
         <file>buttons.obj</file>
         <name>buttons.obj</name>
      </input_file>
      <input_file id="fl-14">
         <path>.\drivers\</path>
         <kind>object</kind>
         <file>pinout.obj</file>
         <name>pinout.obj</name>
      </input_file>
      <input_file id="fl-15">
         <path>.\board\</path>
         <kind>object</kind>
         <file>board.obj</file>
         <name>board.obj</name>
      </input_file>
      <input_file id="fl-13d">
         <path>C:\ti\ccsv6\tools\compiler\ti-cgt-arm_5.2.7\lib\</path>
         <kind>archive</kind>
         <file>rtsv7M4_T_le_v4SPD16_eabi.lib</file>
         <name>atoi.obj</name>
      </input_file>
      <input_file id="fl-13e">
         <path>C:\ti\ccsv6\tools\compiler\ti-cgt-arm_5.2.7\lib\</path>
         <kind>archive</kind>
         <file>rtsv7M4_T_le_v4SPD16_eabi.lib</file>
         <name>boot.obj</name>
      </input_file>
      <input_file id="fl-13f">
         <path>C:\ti\ccsv6\tools\compiler\ti-cgt-arm_5.2.7\lib\</path>
         <kind>archive</kind>
         <file>rtsv7M4_T_le_v4SPD16_eabi.lib</file>
         <name>copy_decompress_none.obj</name>
      </input_file>
      <input_file id="fl-140">
         <path>C:\ti\ccsv6\tools\compiler\ti-cgt-arm_5.2.7\lib\</path>
         <kind>archive</kind>
         <file>rtsv7M4_T_le_v4SPD16_eabi.lib</file>
         <name>copy_decompress_rle.obj</name>
      </input_file>
      <input_file id="fl-141">
         <path>C:\ti\ccsv6\tools\compiler\ti-cgt-arm_5.2.7\lib\</path>
         <kind>archive</kind>
         <file>rtsv7M4_T_le_v4SPD16_eabi.lib</file>
         <name>copy_zero_init.obj</name>
      </input_file>
      <input_file id="fl-142">
         <path>C:\ti\ccsv6\tools\compiler\ti-cgt-arm_5.2.7\lib\</path>
         <kind>archive</kind>
         <file>rtsv7M4_T_le_v4SPD16_eabi.lib</file>
         <name>ctype.obj</name>
      </input_file>
      <input_file id="fl-143">
         <path>C:\ti\ccsv6\tools\compiler\ti-cgt-arm_5.2.7\lib\</path>
         <kind>archive</kind>
         <file>rtsv7M4_T_le_v4SPD16_eabi.lib</file>
         <name>exit.obj</name>
      </input_file>
      <input_file id="fl-144">
         <path>C:\ti\ccsv6\tools\compiler\ti-cgt-arm_5.2.7\lib\</path>
         <kind>archive</kind>
         <file>rtsv7M4_T_le_v4SPD16_eabi.lib</file>
         <name>memcpy_t2.obj</name>
      </input_file>
      <input_file id="fl-145">
         <path>C:\ti\ccsv6\tools\compiler\ti-cgt-arm_5.2.7\lib\</path>
         <kind>archive</kind>
         <file>rtsv7M4_T_le_v4SPD16_eabi.lib</file>
         <name>memset_t2.obj</name>
      </input_file>
      <input_file id="fl-146">
         <path>C:\ti\ccsv6\tools\compiler\ti-cgt-arm_5.2.7\lib\</path>
         <kind>archive</kind>
         <file>rtsv7M4_T_le_v4SPD16_eabi.lib</file>
         <name>pre_init.obj</name>
      </input_file>
      <input_file id="fl-147">
         <path>C:\ti\ccsv6\tools\compiler\ti-cgt-arm_5.2.7\lib\</path>
         <kind>archive</kind>
         <file>rtsv7M4_T_le_v4SPD16_eabi.lib</file>
         <name>snprintf.obj</name>
      </input_file>
      <input_file id="fl-148">
         <path>C:\ti\ccsv6\tools\compiler\ti-cgt-arm_5.2.7\lib\</path>
         <kind>archive</kind>
         <file>rtsv7M4_T_le_v4SPD16_eabi.lib</file>
         <name>sprintf.obj</name>
      </input_file>
      <input_file id="fl-149">
         <path>C:\ti\ccsv6\tools\compiler\ti-cgt-arm_5.2.7\lib\</path>
         <kind>archive</kind>
         <file>rtsv7M4_T_le_v4SPD16_eabi.lib</file>
         <name>stkdepth_vars.obj</name>
      </input_file>
      <input_file id="fl-14a">
         <path>C:\ti\ccsv6\tools\compiler\ti-cgt-arm_5.2.7\lib\</path>
         <kind>archive</kind>
         <file>rtsv7M4_T_le_v4SPD16_eabi.lib</file>
         <name>strlen.obj</name>
      </input_file>
      <input_file id="fl-14b">
         <path>C:\ti\ccsv6\tools\compiler\ti-cgt-arm_5.2.7\lib\</path>
         <kind>archive</kind>
         <file>rtsv7M4_T_le_v4SPD16_eabi.lib</file>
         <name>strstr.obj</name>
      </input_file>
      <input_file id="fl-14c">
         <path>C:\ti\ccsv6\tools\compiler\ti-cgt-arm_5.2.7\lib\</path>
         <kind>archive</kind>
         <file>rtsv7M4_T_le_v4SPD16_eabi.lib</file>
         <name>u_divt2.obj</name>
      </input_file>
      <input_file id="fl-14d">
         <path>C:\ti\ccsv6\tools\compiler\ti-cgt-arm_5.2.7\lib\</path>
         <kind>archive</kind>
         <file>rtsv7M4_T_le_v4SPD16_eabi.lib</file>
         <name>_lock.obj</name>
      </input_file>
      <input_file id="fl-14e">
         <path>C:\ti\ccsv6\tools\compiler\ti-cgt-arm_5.2.7\lib\</path>
         <kind>archive</kind>
         <file>rtsv7M4_T_le_v4SPD16_eabi.lib</file>
         <name>_printfi.obj</name>
      </input_file>
      <input_file id="fl-14f">
         <path>C:\ti\ccsv6\tools\compiler\ti-cgt-arm_5.2.7\lib\</path>
         <kind>archive</kind>
         <file>rtsv7M4_T_le_v4SPD16_eabi.lib</file>
         <name>args_main.obj</name>
      </input_file>
      <input_file id="fl-150">
         <path>C:\ti\ccsv6\tools\compiler\ti-cgt-arm_5.2.7\lib\</path>
         <kind>archive</kind>
         <file>rtsv7M4_T_le_v4SPD16_eabi.lib</file>
         <name>autoinit.obj</name>
      </input_file>
      <input_file id="fl-151">
         <path>C:\ti\ccsv6\tools\compiler\ti-cgt-arm_5.2.7\lib\</path>
         <kind>archive</kind>
         <file>rtsv7M4_T_le_v4SPD16_eabi.lib</file>
         <name>cpy_tbl.obj</name>
      </input_file>
      <input_file id="fl-152">
         <path>C:\ti\ccsv6\tools\compiler\ti-cgt-arm_5.2.7\lib\</path>
         <kind>archive</kind>
         <file>rtsv7M4_T_le_v4SPD16_eabi.lib</file>
         <name>fd_add_t2.obj</name>
      </input_file>
      <input_file id="fl-153">
         <path>C:\ti\ccsv6\tools\compiler\ti-cgt-arm_5.2.7\lib\</path>
         <kind>archive</kind>
         <file>rtsv7M4_T_le_v4SPD16_eabi.lib</file>
         <name>fd_cmp_t2.obj</name>
      </input_file>
      <input_file id="fl-154">
         <path>C:\ti\ccsv6\tools\compiler\ti-cgt-arm_5.2.7\lib\</path>
         <kind>archive</kind>
         <file>rtsv7M4_T_le_v4SPD16_eabi.lib</file>
         <name>fd_div_t2.obj</name>
      </input_file>
      <input_file id="fl-155">
         <path>C:\ti\ccsv6\tools\compiler\ti-cgt-arm_5.2.7\lib\</path>
         <kind>archive</kind>
         <file>rtsv7M4_T_le_v4SPD16_eabi.lib</file>
         <name>fd_mul_t2.obj</name>
      </input_file>
      <input_file id="fl-156">
         <path>C:\ti\ccsv6\tools\compiler\ti-cgt-arm_5.2.7\lib\</path>
         <kind>archive</kind>
         <file>rtsv7M4_T_le_v4SPD16_eabi.lib</file>
         <name>fd_toi_t2.obj</name>
      </input_file>
      <input_file id="fl-157">
         <path>C:\ti\ccsv6\tools\compiler\ti-cgt-arm_5.2.7\lib\</path>
         <kind>archive</kind>
         <file>rtsv7M4_T_le_v4SPD16_eabi.lib</file>
         <name>frexp.obj</name>
      </input_file>
      <input_file id="fl-158">
         <path>C:\ti\ccsv6\tools\compiler\ti-cgt-arm_5.2.7\lib\</path>
         <kind>archive</kind>
         <file>rtsv7M4_T_le_v4SPD16_eabi.lib</file>
         <name>i_div0.obj</name>
      </input_file>
      <input_file id="fl-159">
         <path>C:\ti\ccsv6\tools\compiler\ti-cgt-arm_5.2.7\lib\</path>
         <kind>archive</kind>
         <file>rtsv7M4_T_le_v4SPD16_eabi.lib</file>
         <name>i_tofd_t2.obj</name>
      </input_file>
      <input_file id="fl-15a">
         <path>C:\ti\ccsv6\tools\compiler\ti-cgt-arm_5.2.7\lib\</path>
         <kind>archive</kind>
         <file>rtsv7M4_T_le_v4SPD16_eabi.lib</file>
         <name>ldexp.obj</name>
      </input_file>
      <input_file id="fl-15b">
         <path>C:\ti\ccsv6\tools\compiler\ti-cgt-arm_5.2.7\lib\</path>
         <kind>archive</kind>
         <file>rtsv7M4_T_le_v4SPD16_eabi.lib</file>
         <name>ltoa.obj</name>
      </input_file>
      <input_file id="fl-15c">
         <path>C:\ti\ccsv6\tools\compiler\ti-cgt-arm_5.2.7\lib\</path>
         <kind>archive</kind>
         <file>rtsv7M4_T_le_v4SPD16_eabi.lib</file>
         <name>memccpy.obj</name>
      </input_file>
      <input_file id="fl-15d">
         <path>C:\ti\ccsv6\tools\compiler\ti-cgt-arm_5.2.7\lib\</path>
         <kind>archive</kind>
         <file>rtsv7M4_T_le_v4SPD16_eabi.lib</file>
         <name>strchr.obj</name>
      </input_file>
      <input_file id="fl-15e">
         <path>C:\ti\ccsv6\tools\compiler\ti-cgt-arm_5.2.7\lib\</path>
         <kind>archive</kind>
         <file>rtsv7M4_T_le_v4SPD16_eabi.lib</file>
         <name>ull_div_t2.obj</name>
      </input_file>
      <input_file id="fl-15f">
         <path>C:\ti\ccsv6\tools\compiler\ti-cgt-arm_5.2.7\lib\</path>
         <kind>archive</kind>
         <file>rtsv7M4_T_le_v4SPD16_eabi.lib</file>
         <name>xdclass.obj</name>
      </input_file>
      <input_file id="fl-160">
         <path>C:\ti\ccsv6\tools\compiler\ti-cgt-arm_5.2.7\lib\</path>
         <kind>archive</kind>
         <file>rtsv7M4_T_le_v4SPD16_eabi.lib</file>
         <name>xdscale.obj</name>
      </input_file>
      <input_file id="fl-161">
         <path>C:\ti\ccsv6\tools\compiler\ti-cgt-arm_5.2.7\lib\</path>
         <kind>archive</kind>
         <file>rtsv7M4_T_le_v4SPD16_eabi.lib</file>
         <name>xdunscal.obj</name>
      </input_file>
      <input_file id="fl-162">
         <path>C:\ti\ccsv6\tools\compiler\ti-cgt-arm_5.2.7\lib\</path>
         <kind>archive</kind>
         <file>rtsv7M4_T_le_v4SPD16_eabi.lib</file>
         <name>xferaise.obj</name>
      </input_file>
      <input_file id="fl-163">
         <path>C:\ti\ccsv6\tools\compiler\ti-cgt-arm_5.2.7\lib\</path>
         <kind>archive</kind>
         <file>rtsv7M4_T_le_v4SPD16_eabi.lib</file>
         <name>xvalues.obj</name>
      </input_file>
      <input_file id="fl-164">
         <path>C:\ti\ccsv6\tools\compiler\ti-cgt-arm_5.2.7\lib\</path>
         <kind>archive</kind>
         <file>rtsv7M4_T_le_v4SPD16_eabi.lib</file>
         <name>errno.obj</name>
      </input_file>
      <input_file id="fl-165">
         <path>C:\ti\ccsv6\tools\compiler\ti-cgt-arm_5.2.7\lib\</path>
         <kind>archive</kind>
         <file>rtsv7M4_T_le_v4SPD16_eabi.lib</file>
         <name>feraiseexcept.obj</name>
      </input_file>
      <input_file id="fl-166">
         <path>C:\ti\ccsv6\tools\compiler\ti-cgt-arm_5.2.7\lib\</path>
         <kind>archive</kind>
         <file>rtsv7M4_T_le_v4SPD16_eabi.lib</file>
         <name>raise.obj</name>
      </input_file>
      <input_file id="fl-167">
         <path>C:\ti\ccsv6\tools\compiler\ti-cgt-arm_5.2.7\lib\</path>
         <kind>archive</kind>
         <file>rtsv7M4_T_le_v4SPD16_eabi.lib</file>
         <name>signal.obj</name>
      </input_file>
      <input_file id="fl-168">
         <path>C:\ti\ccsv6\tools\compiler\ti-cgt-arm_5.2.7\lib\</path>
         <kind>archive</kind>
         <file>rtsv7M4_T_le_v4SPD16_eabi.lib</file>
         <name>xdnorm.obj</name>
      </input_file>
      <input_file id="fl-169">
         <path>C:\ti\TivaWare_C_Series-2.1.2.111\sensorlib\ccs\Debug\</path>
         <kind>archive</kind>
         <file>sensorlib.lib</file>
         <name>bmp180.obj</name>
      </input_file>
      <input_file id="fl-16a">
         <path>C:\ti\TivaWare_C_Series-2.1.2.111\sensorlib\ccs\Debug\</path>
         <kind>archive</kind>
         <file>sensorlib.lib</file>
         <name>i2cm_drv.obj</name>
      </input_file>
      <input_file id="fl-16b">
         <path>C:\ti\TivaWare_C_Series-2.1.2.111\sensorlib\ccs\Debug\</path>
         <kind>archive</kind>
         <file>sensorlib.lib</file>
         <name>isl29023.obj</name>
      </input_file>
      <input_file id="fl-16c">
         <path>C:\ti\TivaWare_C_Series-2.1.2.111\sensorlib\ccs\Debug\</path>
         <kind>archive</kind>
         <file>sensorlib.lib</file>
         <name>sht21.obj</name>
      </input_file>
      <input_file id="fl-16d">
         <path>C:\ti\TivaWare_C_Series-2.1.2.111\sensorlib\ccs\Debug\</path>
         <kind>archive</kind>
         <file>sensorlib.lib</file>
         <name>tmp006.obj</name>
      </input_file>
      <input_file id="fl-16e">
         <path>C:\ti\TivaWare_C_Series-2.1.2.111\driverlib\ccs\Debug\</path>
         <kind>archive</kind>
         <file>driverlib.lib</file>
         <name>fpu.obj</name>
      </input_file>
      <input_file id="fl-16f">
         <path>C:\ti\TivaWare_C_Series-2.1.2.111\driverlib\ccs\Debug\</path>
         <kind>archive</kind>
         <file>driverlib.lib</file>
         <name>gpio.obj</name>
      </input_file>
      <input_file id="fl-170">
         <path>C:\ti\TivaWare_C_Series-2.1.2.111\driverlib\ccs\Debug\</path>
         <kind>archive</kind>
         <file>driverlib.lib</file>
         <name>i2c.obj</name>
      </input_file>
      <input_file id="fl-171">
         <path>C:\ti\TivaWare_C_Series-2.1.2.111\driverlib\ccs\Debug\</path>
         <kind>archive</kind>
         <file>driverlib.lib</file>
         <name>interrupt.obj</name>
      </input_file>
      <input_file id="fl-172">
         <path>C:\ti\TivaWare_C_Series-2.1.2.111\driverlib\ccs\Debug\</path>
         <kind>archive</kind>
         <file>driverlib.lib</file>
         <name>ssi.obj</name>
      </input_file>
      <input_file id="fl-173">
         <path>C:\ti\TivaWare_C_Series-2.1.2.111\driverlib\ccs\Debug\</path>
         <kind>archive</kind>
         <file>driverlib.lib</file>
         <name>sysctl.obj</name>
      </input_file>
      <input_file id="fl-174">
         <path>C:\ti\TivaWare_C_Series-2.1.2.111\driverlib\ccs\Debug\</path>
         <kind>archive</kind>
         <file>driverlib.lib</file>
         <name>timer.obj</name>
      </input_file>
      <input_file id="fl-175">
         <path>C:\ti\TivaWare_C_Series-2.1.2.111\driverlib\ccs\Debug\</path>
         <kind>archive</kind>
         <file>driverlib.lib</file>
         <name>cpu.obj</name>
      </input_file>
      <input_file id="fl-176">
         <path>C:\ti\ccsv6\tools\compiler\ti-cgt-arm_5.2.7\lib\</path>
         <kind>archive</kind>
         <file>rtsv7M4_T_le_v4SPD16_eabi.lib</file>
         <name>fd_tos_t2.obj</name>
      </input_file>
      <input_file id="fl-177">
         <path>C:\ti\ccsv6\tools\compiler\ti-cgt-arm_5.2.7\lib\</path>
         <kind>archive</kind>
         <file>rtsv7M4_T_le_v4SPD16_eabi.lib</file>
         <name>fs_tod_t2.obj</name>
      </input_file>
      <input_file id="fl-178">
         <path>C:\ti\ccsv6\tools\compiler\ti-cgt-arm_5.2.7\lib\</path>
         <kind>archive</kind>
         <file>rtsv7M4_T_le_v4SPD16_eabi.lib</file>
         <name>sqrtf.obj</name>
      </input_file>
   </input_file_list>
   <object_component_list>
      <object_component id="oc-f">
         <name>.intvecs</name>
         <load_address>0x0</load_address>
         <run_address>0x0</run_address>
         <size>0x208</size>
         <input_file_ref idref="fl-4"/>
      </object_component>
      <object_component id="oc-353">
         <name>.text</name>
         <load_address>0x208</load_address>
         <run_address>0x208</run_address>
         <size>0x1e54</size>
         <input_file_ref idref="fl-8"/>
      </object_component>
      <object_component id="oc-4ac">
         <name>.text</name>
         <load_address>0x205c</load_address>
         <run_address>0x205c</run_address>
         <size>0x10ba</size>
         <input_file_ref idref="fl-14e"/>
      </object_component>
      <object_component id="oc-3d2">
         <name>.text</name>
         <load_address>0x3116</load_address>
         <run_address>0x3116</run_address>
         <size>0x2</size>
         <input_file_ref idref="fl-158"/>
      </object_component>
      <object_component id="oc-30">
         <name>.text</name>
         <load_address>0x3118</load_address>
         <run_address>0x3118</run_address>
         <size>0x1094</size>
         <input_file_ref idref="fl-3"/>
      </object_component>
      <object_component id="oc-1d7">
         <name>.text:I2CMasterControl</name>
         <load_address>0x41ac</load_address>
         <run_address>0x41ac</run_address>
         <size>0x4</size>
         <input_file_ref idref="fl-170"/>
      </object_component>
      <object_component id="oc-46a">
         <name>.text</name>
         <load_address>0x41b0</load_address>
         <run_address>0x41b0</run_address>
         <size>0xee8</size>
         <input_file_ref idref="fl-e"/>
      </object_component>
      <object_component id="oc-246">
         <name>.text</name>
         <load_address>0x5098</load_address>
         <run_address>0x5098</run_address>
         <size>0xcfc</size>
         <input_file_ref idref="fl-11"/>
      </object_component>
      <object_component id="oc-407">
         <name>.text:I2CMasterDataGet</name>
         <load_address>0x5d94</load_address>
         <run_address>0x5d94</run_address>
         <size>0x4</size>
         <input_file_ref idref="fl-170"/>
      </object_component>
      <object_component id="oc-103">
         <name>.text</name>
         <load_address>0x5d98</load_address>
         <run_address>0x5d98</run_address>
         <size>0xcdc</size>
         <input_file_ref idref="fl-10"/>
      </object_component>
      <object_component id="oc-419">
         <name>.text:I2CMasterDataPut</name>
         <load_address>0x6a74</load_address>
         <run_address>0x6a74</run_address>
         <size>0x4</size>
         <input_file_ref idref="fl-170"/>
      </object_component>
      <object_component id="oc-10f">
         <name>.text</name>
         <load_address>0x6a78</load_address>
         <run_address>0x6a78</run_address>
         <size>0xb9c</size>
         <input_file_ref idref="fl-b"/>
      </object_component>
      <object_component id="oc-6a">
         <name>.text</name>
         <load_address>0x7614</load_address>
         <run_address>0x7614</run_address>
         <size>0x4</size>
         <input_file_ref idref="fl-146"/>
      </object_component>
      <object_component id="oc-ab">
         <name>.text</name>
         <load_address>0x7618</load_address>
         <run_address>0x7618</run_address>
         <size>0xae0</size>
         <input_file_ref idref="fl-2"/>
      </object_component>
      <object_component id="oc-36">
         <name>.text</name>
         <load_address>0x80f8</load_address>
         <run_address>0x80f8</run_address>
         <size>0x9a8</size>
         <input_file_ref idref="fl-5"/>
      </object_component>
      <object_component id="oc-f7">
         <name>.text</name>
         <load_address>0x8aa0</load_address>
         <run_address>0x8aa0</run_address>
         <size>0x544</size>
         <input_file_ref idref="fl-7"/>
      </object_component>
      <object_component id="oc-470">
         <name>.text</name>
         <load_address>0x8fe8</load_address>
         <run_address>0x8fe8</run_address>
         <size>0x520</size>
         <input_file_ref idref="fl-a"/>
      </object_component>
      <object_component id="oc-24c">
         <name>.text</name>
         <load_address>0x9508</load_address>
         <run_address>0x9508</run_address>
         <size>0x43e</size>
         <input_file_ref idref="fl-12"/>
      </object_component>
      <object_component id="oc-d9">
         <name>.text</name>
         <load_address>0x9948</load_address>
         <run_address>0x9948</run_address>
         <size>0x378</size>
         <input_file_ref idref="fl-14"/>
      </object_component>
      <object_component id="oc-359">
         <name>.text</name>
         <load_address>0x9cc0</load_address>
         <run_address>0x9cc0</run_address>
         <size>0x240</size>
         <input_file_ref idref="fl-6"/>
      </object_component>
      <object_component id="oc-d3">
         <name>.text:SysCtlClockFreqSet</name>
         <load_address>0x9f00</load_address>
         <run_address>0x9f00</run_address>
         <size>0x204</size>
         <input_file_ref idref="fl-173"/>
      </object_component>
      <object_component id="oc-2a8">
         <name>.text:BMP180Callback</name>
         <load_address>0xa104</load_address>
         <run_address>0xa104</run_address>
         <size>0x1f8</size>
         <input_file_ref idref="fl-169"/>
      </object_component>
      <object_component id="oc-5fa">
         <name>.text</name>
         <load_address>0xa2fc</load_address>
         <run_address>0xa2fc</run_address>
         <size>0x1f4</size>
         <input_file_ref idref="fl-15e"/>
      </object_component>
      <object_component id="oc-279">
         <name>.text:BMP180DataPressureGetFloat</name>
         <load_address>0xa4f0</load_address>
         <run_address>0xa4f0</run_address>
         <size>0x1e8</size>
         <input_file_ref idref="fl-169"/>
      </object_component>
      <object_component id="oc-258">
         <name>.text:TMP006DataTemperatureGetFloat</name>
         <load_address>0xa6d8</load_address>
         <run_address>0xa6d8</run_address>
         <size>0x1e4</size>
         <input_file_ref idref="fl-16d"/>
      </object_component>
      <object_component id="oc-49b">
         <name>.text</name>
         <load_address>0xa8bc</load_address>
         <run_address>0xa8bc</run_address>
         <size>0x1b6</size>
         <input_file_ref idref="fl-152"/>
      </object_component>
      <object_component id="oc-93">
         <name>.text:GPIOIntClear</name>
         <load_address>0xaa72</load_address>
         <run_address>0xaa72</run_address>
         <size>0x6</size>
         <input_file_ref idref="fl-16f"/>
      </object_component>
      <object_component id="oc-fd">
         <name>.text</name>
         <load_address>0xaa78</load_address>
         <run_address>0xaa78</run_address>
         <size>0x17c</size>
         <input_file_ref idref="fl-d"/>
      </object_component>
      <object_component id="oc-109">
         <name>.text</name>
         <load_address>0xabf8</load_address>
         <run_address>0xabf8</run_address>
         <size>0x14c</size>
         <input_file_ref idref="fl-c"/>
      </object_component>
      <object_component id="oc-604">
         <name>.text</name>
         <load_address>0xad44</load_address>
         <run_address>0xad44</run_address>
         <size>0x136</size>
         <input_file_ref idref="fl-154"/>
      </object_component>
      <object_component id="oc-23a">
         <name>.text:GPIOPadConfigSet</name>
         <load_address>0xae7a</load_address>
         <run_address>0xae7a</run_address>
         <size>0x132</size>
         <input_file_ref idref="fl-16f"/>
      </object_component>
      <object_component id="oc-6ba">
         <name>.text</name>
         <load_address>0xafac</load_address>
         <run_address>0xafac</run_address>
         <size>0x110</size>
         <input_file_ref idref="fl-160"/>
      </object_component>
      <object_component id="oc-a5">
         <name>.text</name>
         <load_address>0xb0c0</load_address>
         <run_address>0xb0c0</run_address>
         <size>0x104</size>
         <input_file_ref idref="fl-13"/>
      </object_component>
      <object_component id="oc-496">
         <name>.text</name>
         <load_address>0xb1c4</load_address>
         <run_address>0xb1c4</run_address>
         <size>0xfc</size>
         <input_file_ref idref="fl-155"/>
      </object_component>
      <object_component id="oc-87">
         <name>.text:I2CMIntHandler</name>
         <load_address>0xb2c0</load_address>
         <run_address>0xb2c0</run_address>
         <size>0xf2</size>
         <input_file_ref idref="fl-16a"/>
      </object_component>
      <object_component id="oc-322">
         <name>.text:GPIOPinRead</name>
         <load_address>0xb3b2</load_address>
         <run_address>0xb3b2</run_address>
         <size>0x6</size>
         <input_file_ref idref="fl-16f"/>
      </object_component>
      <object_component id="oc-3c">
         <name>.text</name>
         <load_address>0xb3b8</load_address>
         <run_address>0xb3b8</run_address>
         <size>0xec</size>
         <input_file_ref idref="fl-15"/>
      </object_component>
      <object_component id="oc-6e5">
         <name>.text</name>
         <load_address>0xb4a4</load_address>
         <run_address>0xb4a4</run_address>
         <size>0xbe</size>
         <input_file_ref idref="fl-168"/>
      </object_component>
      <object_component id="oc-45">
         <name>.text</name>
         <load_address>0xb562</load_address>
         <run_address>0xb562</run_address>
         <size>0x9c</size>
         <input_file_ref idref="fl-144"/>
      </object_component>
      <object_component id="oc-219">
         <name>.text:I2CMStateIdle</name>
         <load_address>0xb5fe</load_address>
         <run_address>0xb5fe</run_address>
         <size>0x98</size>
         <input_file_ref idref="fl-16a"/>
      </object_component>
      <object_component id="oc-26a">
         <name>.text</name>
         <load_address>0xb698</load_address>
         <run_address>0xb698</run_address>
         <size>0x94</size>
         <input_file_ref idref="fl-147"/>
      </object_component>
      <object_component id="oc-224">
         <name>.text:I2CMCommand</name>
         <load_address>0xb72c</load_address>
         <run_address>0xb72c</run_address>
         <size>0x88</size>
         <input_file_ref idref="fl-16a"/>
      </object_component>
      <object_component id="oc-5ff">
         <name>.text:__aeabi_cdcmple</name>
         <load_address>0xb7b4</load_address>
         <run_address>0xb7b4</run_address>
         <size>0x86</size>
         <input_file_ref idref="fl-153"/>
      </object_component>
      <object_component id="oc-609">
         <name>.text:__aeabi_cdrcmple</name>
         <load_address>0xb83a</load_address>
         <run_address>0xb83a</run_address>
         <size>0x86</size>
         <input_file_ref idref="fl-153"/>
      </object_component>
      <object_component id="oc-273">
         <name>.text:BMP180DataTemperatureGetFloat</name>
         <load_address>0xb8c0</load_address>
         <run_address>0xb8c0</run_address>
         <size>0x84</size>
         <input_file_ref idref="fl-169"/>
      </object_component>
      <object_component id="oc-5e">
         <name>.text</name>
         <load_address>0xb944</load_address>
         <run_address>0xb944</run_address>
         <size>0x7a</size>
         <input_file_ref idref="fl-145"/>
      </object_component>
      <object_component id="oc-3b7">
         <name>.text:I2CMReadModifyWrite8</name>
         <load_address>0xb9c0</load_address>
         <run_address>0xb9c0</run_address>
         <size>0x78</size>
         <input_file_ref idref="fl-16a"/>
      </object_component>
      <object_component id="oc-3a6">
         <name>.text:I2CMReadModifyWrite16LE</name>
         <load_address>0xba38</load_address>
         <run_address>0xba38</run_address>
         <size>0x74</size>
         <input_file_ref idref="fl-16a"/>
      </object_component>
      <object_component id="oc-28b">
         <name>.text:SHT21DataHumidityGetFloat</name>
         <load_address>0xbaac</load_address>
         <run_address>0xbaac</run_address>
         <size>0x70</size>
         <input_file_ref idref="fl-16c"/>
      </object_component>
      <object_component id="oc-4a0">
         <name>.text</name>
         <load_address>0xbb1c</load_address>
         <run_address>0xbb1c</run_address>
         <size>0x6e</size>
         <input_file_ref idref="fl-176"/>
      </object_component>
      <object_component id="oc-58c">
         <name>.text:I2CMReadModifyWrite16LECallback</name>
         <load_address>0xbb8c</load_address>
         <run_address>0xbb8c</run_address>
         <size>0x6c</size>
         <input_file_ref idref="fl-16a"/>
      </object_component>
      <object_component id="oc-70">
         <name>.text</name>
         <load_address>0xbbf8</load_address>
         <run_address>0xbbf8</run_address>
         <size>0x6c</size>
         <input_file_ref idref="fl-150"/>
      </object_component>
      <object_component id="oc-51">
         <name>.text</name>
         <load_address>0xbc64</load_address>
         <run_address>0xbc64</run_address>
         <size>0x6a</size>
         <input_file_ref idref="fl-140"/>
      </object_component>
      <object_component id="oc-13f">
         <name>.text:ISL29023Write</name>
         <load_address>0xbcd0</load_address>
         <run_address>0xbcd0</run_address>
         <size>0x68</size>
         <input_file_ref idref="fl-16b"/>
      </object_component>
      <object_component id="oc-42d">
         <name>.text:IntDisable</name>
         <load_address>0xbd38</load_address>
         <run_address>0xbd38</run_address>
         <size>0x68</size>
         <input_file_ref idref="fl-171"/>
      </object_component>
      <object_component id="oc-33e">
         <name>.text:IntEnable</name>
         <load_address>0xbda0</load_address>
         <run_address>0xbda0</run_address>
         <size>0x68</size>
         <input_file_ref idref="fl-171"/>
      </object_component>
      <object_component id="oc-6b2">
         <name>.text</name>
         <load_address>0xbe08</load_address>
         <run_address>0xbe08</run_address>
         <size>0x66</size>
         <input_file_ref idref="fl-161"/>
      </object_component>
      <object_component id="oc-427">
         <name>.text:IntIsEnabled</name>
         <load_address>0xbe70</load_address>
         <run_address>0xbe70</run_address>
         <size>0x64</size>
         <input_file_ref idref="fl-171"/>
      </object_component>
      <object_component id="oc-596">
         <name>.text:I2CMReadModifyWrite8Callback</name>
         <load_address>0xbed4</load_address>
         <run_address>0xbed4</run_address>
         <size>0x60</size>
         <input_file_ref idref="fl-16a"/>
      </object_component>
      <object_component id="oc-291">
         <name>.text:SHT21DataTemperatureGetFloat</name>
         <load_address>0xbf34</load_address>
         <run_address>0xbf34</run_address>
         <size>0x60</size>
         <input_file_ref idref="fl-16c"/>
      </object_component>
      <object_component id="oc-22a">
         <name>.text:TMP006Callback</name>
         <load_address>0xbf94</load_address>
         <run_address>0xbf94</run_address>
         <size>0x60</size>
         <input_file_ref idref="fl-16d"/>
      </object_component>
      <object_component id="oc-121">
         <name>.text:TMP006ReadModifyWrite</name>
         <load_address>0xbff4</load_address>
         <run_address>0xbff4</run_address>
         <size>0x60</size>
         <input_file_ref idref="fl-16d"/>
      </object_component>
      <object_component id="oc-25e">
         <name>.text</name>
         <load_address>0xc054</load_address>
         <run_address>0xc054</run_address>
         <size>0x60</size>
         <input_file_ref idref="fl-148"/>
      </object_component>
      <object_component id="oc-207">
         <name>.text:I2CMStateWritePause</name>
         <load_address>0xc0b4</load_address>
         <run_address>0xc0b4</run_address>
         <size>0x5e</size>
         <input_file_ref idref="fl-16a"/>
      </object_component>
      <object_component id="oc-b7">
         <name>.text:BMP180DataRead</name>
         <load_address>0xc114</load_address>
         <run_address>0xc114</run_address>
         <size>0x58</size>
         <input_file_ref idref="fl-169"/>
      </object_component>
      <object_component id="oc-11b">
         <name>.text:TMP006Init</name>
         <load_address>0xc16c</load_address>
         <run_address>0xc16c</run_address>
         <size>0x58</size>
         <input_file_ref idref="fl-16d"/>
      </object_component>
      <object_component id="oc-54f">
         <name>.text:GPIOIntTypeSet</name>
         <load_address>0xc1c4</load_address>
         <run_address>0xc1c4</run_address>
         <size>0x56</size>
         <input_file_ref idref="fl-16f"/>
      </object_component>
      <object_component id="oc-613">
         <name>.text</name>
         <load_address>0xc21a</load_address>
         <run_address>0xc21a</run_address>
         <size>0x56</size>
         <input_file_ref idref="fl-15b"/>
      </object_component>
      <object_component id="oc-127">
         <name>.text:BMP180Init</name>
         <load_address>0xc270</load_address>
         <run_address>0xc270</run_address>
         <size>0x54</size>
         <input_file_ref idref="fl-169"/>
      </object_component>
      <object_component id="oc-3be">
         <name>.text:I2CMWrite8</name>
         <load_address>0xc2c4</load_address>
         <run_address>0xc2c4</run_address>
         <size>0x54</size>
         <input_file_ref idref="fl-16a"/>
      </object_component>
      <object_component id="oc-133">
         <name>.text:ISL29023Init</name>
         <load_address>0xc318</load_address>
         <run_address>0xc318</run_address>
         <size>0x54</size>
         <input_file_ref idref="fl-16b"/>
      </object_component>
      <object_component id="oc-99">
         <name>.text:TMP006DataRead</name>
         <load_address>0xc36c</load_address>
         <run_address>0xc36c</run_address>
         <size>0x54</size>
         <input_file_ref idref="fl-16d"/>
      </object_component>
      <object_component id="oc-624">
         <name>.text</name>
         <load_address>0xc3c0</load_address>
         <run_address>0xc3c0</run_address>
         <size>0x52</size>
         <input_file_ref idref="fl-15a"/>
      </object_component>
      <object_component id="oc-20d">
         <name>.text:I2CMStateWriteFinal</name>
         <load_address>0xc412</load_address>
         <run_address>0xc412</run_address>
         <size>0x50</size>
         <input_file_ref idref="fl-16a"/>
      </object_component>
      <object_component id="oc-9f">
         <name>.text:ISL29023DataRead</name>
         <load_address>0xc464</load_address>
         <run_address>0xc464</run_address>
         <size>0x50</size>
         <input_file_ref idref="fl-16b"/>
      </object_component>
      <object_component id="oc-29d">
         <name>.text:ISL29023Read</name>
         <load_address>0xc4b4</load_address>
         <run_address>0xc4b4</run_address>
         <size>0x50</size>
         <input_file_ref idref="fl-16b"/>
      </object_component>
      <object_component id="oc-24">
         <name>.text</name>
         <load_address>0xc504</load_address>
         <run_address>0xc504</run_address>
         <size>0x50</size>
         <input_file_ref idref="fl-13e"/>
      </object_component>
      <object_component id="oc-346">
         <name>.text:I2CMasterInitExpClk</name>
         <load_address>0xc554</load_address>
         <run_address>0xc554</run_address>
         <size>0x4c</size>
         <input_file_ref idref="fl-170"/>
      </object_component>
      <object_component id="oc-139">
         <name>.text:ISL29023ReadModifyWrite</name>
         <load_address>0xc5a0</load_address>
         <run_address>0xc5a0</run_address>
         <size>0x4c</size>
         <input_file_ref idref="fl-16b"/>
      </object_component>
      <object_component id="oc-285">
         <name>.text:SHT21DataRead</name>
         <load_address>0xc5ec</load_address>
         <run_address>0xc5ec</run_address>
         <size>0x4c</size>
         <input_file_ref idref="fl-16c"/>
      </object_component>
      <object_component id="oc-12d">
         <name>.text:SHT21Init</name>
         <load_address>0xc638</load_address>
         <run_address>0xc638</run_address>
         <size>0x4c</size>
         <input_file_ref idref="fl-16c"/>
      </object_component>
      <object_component id="oc-27f">
         <name>.text:SHT21Write</name>
         <load_address>0xc684</load_address>
         <run_address>0xc684</run_address>
         <size>0x4c</size>
         <input_file_ref idref="fl-16c"/>
      </object_component>
      <object_component id="oc-332">
         <name>.text:_TimerIntNumberGet</name>
         <load_address>0xc6d0</load_address>
         <run_address>0xc6d0</run_address>
         <size>0x4c</size>
         <input_file_ref idref="fl-174"/>
      </object_component>
      <object_component id="oc-479">
         <name>.text</name>
         <load_address>0xc71c</load_address>
         <run_address>0xc71c</run_address>
         <size>0x4c</size>
         <input_file_ref idref="fl-13d"/>
      </object_component>
      <object_component id="oc-1bc">
         <name>.text</name>
         <load_address>0xc768</load_address>
         <run_address>0xc768</run_address>
         <size>0x4c</size>
         <input_file_ref idref="fl-151"/>
      </object_component>
      <object_component id="oc-1f5">
         <name>.text:I2CMStateReadNext</name>
         <load_address>0xc7b4</load_address>
         <run_address>0xc7b4</run_address>
         <size>0x4a</size>
         <input_file_ref idref="fl-16a"/>
      </object_component>
      <object_component id="oc-531">
         <name>.text:GPIOPinConfigure</name>
         <load_address>0xc800</load_address>
         <run_address>0xc800</run_address>
         <size>0x48</size>
         <input_file_ref idref="fl-16f"/>
      </object_component>
      <object_component id="oc-213">
         <name>.text:I2CMStateWriteNext</name>
         <load_address>0xc848</load_address>
         <run_address>0xc848</run_address>
         <size>0x48</size>
         <input_file_ref idref="fl-16a"/>
      </object_component>
      <object_component id="oc-297">
         <name>.text:ISL29023DataLightVisibleGetFloat</name>
         <load_address>0xc890</load_address>
         <run_address>0xc890</run_address>
         <size>0x48</size>
         <input_file_ref idref="fl-16b"/>
      </object_component>
      <object_component id="oc-305">
         <name>.text:_SysCtlFrequencyGet</name>
         <load_address>0xc8d8</load_address>
         <run_address>0xc8d8</run_address>
         <size>0x48</size>
         <input_file_ref idref="fl-173"/>
      </object_component>
      <object_component id="oc-60e">
         <name>.text</name>
         <load_address>0xc920</load_address>
         <run_address>0xc920</run_address>
         <size>0x48</size>
         <input_file_ref idref="fl-156"/>
      </object_component>
      <object_component id="oc-1dd">
         <name>.text:I2CMStateCallback</name>
         <load_address>0xc968</load_address>
         <run_address>0xc968</run_address>
         <size>0x44</size>
         <input_file_ref idref="fl-16a"/>
      </object_component>
      <object_component id="oc-232">
         <name>.text:ISL29023Callback</name>
         <load_address>0xc9ac</load_address>
         <run_address>0xc9ac</run_address>
         <size>0x44</size>
         <input_file_ref idref="fl-16b"/>
      </object_component>
      <object_component id="oc-7c">
         <name>.text</name>
         <load_address>0xc9f0</load_address>
         <run_address>0xc9f0</run_address>
         <size>0x44</size>
         <input_file_ref idref="fl-143"/>
      </object_component>
      <object_component id="oc-1ef">
         <name>.text:I2CMStateReadFinal</name>
         <load_address>0xca34</load_address>
         <run_address>0xca34</run_address>
         <size>0x42</size>
         <input_file_ref idref="fl-16a"/>
      </object_component>
      <object_component id="oc-59d">
         <name>.text:I2CMWrite8Callback</name>
         <load_address>0xca76</load_address>
         <run_address>0xca76</run_address>
         <size>0x40</size>
         <input_file_ref idref="fl-16a"/>
      </object_component>
      <object_component id="oc-6fc">
         <name>.text</name>
         <load_address>0xcab8</load_address>
         <run_address>0xcab8</run_address>
         <size>0x40</size>
         <input_file_ref idref="fl-167"/>
      </object_component>
      <object_component id="oc-176">
         <name>.text</name>
         <load_address>0xcaf8</load_address>
         <run_address>0xcaf8</run_address>
         <size>0x40</size>
         <input_file_ref idref="fl-14c"/>
      </object_component>
      <object_component id="oc-1e9">
         <name>.text:I2CMStateReadPause</name>
         <load_address>0xcb38</load_address>
         <run_address>0xcb38</run_address>
         <size>0x3e</size>
         <input_file_ref idref="fl-16a"/>
      </object_component>
      <object_component id="oc-53d">
         <name>.text:SSIConfigSetExpClk</name>
         <load_address>0xcb76</load_address>
         <run_address>0xcb76</run_address>
         <size>0x3c</size>
         <input_file_ref idref="fl-172"/>
      </object_component>
      <object_component id="oc-491">
         <name>.text</name>
         <load_address>0xcbb2</load_address>
         <run_address>0xcbb2</run_address>
         <size>0x38</size>
         <input_file_ref idref="fl-177"/>
      </object_component>
      <object_component id="oc-f1">
         <name>.text:I2CMInit</name>
         <load_address>0xcbea</load_address>
         <run_address>0xcbea</run_address>
         <size>0x34</size>
         <input_file_ref idref="fl-16a"/>
      </object_component>
      <object_component id="oc-338">
         <name>.text:IntRegister</name>
         <load_address>0xcc20</load_address>
         <run_address>0xcc20</run_address>
         <size>0x34</size>
         <input_file_ref idref="fl-171"/>
      </object_component>
      <object_component id="oc-52b">
         <name>.text:SysCtlPeripheralEnable</name>
         <load_address>0xcc54</load_address>
         <run_address>0xcc54</run_address>
         <size>0x34</size>
         <input_file_ref idref="fl-173"/>
      </object_component>
      <object_component id="oc-69e">
         <name>.text</name>
         <load_address>0xcc88</load_address>
         <run_address>0xcc88</run_address>
         <size>0x34</size>
         <input_file_ref idref="fl-165"/>
      </object_component>
      <object_component id="oc-47f">
         <name>.text</name>
         <load_address>0xccbc</load_address>
         <run_address>0xccbc</run_address>
         <size>0x34</size>
         <input_file_ref idref="fl-14b"/>
      </object_component>
      <object_component id="oc-681">
         <name>.text:I2CMTransferResume</name>
         <load_address>0xccf0</load_address>
         <run_address>0xccf0</run_address>
         <size>0x30</size>
         <input_file_ref idref="fl-16a"/>
      </object_component>
      <object_component id="oc-630">
         <name>.text</name>
         <load_address>0xcd20</load_address>
         <run_address>0xcd20</run_address>
         <size>0x30</size>
         <input_file_ref idref="fl-15f"/>
      </object_component>
      <object_component id="oc-5f2">
         <name>.text</name>
         <load_address>0xcd50</load_address>
         <run_address>0xcd50</run_address>
         <size>0x30</size>
         <input_file_ref idref="fl-162"/>
      </object_component>
      <object_component id="oc-619">
         <name>.text</name>
         <load_address>0xcd80</load_address>
         <run_address>0xcd80</run_address>
         <size>0x2e</size>
         <input_file_ref idref="fl-159"/>
      </object_component>
      <object_component id="oc-6d7">
         <name>.text</name>
         <load_address>0xcdae</load_address>
         <run_address>0xcdae</run_address>
         <size>0x2e</size>
         <input_file_ref idref="fl-166"/>
      </object_component>
      <object_component id="oc-32a">
         <name>.text:GPIODirModeSet</name>
         <load_address>0xcddc</load_address>
         <run_address>0xcddc</run_address>
         <size>0x2a</size>
         <input_file_ref idref="fl-16f"/>
      </object_component>
      <object_component id="oc-1fb">
         <name>.text:I2CMStateReadFirst</name>
         <load_address>0xce06</load_address>
         <run_address>0xce06</run_address>
         <size>0x2a</size>
         <input_file_ref idref="fl-16a"/>
      </object_component>
      <object_component id="oc-61e">
         <name>.text</name>
         <load_address>0xce30</load_address>
         <run_address>0xce30</run_address>
         <size>0x2a</size>
         <input_file_ref idref="fl-157"/>
      </object_component>
      <object_component id="oc-4a5">
         <name>.text</name>
         <load_address>0xce5c</load_address>
         <run_address>0xce5c</run_address>
         <size>0x24</size>
         <input_file_ref idref="fl-178"/>
      </object_component>
      <object_component id="oc-201">
         <name>.text:I2CMStateReadOne</name>
         <load_address>0xce80</load_address>
         <run_address>0xce80</run_address>
         <size>0x20</size>
         <input_file_ref idref="fl-16a"/>
      </object_component>
      <object_component id="oc-2ff">
         <name>.text:_SysCtlMemTimingGet</name>
         <load_address>0xcea0</load_address>
         <run_address>0xcea0</run_address>
         <size>0x20</size>
         <input_file_ref idref="fl-173"/>
      </object_component>
      <object_component id="oc-636">
         <name>.text</name>
         <load_address>0xcec0</load_address>
         <run_address>0xcec0</run_address>
         <size>0x1c</size>
         <input_file_ref idref="fl-15c"/>
      </object_component>
      <object_component id="oc-1e3">
         <name>.text:I2CMStateReadWait</name>
         <load_address>0xcedc</load_address>
         <run_address>0xcedc</run_address>
         <size>0x1a</size>
         <input_file_ref idref="fl-16a"/>
      </object_component>
      <object_component id="oc-2a">
         <name>.text</name>
         <load_address>0xcef8</load_address>
         <run_address>0xcef8</run_address>
         <size>0x1a</size>
         <input_file_ref idref="fl-4"/>
      </object_component>
      <object_component id="oc-48b">
         <name>.text:TMP006DataTemperatureGetRaw</name>
         <load_address>0xcf12</load_address>
         <run_address>0xcf12</run_address>
         <size>0x18</size>
         <input_file_ref idref="fl-16d"/>
      </object_component>
      <object_component id="oc-eb">
         <name>.text:TimerIntRegister</name>
         <load_address>0xcf2a</load_address>
         <run_address>0xcf2a</run_address>
         <size>0x18</size>
         <input_file_ref idref="fl-174"/>
      </object_component>
      <object_component id="oc-76">
         <name>.text</name>
         <load_address>0xcf44</load_address>
         <run_address>0xcf44</run_address>
         <size>0x18</size>
         <input_file_ref idref="fl-14f"/>
      </object_component>
      <object_component id="oc-3ae">
         <name>.text:SHT21Callback</name>
         <load_address>0xcf5c</load_address>
         <run_address>0xcf5c</run_address>
         <size>0x16</size>
         <input_file_ref idref="fl-16c"/>
      </object_component>
      <object_component id="oc-62a">
         <name>.text</name>
         <load_address>0xcf72</load_address>
         <run_address>0xcf72</run_address>
         <size>0x16</size>
         <input_file_ref idref="fl-15d"/>
      </object_component>
      <object_component id="oc-3f5">
         <name>.text</name>
         <load_address>0xcf88</load_address>
         <run_address>0xcf88</run_address>
         <size>0x14</size>
         <input_file_ref idref="fl-14d"/>
      </object_component>
      <object_component id="oc-264">
         <name>.text</name>
         <load_address>0xcf9c</load_address>
         <run_address>0xcf9c</run_address>
         <size>0x14</size>
         <input_file_ref idref="fl-14a"/>
      </object_component>
      <object_component id="oc-316">
         <name>.text:GPIOPinTypeEthernetLED</name>
         <load_address>0xcfb0</load_address>
         <run_address>0xcfb0</run_address>
         <size>0x12</size>
         <input_file_ref idref="fl-16f"/>
      </object_component>
      <object_component id="oc-549">
         <name>.text:GPIOPinTypeGPIOInput</name>
         <load_address>0xcfc2</load_address>
         <run_address>0xcfc2</run_address>
         <size>0x12</size>
         <input_file_ref idref="fl-16f"/>
      </object_component>
      <object_component id="oc-df">
         <name>.text:GPIOPinTypeI2CSCL</name>
         <load_address>0xcfd4</load_address>
         <run_address>0xcfd4</run_address>
         <size>0x12</size>
         <input_file_ref idref="fl-16f"/>
      </object_component>
      <object_component id="oc-537">
         <name>.text:GPIOPinTypeSSI</name>
         <load_address>0xcfe6</load_address>
         <run_address>0xcfe6</run_address>
         <size>0x12</size>
         <input_file_ref idref="fl-16f"/>
      </object_component>
      <object_component id="oc-561">
         <name>.text:SSIDataGetNonBlocking</name>
         <load_address>0xcff8</load_address>
         <run_address>0xcff8</run_address>
         <size>0x12</size>
         <input_file_ref idref="fl-172"/>
      </object_component>
      <object_component id="oc-187">
         <name>.text:FPUEnable</name>
         <load_address>0xd00c</load_address>
         <run_address>0xd00c</run_address>
         <size>0x10</size>
         <input_file_ref idref="fl-16e"/>
      </object_component>
      <object_component id="oc-18d">
         <name>.text:FPULazyStackingEnable</name>
         <load_address>0xd01c</load_address>
         <run_address>0xd01c</run_address>
         <size>0x10</size>
         <input_file_ref idref="fl-16e"/>
      </object_component>
      <object_component id="oc-555">
         <name>.text:IntMasterEnable</name>
         <load_address>0xd02c</load_address>
         <run_address>0xd02c</run_address>
         <size>0x10</size>
         <input_file_ref idref="fl-171"/>
      </object_component>
      <object_component id="oc-b1">
         <name>.text:SysCtlReset</name>
         <load_address>0xd03c</load_address>
         <run_address>0xd03c</run_address>
         <size>0x10</size>
         <input_file_ref idref="fl-173"/>
      </object_component>
      <object_component id="oc-193">
         <name>.text:GPIOIntDisable</name>
         <load_address>0xd04c</load_address>
         <run_address>0xd04c</run_address>
         <size>0xe</size>
         <input_file_ref idref="fl-16f"/>
      </object_component>
      <object_component id="oc-8d">
         <name>.text:GPIOIntStatus</name>
         <load_address>0xd05a</load_address>
         <run_address>0xd05a</run_address>
         <size>0xe</size>
         <input_file_ref idref="fl-16f"/>
      </object_component>
      <object_component id="oc-55b">
         <name>.text:SSIDataPutNonBlocking</name>
         <load_address>0xd068</load_address>
         <run_address>0xd068</run_address>
         <size>0xe</size>
         <input_file_ref idref="fl-172"/>
      </object_component>
      <object_component id="oc-12">
         <name>.text:decompress:none</name>
         <load_address>0xd076</load_address>
         <run_address>0xd076</run_address>
         <size>0xe</size>
         <input_file_ref idref="fl-13f"/>
      </object_component>
      <object_component id="oc-673">
         <name>.text:CPUcpsie</name>
         <load_address>0xd084</load_address>
         <run_address>0xd084</run_address>
         <size>0xc</size>
         <input_file_ref idref="fl-175"/>
      </object_component>
      <object_component id="oc-e5">
         <name>.text:GPIOIntEnable</name>
         <load_address>0xd090</load_address>
         <run_address>0xd090</run_address>
         <size>0xc</size>
         <input_file_ref idref="fl-16f"/>
      </object_component>
      <object_component id="oc-4d6">
         <name>.text:ISL29023DataLightVisibleGetRaw</name>
         <load_address>0xd09c</load_address>
         <run_address>0xd09c</run_address>
         <size>0xc</size>
         <input_file_ref idref="fl-16b"/>
      </object_component>
      <object_component id="oc-433">
         <name>.text:IntTrigger</name>
         <load_address>0xd0a8</load_address>
         <run_address>0xd0a8</run_address>
         <size>0xc</size>
         <input_file_ref idref="fl-171"/>
      </object_component>
      <object_component id="oc-4c8">
         <name>.text:SHT21DataHumidityGetRaw</name>
         <load_address>0xd0b4</load_address>
         <run_address>0xd0b4</run_address>
         <size>0xc</size>
         <input_file_ref idref="fl-16c"/>
      </object_component>
      <object_component id="oc-4cf">
         <name>.text:SHT21DataTemperatureGetRaw</name>
         <load_address>0xd0c0</load_address>
         <run_address>0xd0c0</run_address>
         <size>0xc</size>
         <input_file_ref idref="fl-16c"/>
      </object_component>
      <object_component id="oc-1e">
         <name>.text:decompress:ZI</name>
         <load_address>0xd0cc</load_address>
         <run_address>0xd0cc</run_address>
         <size>0xc</size>
         <input_file_ref idref="fl-141"/>
      </object_component>
      <object_component id="oc-510">
         <name>.text:I2CMasterEnable</name>
         <load_address>0xd0d8</load_address>
         <run_address>0xd0d8</run_address>
         <size>0xa</size>
         <input_file_ref idref="fl-170"/>
      </object_component>
      <object_component id="oc-543">
         <name>.text:SSIEnable</name>
         <load_address>0xd0e2</load_address>
         <run_address>0xd0e2</run_address>
         <size>0xa</size>
         <input_file_ref idref="fl-172"/>
      </object_component>
      <object_component id="oc-1d1">
         <name>.text:I2CMasterIntClear</name>
         <load_address>0xd0ec</load_address>
         <run_address>0xd0ec</run_address>
         <size>0x8</size>
         <input_file_ref idref="fl-170"/>
      </object_component>
      <object_component id="oc-34c">
         <name>.text:I2CMasterIntEnableEx</name>
         <load_address>0xd0f4</load_address>
         <run_address>0xd0f4</run_address>
         <size>0x8</size>
         <input_file_ref idref="fl-170"/>
      </object_component>
      <object_component id="oc-411">
         <name>.text:I2CMasterSlaveAddrSet</name>
         <load_address>0xd0fc</load_address>
         <run_address>0xd0fc</run_address>
         <size>0x8</size>
         <input_file_ref idref="fl-170"/>
      </object_component>
      <object_component id="oc-567">
         <name>.text:SSIBusy</name>
         <load_address>0xd104</load_address>
         <run_address>0xd104</run_address>
         <size>0x8</size>
         <input_file_ref idref="fl-172"/>
      </object_component>
      <object_component id="oc-31c">
         <name>.text:GPIOPinWrite</name>
         <load_address>0xd10c</load_address>
         <run_address>0xd10c</run_address>
         <size>0x6</size>
         <input_file_ref idref="fl-16f"/>
      </object_component>
      <object_component id="oc-245">
         <name>.text:SysCtlDelay</name>
         <load_address>0xd112</load_address>
         <run_address>0xd112</run_address>
         <size>0x6</size>
         <input_file_ref idref="fl-173"/>
      </object_component>
      <object_component id="oc-18">
         <name>.text:decompress:rle24</name>
         <load_address>0xd118</load_address>
         <run_address>0xd118</run_address>
         <size>0x6</size>
         <input_file_ref idref="fl-140"/>
      </object_component>
      <object_component id="oc-30e">
         <name>.const:g_pppui32XTALtoVCO</name>
         <load_address>0xd120</load_address>
         <run_address>0xd120</run_address>
         <size>0x120</size>
         <input_file_ref idref="fl-173"/>
      </object_component>
      <object_component id="oc-5e4">
         <name>.const:.string:_ctypes_</name>
         <load_address>0xd240</load_address>
         <run_address>0xd240</run_address>
         <size>0x101</size>
         <input_file_ref idref="fl-142"/>
      </object_component>
      <object_component id="oc-452">
         <name>.const:.string</name>
         <load_address>0xd341</load_address>
         <run_address>0xd341</run_address>
         <size>0xc3</size>
         <input_file_ref idref="fl-11"/>
      </object_component>
      <object_component id="oc-669">
         <name>.const:g_pui32GPIOBaseAddrs</name>
         <load_address>0xd404</load_address>
         <run_address>0xd404</run_address>
         <size>0x90</size>
         <input_file_ref idref="fl-16f"/>
      </object_component>
      <object_component id="oc-50a">
         <name>.const</name>
         <load_address>0xd494</load_address>
         <run_address>0xd494</run_address>
         <size>0x70</size>
         <input_file_ref idref="fl-171"/>
      </object_component>
      <object_component id="oc-30b">
         <name>.const:g_pui32Xtals</name>
         <load_address>0xd504</load_address>
         <run_address>0xd504</run_address>
         <size>0x6c</size>
         <input_file_ref idref="fl-173"/>
      </object_component>
      <object_component id="oc-4fe">
         <name>.const:g_ppui32TimerIntMap</name>
         <load_address>0xd570</load_address>
         <run_address>0xd570</run_address>
         <size>0x60</size>
         <input_file_ref idref="fl-174"/>
      </object_component>
      <object_component id="oc-118">
         <name>.const</name>
         <load_address>0xd5d0</load_address>
         <run_address>0xd5d0</run_address>
         <size>0x54</size>
         <input_file_ref idref="fl-3"/>
      </object_component>
      <object_component id="oc-501">
         <name>.const:g_ppui32TimerIntMapSnowflake</name>
         <load_address>0xd624</load_address>
         <run_address>0xd624</run_address>
         <size>0x40</size>
         <input_file_ref idref="fl-174"/>
      </object_component>
      <object_component id="oc-455">
         <name>.const:.string:STR_CONTENT</name>
         <load_address>0xd664</load_address>
         <run_address>0xd664</run_address>
         <size>0x3f</size>
         <input_file_ref idref="fl-11"/>
      </object_component>
      <object_component id="oc-51f">
         <name>.const:OpcodeTranslateTable</name>
         <load_address>0xd6a4</load_address>
         <run_address>0xd6a4</run_address>
         <size>0x3c</size>
         <input_file_ref idref="fl-8"/>
      </object_component>
      <object_component id="oc-383">
         <name>.const</name>
         <load_address>0xd6e0</load_address>
         <run_address>0xd6e0</run_address>
         <size>0x3c</size>
         <input_file_ref idref="fl-10"/>
      </object_component>
      <object_component id="oc-45b">
         <name>.const:.string:STR_ACCEPT</name>
         <load_address>0xd71c</load_address>
         <run_address>0xd71c</run_address>
         <size>0x39</size>
         <input_file_ref idref="fl-11"/>
      </object_component>
      <object_component id="oc-522">
         <name>.const:_SlActionLookupTable</name>
         <load_address>0xd758</load_address>
         <run_address>0xd758</run_address>
         <size>0x38</size>
         <input_file_ref idref="fl-8"/>
      </object_component>
      <object_component id="oc-5ce">
         <name>.const</name>
         <load_address>0xd790</load_address>
         <run_address>0xd790</run_address>
         <size>0x34</size>
         <input_file_ref idref="fl-e"/>
      </object_component>
      <object_component id="oc-51c">
         <name>.const</name>
         <load_address>0xd7c4</load_address>
         <run_address>0xd7c4</run_address>
         <size>0x30</size>
         <input_file_ref idref="fl-8"/>
      </object_component>
      <object_component id="oc-4e6">
         <name>.const:g_sXTALtoMEMTIM</name>
         <load_address>0xd7f4</load_address>
         <run_address>0xd7f4</run_address>
         <size>0x30</size>
         <input_file_ref idref="fl-173"/>
      </object_component>
      <object_component id="oc-4dc">
         <name>.const</name>
         <load_address>0xd824</load_address>
         <run_address>0xd824</run_address>
         <size>0x30</size>
         <input_file_ref idref="fl-16b"/>
      </object_component>
      <object_component id="oc-45e">
         <name>.const:.string:STR_CONTENT_JSON</name>
         <load_address>0xd854</load_address>
         <run_address>0xd854</run_address>
         <size>0x2e</size>
         <input_file_ref idref="fl-11"/>
      </object_component>
      <object_component id="oc-115">
         <name>.const:$P$T0$1</name>
         <load_address>0xd884</load_address>
         <run_address>0xd884</run_address>
         <size>0x2c</size>
         <input_file_ref idref="fl-3"/>
      </object_component>
      <object_component id="oc-5d8">
         <name>.const</name>
         <load_address>0xd8b0</load_address>
         <run_address>0xd8b0</run_address>
         <size>0x2c</size>
         <input_file_ref idref="fl-a"/>
      </object_component>
      <object_component id="oc-461">
         <name>.const:.string:STR_ACCEPT_JSON</name>
         <load_address>0xd8dc</load_address>
         <run_address>0xd8dc</run_address>
         <size>0x28</size>
         <input_file_ref idref="fl-11"/>
      </object_component>
      <object_component id="oc-397">
         <name>.const</name>
         <load_address>0xd904</load_address>
         <run_address>0xd904</run_address>
         <size>0x28</size>
         <input_file_ref idref="fl-b"/>
      </object_component>
      <object_component id="oc-16a">
         <name>.const</name>
         <load_address>0xd92c</load_address>
         <run_address>0xd92c</run_address>
         <size>0x28</size>
         <input_file_ref idref="fl-5"/>
      </object_component>
      <object_component id="oc-2a3">
         <name>.const</name>
         <load_address>0xd954</load_address>
         <run_address>0xd954</run_address>
         <size>0x20</size>
         <input_file_ref idref="fl-2"/>
      </object_component>
      <object_component id="oc-35f">
         <name>.const</name>
         <load_address>0xd974</load_address>
         <run_address>0xd974</run_address>
         <size>0x1c</size>
         <input_file_ref idref="fl-7"/>
      </object_component>
      <object_component id="oc-3c9">
         <name>.const:.string</name>
         <load_address>0xd990</load_address>
         <run_address>0xd990</run_address>
         <size>0x12</size>
         <input_file_ref idref="fl-5"/>
      </object_component>
      <object_component id="oc-5cb">
         <name>.const:.string</name>
         <load_address>0xd9a2</load_address>
         <run_address>0xd9a2</run_address>
         <size>0x10</size>
         <input_file_ref idref="fl-e"/>
      </object_component>
      <object_component id="oc-255">
         <name>.const:.string</name>
         <load_address>0xd9b2</load_address>
         <run_address>0xd9b2</run_address>
         <size>0xa</size>
         <input_file_ref idref="fl-2"/>
      </object_component>
      <object_component id="oc-311">
         <name>.const</name>
         <load_address>0xd9bc</load_address>
         <run_address>0xd9bc</run_address>
         <size>0x8</size>
         <input_file_ref idref="fl-173"/>
      </object_component>
      <object_component id="oc-38d">
         <name>.const</name>
         <load_address>0xd9c4</load_address>
         <run_address>0xd9c4</run_address>
         <size>0x8</size>
         <input_file_ref idref="fl-c"/>
      </object_component>
      <object_component id="oc-752">
         <name>.cinit..data.load</name>
         <load_address>0xd9d0</load_address>
         <run_address>0xd9d0</run_address>
         <size>0x81</size>
      </object_component>
      <object_component id="oc-74f">
         <name>__TI_handler_table</name>
         <load_address>0xda54</load_address>
         <run_address>0xda54</run_address>
         <size>0xc</size>
      </object_component>
      <object_component id="oc-753">
         <name>.cinit..bss.load</name>
         <load_address>0xda60</load_address>
         <run_address>0xda60</run_address>
         <size>0x8</size>
      </object_component>
      <object_component id="oc-751">
         <name>.cinit..vtable.load</name>
         <load_address>0xda68</load_address>
         <run_address>0xda68</run_address>
         <size>0x8</size>
      </object_component>
      <object_component id="oc-750">
         <name>__TI_cinit_table</name>
         <load_address>0xda70</load_address>
         <run_address>0xda70</run_address>
         <size>0x18</size>
      </object_component>
      <object_component id="oc-505">
         <name>.vtable</name>
         <uninitialized>true</uninitialized>
         <run_address>0x20000000</run_address>
         <size>0x26c</size>
         <input_file_ref idref="fl-171"/>
      </object_component>
      <object_component id="oc-29">
         <name>.stack</name>
         <uninitialized>true</uninitialized>
         <run_address>0x2000026c</run_address>
         <size>0x0</size>
         <input_file_ref idref="fl-13e"/>
      </object_component>
      <object_component id="oc-754">
         <name>.stack</name>
         <uninitialized>true</uninitialized>
         <run_address>0x2000026c</run_address>
         <size>0x0</size>
      </object_component>
      <object_component id="oc-270">
         <name>.bss:post_str</name>
         <uninitialized>true</uninitialized>
         <run_address>0x2000186c</run_address>
         <size>0x200</size>
         <input_file_ref idref="fl-2"/>
      </object_component>
      <object_component id="oc-c1">
         <name>.bss:g_sI2CInst</name>
         <uninitialized>true</uninitialized>
         <run_address>0x20001bd4</run_address>
         <size>0x124</size>
         <input_file_ref idref="fl-3"/>
      </object_component>
      <object_component id="oc-c4">
         <name>.bss:g_sTMP006Inst</name>
         <uninitialized>true</uninitialized>
         <run_address>0x20001dbc</run_address>
         <size>0x30</size>
         <input_file_ref idref="fl-3"/>
      </object_component>
      <object_component id="oc-d0">
         <name>.bss:g_sBMP180Inst</name>
         <uninitialized>true</uninitialized>
         <run_address>0x20001d78</run_address>
         <size>0x44</size>
         <input_file_ref idref="fl-3"/>
      </object_component>
      <object_component id="oc-145">
         <name>.bss:g_sSHT21Inst</name>
         <uninitialized>true</uninitialized>
         <run_address>0x20001e18</run_address>
         <size>0x2c</size>
         <input_file_ref idref="fl-3"/>
      </object_component>
      <object_component id="oc-ca">
         <name>.bss:g_sISL29023Inst</name>
         <uninitialized>true</uninitialized>
         <run_address>0x20001dec</run_address>
         <size>0x2c</size>
         <input_file_ref idref="fl-3"/>
      </object_component>
      <object_component id="oc-170">
         <name>.bss:g_pcUARTTxBuffer</name>
         <uninitialized>true</uninitialized>
         <run_address>0x2000126c</run_address>
         <size>0x400</size>
         <input_file_ref idref="fl-5"/>
      </object_component>
      <object_component id="oc-173">
         <name>.bss:g_pcUARTRxBuffer</name>
         <uninitialized>true</uninitialized>
         <run_address>0x20001cf8</run_address>
         <size>0x80</size>
         <input_file_ref idref="fl-5"/>
      </object_component>
      <object_component id="oc-518">
         <name>.bss:g_StatMem</name>
         <uninitialized>true</uninitialized>
         <run_address>0x20001a6c</run_address>
         <size>0x168</size>
         <input_file_ref idref="fl-8"/>
      </object_component>
      <object_component id="oc-44b">
         <name>.bss:uuidBuffer</name>
         <uninitialized>true</uninitialized>
         <run_address>0x20001e44</run_address>
         <size>0x28</size>
         <input_file_ref idref="fl-11"/>
      </object_component>
      <object_component id="oc-458">
         <name>.bss:exoPal_rxBuffer</name>
         <uninitialized>true</uninitialized>
         <run_address>0x2000166c</run_address>
         <size>0x200</size>
         <input_file_ref idref="fl-12"/>
      </object_component>
      <object_component id="oc-c7">
         <name>.common:g_vui8IntensityFlag</name>
         <uninitialized>true</uninitialized>
         <run_address>0x20001ea4</run_address>
         <size>0x4</size>
      </object_component>
      <object_component id="oc-bd">
         <name>.common:g_vui8DataFlag</name>
         <uninitialized>true</uninitialized>
         <run_address>0x20001e9c</run_address>
         <size>0x4</size>
      </object_component>
      <object_component id="oc-c0">
         <name>.common:g_vui8ErrorFlag</name>
         <uninitialized>true</uninitialized>
         <run_address>0x20001ea0</run_address>
         <size>0x4</size>
      </object_component>
      <object_component id="oc-17b">
         <name>.common:g_bDisableEcho</name>
         <uninitialized>true</uninitialized>
         <run_address>0x20001eab</run_address>
         <size>0x1</size>
      </object_component>
      <object_component id="oc-16d">
         <name>.common:g_ui32PortNum</name>
         <uninitialized>true</uninitialized>
         <run_address>0x20001e98</run_address>
         <size>0x4</size>
      </object_component>
      <object_component id="oc-51b">
         <name>.common:RxIrqCnt</name>
         <uninitialized>true</uninitialized>
         <run_address>0x20001ea9</run_address>
         <size>0x1</size>
      </object_component>
      <object_component id="oc-365">
         <name>.common:g_bDeviceRestartIsRequired</name>
         <uninitialized>true</uninitialized>
         <run_address>0x20001eaa</run_address>
         <size>0x1</size>
      </object_component>
      <object_component id="oc-44e">
         <name>.common:vendorBuffer</name>
         <uninitialized>true</uninitialized>
         <run_address>0x20001e80</run_address>
         <size>0x14</size>
      </object_component>
      <object_component id="oc-451">
         <name>.common:modelBuffer</name>
         <uninitialized>true</uninitialized>
         <run_address>0x20001e6c</run_address>
         <size>0x14</size>
      </object_component>
      <object_component id="oc-19f">
         <name>.common:IntIsMasked</name>
         <uninitialized>true</uninitialized>
         <run_address>0x20001ea8</run_address>
         <size>0x1</size>
      </object_component>
      <object_component id="oc-199">
         <name>.common:g_SysClock</name>
         <uninitialized>true</uninitialized>
         <run_address>0x20001e94</run_address>
         <size>0x4</size>
      </object_component>
      <object_component id="oc-252">
         <name>.data</name>
         <load_address>0x20002070</load_address>
         <run_address>0x20002070</run_address>
         <size>0xc</size>
         <input_file_ref idref="fl-2"/>
      </object_component>
      <object_component id="oc-cd">
         <name>.data</name>
         <load_address>0x2000205c</load_address>
         <run_address>0x2000205c</run_address>
         <size>0x12</size>
         <input_file_ref idref="fl-3"/>
      </object_component>
      <object_component id="oc-167">
         <name>.data</name>
         <load_address>0x20002044</load_address>
         <run_address>0x20002044</run_address>
         <size>0x15</size>
         <input_file_ref idref="fl-5"/>
      </object_component>
      <object_component id="oc-362">
         <name>.data</name>
         <load_address>0x2000207c</load_address>
         <run_address>0x2000207c</run_address>
         <size>0x9</size>
         <input_file_ref idref="fl-8"/>
      </object_component>
      <object_component id="oc-37e">
         <name>.data:g__SlNonOsCB</name>
         <load_address>0x20001fe0</load_address>
         <run_address>0x20001fe0</run_address>
         <size>0x3c</size>
         <input_file_ref idref="fl-d"/>
      </object_component>
      <object_component id="oc-445">
         <name>.data:cikBuffer</name>
         <load_address>0x2000201c</load_address>
         <run_address>0x2000201c</run_address>
         <size>0x28</size>
         <input_file_ref idref="fl-11"/>
      </object_component>
      <object_component id="oc-448">
         <name>.data</name>
         <load_address>0x2000206e</load_address>
         <run_address>0x2000206e</run_address>
         <size>0x2</size>
         <input_file_ref idref="fl-11"/>
      </object_component>
      <object_component id="oc-476">
         <name>.data</name>
         <load_address>0x20002088</load_address>
         <run_address>0x20002088</run_address>
         <size>0x8</size>
         <input_file_ref idref="fl-12"/>
      </object_component>
      <object_component id="oc-240">
         <name>.data</name>
         <load_address>0x20002059</load_address>
         <run_address>0x20002059</run_address>
         <size>0x3</size>
         <input_file_ref idref="fl-13"/>
      </object_component>
      <object_component id="oc-19c">
         <name>.data</name>
         <load_address>0x200020a8</load_address>
         <run_address>0x200020a8</run_address>
         <size>0x4</size>
         <input_file_ref idref="fl-15"/>
      </object_component>
      <object_component id="oc-1c9">
         <name>.data</name>
         <load_address>0x20002098</load_address>
         <run_address>0x20002098</run_address>
         <size>0x8</size>
         <input_file_ref idref="fl-143"/>
      </object_component>
      <object_component id="oc-82">
         <name>.data</name>
         <load_address>0x200020b0</load_address>
         <run_address>0x200020b0</run_address>
         <size>0x4</size>
         <input_file_ref idref="fl-149"/>
      </object_component>
      <object_component id="oc-1c6">
         <name>.data</name>
         <load_address>0x20002090</load_address>
         <run_address>0x20002090</run_address>
         <size>0x8</size>
         <input_file_ref idref="fl-14d"/>
      </object_component>
      <object_component id="oc-6ef">
         <name>.data</name>
         <load_address>0x20001f60</load_address>
         <run_address>0x20001f60</run_address>
         <size>0x80</size>
         <input_file_ref idref="fl-163"/>
      </object_component>
      <object_component id="oc-6a4">
         <name>.data</name>
         <load_address>0x200020ac</load_address>
         <run_address>0x200020ac</run_address>
         <size>0x4</size>
         <input_file_ref idref="fl-164"/>
      </object_component>
      <object_component id="oc-6dd">
         <name>.data</name>
         <load_address>0x200020a0</load_address>
         <run_address>0x200020a0</run_address>
         <size>0x8</size>
         <input_file_ref idref="fl-165"/>
      </object_component>
[...]
         <name>_register_unlock</name>
         <value>0xcf89</value>
         <object_component_ref idref="oc-3f5"/>
      </symbol>
      <symbol id="sm-df4">
         <name>__TI_printfi</name>
         <value>0x2e11</value>
         <object_component_ref idref="oc-4ac"/>
      </symbol>
      <symbol id="sm-e09">
         <name>_args_main</name>
         <value>0xcf45</value>
         <object_component_ref idref="oc-76"/>
      </symbol>
      <symbol id="sm-e2f">
         <name>__TI_auto_init</name>
         <value>0xbbf9</value>
         <object_component_ref idref="oc-70"/>
      </symbol>
      <symbol id="sm-e49">
         <name>copy_in</name>
         <value>0xc769</value>
         <object_component_ref idref="oc-1bc"/>
      </symbol>
      <symbol id="sm-e6d">
         <name>__aeabi_dsub</name>
         <value>0xa8bd</value>
         <object_component_ref idref="oc-49b"/>
      </symbol>
      <symbol id="sm-e6e">
         <name>__aeabi_dadd</name>
         <value>0xa8c7</value>
         <object_component_ref idref="oc-49b"/>
      </symbol>
      <symbol id="sm-e95">
         <name>__aeabi_cdcmpeq</name>
         <value>0xb7b5</value>
         <object_component_ref idref="oc-5ff"/>
      </symbol>
      <symbol id="sm-e96">
         <name>__aeabi_cdcmple</name>
         <value>0xb7b5</value>
         <object_component_ref idref="oc-5ff"/>
      </symbol>
      <symbol id="sm-e97">
         <name>__aeabi_cdrcmple</name>
         <value>0xb83b</value>
         <object_component_ref idref="oc-609"/>
      </symbol>
      <symbol id="sm-eb7">
         <name>__aeabi_ddiv</name>
         <value>0xad45</value>
         <object_component_ref idref="oc-604"/>
      </symbol>
      <symbol id="sm-ece">
         <name>__aeabi_dmul</name>
         <value>0xb1c5</value>
         <object_component_ref idref="oc-496"/>
      </symbol>
      <symbol id="sm-edc">
         <name>__aeabi_d2iz</name>
         <value>0xc921</value>
         <object_component_ref idref="oc-60e"/>
      </symbol>
      <symbol id="sm-ee9">
         <name>frexp</name>
         <value>0xce31</value>
         <object_component_ref idref="oc-61e"/>
      </symbol>
      <symbol id="sm-ef3">
         <name>__aeabi_idiv0</name>
         <value>0x3117</value>
         <object_component_ref idref="oc-3d2"/>
      </symbol>
      <symbol id="sm-eff">
         <name>__aeabi_i2d</name>
         <value>0xcd81</value>
         <object_component_ref idref="oc-619"/>
      </symbol>
      <symbol id="sm-f10">
         <name>ldexp</name>
         <value>0xc3c1</value>
         <object_component_ref idref="oc-624"/>
      </symbol>
      <symbol id="sm-f1f">
         <name>ltoa</name>
         <value>0xc21b</value>
         <object_component_ref idref="oc-613"/>
      </symbol>
      <symbol id="sm-f2f">
         <name>memccpy</name>
         <value>0xcec1</value>
         <object_component_ref idref="oc-636"/>
      </symbol>
      <symbol id="sm-f3f">
         <name>strchr</name>
         <value>0xcf73</value>
         <object_component_ref idref="oc-62a"/>
      </symbol>
      <symbol id="sm-f69">
         <name>__aeabi_uldivmod</name>
         <value>0xa2fd</value>
         <object_component_ref idref="oc-5fa"/>
      </symbol>
      <symbol id="sm-f77">
         <name>_Dclass</name>
         <value>0xcd21</value>
         <object_component_ref idref="oc-630"/>
      </symbol>
      <symbol id="sm-f98">
         <name>_Dscale</name>
         <value>0xafad</value>
         <object_component_ref idref="oc-6ba"/>
      </symbol>
      <symbol id="sm-fac">
         <name>_Dunscale</name>
         <value>0xbe09</value>
         <object_component_ref idref="oc-6b2"/>
      </symbol>
      <symbol id="sm-fbb">
         <name>_Feraise</name>
         <value>0xcd51</value>
         <object_component_ref idref="oc-5f2"/>
      </symbol>
      <symbol id="sm-fcb">
         <name>_Rteps</name>
         <value>0x20001fc0</value>
         <object_component_ref idref="oc-6ef"/>
      </symbol>
      <symbol id="sm-fcc">
         <name>_Zero</name>
         <value>0x20001fd8</value>
         <object_component_ref idref="oc-6ef"/>
      </symbol>
      <symbol id="sm-fcd">
         <name>_Hugeval</name>
         <value>0x20001f80</value>
         <object_component_ref idref="oc-6ef"/>
      </symbol>
      <symbol id="sm-fce">
         <name>_Snan</name>
         <value>0x20001fb0</value>
         <object_component_ref idref="oc-6ef"/>
      </symbol>
      <symbol id="sm-fcf">
         <name>_Nan</name>
         <value>0x20001fa0</value>
         <object_component_ref idref="oc-6ef"/>
      </symbol>
      <symbol id="sm-fd0">
         <name>_Inf</name>
         <value>0x20001f90</value>
         <object_component_ref idref="oc-6ef"/>
      </symbol>
      <symbol id="sm-fd1">
         <name>_Xbig</name>
         <value>0x20001fd0</value>
         <object_component_ref idref="oc-6ef"/>
      </symbol>
      <symbol id="sm-fd2">
         <name>_Eps</name>
         <value>0x20001f70</value>
         <object_component_ref idref="oc-6ef"/>
      </symbol>
      <symbol id="sm-fd3">
         <name>_Denorm</name>
         <value>0x20001f60</value>
         <object_component_ref idref="oc-6ef"/>
      </symbol>
      <symbol id="sm-fdb">
         <name>_Errno</name>
         <value>0x200020ac</value>
         <object_component_ref idref="oc-6a4"/>
      </symbol>
      <symbol id="sm-ff9">
         <name>feraiseexcept</name>
         <value>0xcc89</value>
         <object_component_ref idref="oc-69e"/>
      </symbol>
      <symbol id="sm-ffa">
         <name>_Tls_setup__Fenv</name>
         <value>0x200020a4</value>
         <object_component_ref idref="oc-6dd"/>
      </symbol>
      <symbol id="sm-ffb">
         <name>_Fenv</name>
         <value>0x200020a0</value>
         <object_component_ref idref="oc-6dd"/>
      </symbol>
      <symbol id="sm-100f">
         <name>raise</name>
         <value>0xcdaf</value>
         <object_component_ref idref="oc-6d7"/>
      </symbol>
      <symbol id="sm-1029">
         <name>signal</name>
         <value>0xcab9</value>
         <object_component_ref idref="oc-6fc"/>
      </symbol>
      <symbol id="sm-103e">
         <name>_Dnorm</name>
         <value>0xb4a5</value>
         <object_component_ref idref="oc-6e5"/>
      </symbol>
      <symbol id="sm-109f">
         <name>BMP180DataPressureGetFloat</name>
         <value>0xa4f1</value>
         <object_component_ref idref="oc-279"/>
      </symbol>
      <symbol id="sm-10a0">
         <name>BMP180DataTemperatureGetFloat</name>
         <value>0xb8c1</value>
         <object_component_ref idref="oc-273"/>
      </symbol>
      <symbol id="sm-10a1">
         <name>BMP180DataRead</name>
         <value>0xc115</value>
         <object_component_ref idref="oc-b7"/>
      </symbol>
      <symbol id="sm-10a2">
         <name>BMP180Init</name>
         <value>0xc271</value>
         <object_component_ref idref="oc-127"/>
      </symbol>
      <symbol id="sm-11b3">
         <name>I2CMWrite8</name>
         <value>0xc2c5</value>
         <object_component_ref idref="oc-3be"/>
      </symbol>
      <symbol id="sm-11b4">
         <name>I2CMCommand</name>
         <value>0xb72d</value>
         <object_component_ref idref="oc-224"/>
      </symbol>
      <symbol id="sm-11b5">
         <name>I2CMReadModifyWrite16LE</name>
         <value>0xba39</value>
         <object_component_ref idref="oc-3a6"/>
      </symbol>
      <symbol id="sm-11b6">
         <name>I2CMInit</name>
         <value>0xcbeb</value>
         <object_component_ref idref="oc-f1"/>
      </symbol>
      <symbol id="sm-11b7">
         <name>I2CMReadModifyWrite8</name>
         <value>0xb9c1</value>
         <object_component_ref idref="oc-3b7"/>
      </symbol>
      <symbol id="sm-11b8">
         <name>I2CMTransferResume</name>
         <value>0xccf1</value>
         <object_component_ref idref="oc-681"/>
      </symbol>
      <symbol id="sm-11b9">
         <name>I2CMIntHandler</name>
         <value>0xb2c1</value>
         <object_component_ref idref="oc-87"/>
      </symbol>
      <symbol id="sm-121e">
         <name>g_fBetaLookup</name>
         <value>0xd844</value>
         <object_component_ref idref="oc-4dc"/>
      </symbol>
      <symbol id="sm-121f">
         <name>g_fRangeLookup</name>
         <value>0xd824</value>
         <object_component_ref idref="oc-4dc"/>
      </symbol>
      <symbol id="sm-1220">
         <name>ISL29023DataRead</name>
         <value>0xc465</value>
         <object_component_ref idref="oc-9f"/>
      </symbol>
      <symbol id="sm-1221">
         <name>g_fResolutionLookup</name>
         <value>0xd834</value>
         <object_component_ref idref="oc-4dc"/>
      </symbol>
      <symbol id="sm-1222">
         <name>ISL29023DataLightVisibleGetRaw</name>
         <value>0xd09d</value>
         <object_component_ref idref="oc-4d6"/>
      </symbol>
      <symbol id="sm-1223">
         <name>ISL29023DataLightVisibleGetFloat</name>
         <value>0xc891</value>
         <object_component_ref idref="oc-297"/>
      </symbol>
      <symbol id="sm-1224">
         <name>ISL29023ReadModifyWrite</name>
         <value>0xc5a1</value>
         <object_component_ref idref="oc-139"/>
      </symbol>
      <symbol id="sm-1225">
         <name>ISL29023Read</name>
         <value>0xc4b5</value>
         <object_component_ref idref="oc-29d"/>
      </symbol>
      <symbol id="sm-1226">
         <name>ISL29023Write</name>
         <value>0xbcd1</value>
         <object_component_ref idref="oc-13f"/>
      </symbol>
      <symbol id="sm-1227">
         <name>ISL29023Init</name>
         <value>0xc319</value>
         <object_component_ref idref="oc-133"/>
      </symbol>
      <symbol id="sm-1280">
         <name>SHT21DataTemperatureGetRaw</name>
         <value>0xd0c1</value>
         <object_component_ref idref="oc-4cf"/>
      </symbol>
      <symbol id="sm-1281">
         <name>SHT21DataHumidityGetFloat</name>
         <value>0xbaad</value>
         <object_component_ref idref="oc-28b"/>
      </symbol>
      <symbol id="sm-1282">
         <name>SHT21DataTemperatureGetFloat</name>
         <value>0xbf35</value>
         <object_component_ref idref="oc-291"/>
      </symbol>
      <symbol id="sm-1283">
         <name>SHT21Write</name>
         <value>0xc685</value>
         <object_component_ref idref="oc-27f"/>
      </symbol>
      <symbol id="sm-1284">
         <name>SHT21DataRead</name>
         <value>0xc5ed</value>
         <object_component_ref idref="oc-285"/>
      </symbol>
      <symbol id="sm-1285">
         <name>SHT21Init</name>
         <value>0xc639</value>
         <object_component_ref idref="oc-12d"/>
      </symbol>
      <symbol id="sm-1286">
         <name>SHT21DataHumidityGetRaw</name>
         <value>0xd0b5</value>
         <object_component_ref idref="oc-4c8"/>
      </symbol>
      <symbol id="sm-12d7">
         <name>TMP006DataTemperatureGetRaw</name>
         <value>0xcf13</value>
         <object_component_ref idref="oc-48b"/>
      </symbol>
      <symbol id="sm-12d8">
         <name>TMP006Init</name>
         <value>0xc16d</value>
         <object_component_ref idref="oc-11b"/>
      </symbol>
      <symbol id="sm-12d9">
         <name>TMP006DataTemperatureGetFloat</name>
         <value>0xa6d9</value>
         <object_component_ref idref="oc-258"/>
      </symbol>
      <symbol id="sm-12da">
         <name>TMP006DataRead</name>
         <value>0xc36d</value>
         <object_component_ref idref="oc-99"/>
      </symbol>
      <symbol id="sm-12db">
         <name>TMP006ReadModifyWrite</name>
         <value>0xbff5</value>
         <object_component_ref idref="oc-121"/>
      </symbol>
      <symbol id="sm-12f1">
         <name>FPULazyStackingEnable</name>
         <value>0xd01d</value>
         <object_component_ref idref="oc-18d"/>
      </symbol>
      <symbol id="sm-12f2">
         <name>FPUEnable</name>
         <value>0xd00d</value>
         <object_component_ref idref="oc-187"/>
      </symbol>
      <symbol id="sm-1374">
         <name>GPIOPinConfigure</name>
         <value>0xc801</value>
         <object_component_ref idref="oc-531"/>
      </symbol>
      <symbol id="sm-1375">
         <name>GPIOPinTypeI2CSCL</name>
         <value>0xcfd5</value>
         <object_component_ref idref="oc-df"/>
      </symbol>
      <symbol id="sm-1376">
         <name>GPIOIntDisable</name>
         <value>0xd04d</value>
         <object_component_ref idref="oc-193"/>
      </symbol>
      <symbol id="sm-1377">
         <name>GPIOIntEnable</name>
         <value>0xd091</value>
         <object_component_ref idref="oc-e5"/>
      </symbol>
      <symbol id="sm-1378">
         <name>GPIOIntTypeSet</name>
         <value>0xc1c5</value>
         <object_component_ref idref="oc-54f"/>
      </symbol>
      <symbol id="sm-1379">
         <name>GPIOPinTypeGPIOInput</name>
         <value>0xcfc3</value>
         <object_component_ref idref="oc-549"/>
      </symbol>
      <symbol id="sm-137a">
         <name>GPIOIntClear</name>
         <value>0xaa73</value>
         <object_component_ref idref="oc-93"/>
      </symbol>
      <symbol id="sm-137b">
         <name>GPIOIntStatus</name>
         <value>0xd05b</value>
         <object_component_ref idref="oc-8d"/>
      </symbol>
      <symbol id="sm-137c">
         <name>GPIOPinRead</name>
         <value>0xb3b3</value>
         <object_component_ref idref="oc-322"/>
      </symbol>
      <symbol id="sm-137d">
         <name>GPIODirModeSet</name>
         <value>0xcddd</value>
         <object_component_ref idref="oc-32a"/>
      </symbol>
      <symbol id="sm-137e">
         <name>GPIOPinWrite</name>
         <value>0xd10d</value>
         <object_component_ref idref="oc-31c"/>
      </symbol>
      <symbol id="sm-137f">
         <name>GPIOPadConfigSet</name>
         <value>0xae7b</value>
         <object_component_ref idref="oc-23a"/>
      </symbol>
      <symbol id="sm-1380">
         <name>GPIOPinTypeSSI</name>
         <value>0xcfe7</value>
         <object_component_ref idref="oc-537"/>
      </symbol>
      <symbol id="sm-1381">
         <name>GPIOPinTypeEthernetLED</name>
         <value>0xcfb1</value>
         <object_component_ref idref="oc-316"/>
      </symbol>
      <symbol id="sm-13ca">
         <name>I2CMasterDataPut</name>
         <value>0x6a75</value>
         <object_component_ref idref="oc-419"/>
      </symbol>
      <symbol id="sm-13cb">
         <name>I2CMasterInitExpClk</name>
         <value>0xc555</value>
         <object_component_ref idref="oc-346"/>
      </symbol>
      <symbol id="sm-13cc">
         <name>I2CMasterSlaveAddrSet</name>
         <value>0xd0fd</value>
         <object_component_ref idref="oc-411"/>
      </symbol>
      <symbol id="sm-13cd">
         <name>I2CMasterDataGet</name>
         <value>0x5d95</value>
         <object_component_ref idref="oc-407"/>
      </symbol>
      <symbol id="sm-13ce">
         <name>I2CMasterIntEnableEx</name>
         <value>0xd0f5</value>
         <object_component_ref idref="oc-34c"/>
      </symbol>
      <symbol id="sm-13cf">
         <name>I2CMasterControl</name>
         <value>0x41ad</value>
         <object_component_ref idref="oc-1d7"/>
      </symbol>
      <symbol id="sm-13d0">
         <name>I2CMasterEnable</name>
         <value>0xd0d9</value>
         <object_component_ref idref="oc-510"/>
      </symbol>
      <symbol id="sm-13d1">
         <name>I2CMasterIntClear</name>
         <value>0xd0ed</value>
         <object_component_ref idref="oc-1d1"/>
      </symbol>
      <symbol id="sm-1441">
         <name>IntIsEnabled</name>
         <value>0xbe71</value>
         <object_component_ref idref="oc-427"/>
      </symbol>
      <symbol id="sm-1442">
         <name>IntEnable</name>
         <value>0xbda1</value>
         <object_component_ref idref="oc-33e"/>
      </symbol>
      <symbol id="sm-1443">
         <name>IntTrigger</name>
         <value>0xd0a9</value>
         <object_component_ref idref="oc-433"/>
      </symbol>
      <symbol id="sm-1444">
         <name>IntDisable</name>
         <value>0xbd39</value>
         <object_component_ref idref="oc-42d"/>
      </symbol>
      <symbol id="sm-1445">
         <name>IntRegister</name>
         <value>0xcc21</value>
         <object_component_ref idref="oc-338"/>
      </symbol>
      <symbol id="sm-1446">
         <name>g_pfnRAMVectors</name>
         <value>0x20000000</value>
         <object_component_ref idref="oc-505"/>
      </symbol>
      <symbol id="sm-1447">
         <name>IntMasterEnable</name>
         <value>0xd02d</value>
         <object_component_ref idref="oc-555"/>
      </symbol>
      <symbol id="sm-1476">
         <name>SSIDataGetNonBlocking</name>
         <value>0xcff9</value>
         <object_component_ref idref="oc-561"/>
      </symbol>
      <symbol id="sm-1477">
         <name>SSIDataPutNonBlocking</name>
         <value>0xd069</value>
         <object_component_ref idref="oc-55b"/>
      </symbol>
      <symbol id="sm-1478">
         <name>SSIConfigSetExpClk</name>
         <value>0xcb77</value>
         <object_component_ref idref="oc-53d"/>
      </symbol>
      <symbol id="sm-1479">
         <name>SSIEnable</name>
         <value>0xd0e3</value>
         <object_component_ref idref="oc-543"/>
      </symbol>
      <symbol id="sm-147a">
         <name>SSIBusy</name>
         <value>0xd105</value>
         <object_component_ref idref="oc-567"/>
      </symbol>
      <symbol id="sm-14f7">
         <name>SysCtlDelay</name>
         <value>0xd113</value>
         <object_component_ref idref="oc-245"/>
      </symbol>
      <symbol id="sm-14f8">
         <name>SysCtlPeripheralEnable</name>
         <value>0xcc55</value>
         <object_component_ref idref="oc-52b"/>
      </symbol>
      <symbol id="sm-14f9">
         <name>SysCtlReset</name>
         <value>0xd03d</value>
         <object_component_ref idref="oc-b1"/>
      </symbol>
      <symbol id="sm-14fa">
         <name>SysCtlClockFreqSet</name>
         <value>0x9f01</value>
         <object_component_ref idref="oc-d3"/>
      </symbol>
      <symbol id="sm-1526">
         <name>TimerIntRegister</name>
         <value>0xcf2b</value>
         <object_component_ref idref="oc-eb"/>
      </symbol>
      <symbol id="sm-1530">
         <name>CPUcpsie</name>
         <value>0xd085</value>
         <object_component_ref idref="oc-673"/>
      </symbol>
      <symbol id="sm-1540">
         <name>__aeabi_d2f</name>
         <value>0xbb1d</value>
         <object_component_ref idref="oc-4a0"/>
      </symbol>
      <symbol id="sm-154e">
         <name>__aeabi_f2d</name>
         <value>0xcbb3</value>
         <object_component_ref idref="oc-491"/>
      </symbol>
      <symbol id="sm-155e">
         <name>sqrtf</name>
         <value>0xce5d</value>
         <object_component_ref idref="oc-4a5"/>
      </symbol>
      <symbol id="sm-155f">
         <name>__TI_static_base__</name>
         <value>0x0</value>
      </symbol>
      <symbol id="sm-1562">
         <name>SHT$$INIT_ARRAY$$Limit</name>
         <value>0x0</value>
      </symbol>
      <symbol id="sm-1563">
         <name>SHT$$INIT_ARRAY$$Base</name>
         <value>0x0</value>
      </symbol>
   </symbol_table>
   <title>Link successful</title>
</link_info>
