<?xml version="1.0"?>
<link_info>
   <banner>TI ARM Linker PC v5.2.7</banner>
   <copyright>Copyright (c) 1996-2015 Texas Instruments Incorporated</copyright>
   <link_time>0x5708038b</link_time>
   <link_errors>0x0</link_errors>
   <output_file>wlan_station_exosite_write_read.out</output_file>
   <entry_point>
      <name>_c_int00</name>
      <address>0x9e89</address>
   </entry_point>
   <input_file_list>
      <input_file id="fl-2">
         <path>.\</path>
         <kind>object</kind>
         <file>cloud_demo.obj</file>
         <name>cloud_demo.obj</name>
      </input_file>
      <input_file id="fl-3">
         <path>.\</path>
         <kind>object</kind>
         <file>main.obj</file>
         <name>main.obj</name>
      </input_file>
      <input_file id="fl-4">
         <path>.\</path>
         <kind>object</kind>
         <file>tm4c1294ncpdt_startup_ccs.obj</file>
         <name>tm4c1294ncpdt_startup_ccs.obj</name>
      </input_file>
      <input_file id="fl-5">
         <path>.\utils\</path>
         <kind>object</kind>
         <file>uartstdio.obj</file>
         <name>uartstdio.obj</name>
      </input_file>
      <input_file id="fl-6">
         <path>.\spi\</path>
         <kind>object</kind>
         <file>spi.obj</file>
         <name>spi.obj</name>
      </input_file>
      <input_file id="fl-7">
         <path>.\simplelink\source\</path>
         <kind>object</kind>
         <file>device.obj</file>
         <name>device.obj</name>
      </input_file>
      <input_file id="fl-8">
         <path>.\simplelink\source\</path>
         <kind>object</kind>
         <file>driver.obj</file>
         <name>driver.obj</name>
      </input_file>
      <input_file id="fl-9">
         <path>.\simplelink\source\</path>
         <kind>object</kind>
         <file>flowcont.obj</file>
         <name>flowcont.obj</name>
      </input_file>
      <input_file id="fl-a">
         <path>.\simplelink\source\</path>
         <kind>object</kind>
         <file>fs.obj</file>
         <name>fs.obj</name>
      </input_file>
      <input_file id="fl-b">
         <path>.\simplelink\source\</path>
         <kind>object</kind>
         <file>netapp.obj</file>
         <name>netapp.obj</name>
      </input_file>
      <input_file id="fl-c">
         <path>.\simplelink\source\</path>
         <kind>object</kind>
         <file>netcfg.obj</file>
         <name>netcfg.obj</name>
      </input_file>
      <input_file id="fl-d">
         <path>.\simplelink\source\</path>
         <kind>object</kind>
         <file>nonos.obj</file>
         <name>nonos.obj</name>
      </input_file>
      <input_file id="fl-e">
         <path>.\simplelink\source\</path>
         <kind>object</kind>
         <file>socket.obj</file>
         <name>socket.obj</name>
      </input_file>
      <input_file id="fl-f">
         <path>.\simplelink\source\</path>
         <kind>object</kind>
         <file>spawn.obj</file>
         <name>spawn.obj</name>
      </input_file>
      <input_file id="fl-10">
         <path>.\simplelink\source\</path>
         <kind>object</kind>
         <file>wlan.obj</file>
         <name>wlan.obj</name>
      </input_file>
      <input_file id="fl-11">
         <path>.\exosite\</path>
         <kind>object</kind>
         <file>exosite.obj</file>
         <name>exosite.obj</name>
      </input_file>
      <input_file id="fl-12">
         <path>.\exosite\</path>
         <kind>object</kind>
         <file>exosite_pal.obj</file>
         <name>exosite_pal.obj</name>
      </input_file>
      <input_file id="fl-13">
         <path>.\drivers\</path>
         <kind>object</kind>
         <file>buttons.obj</file>
         <name>buttons.obj</name>
      </input_file>
      <input_file id="fl-14">
         <path>.\drivers\</path>
         <kind>object</kind>
         <file>pinout.obj</file>
         <name>pinout.obj</name>
      </input_file>
      <input_file id="fl-15">
         <path>.\board\</path>
         <kind>object</kind>
         <file>board.obj</file>
         <name>board.obj</name>
      </input_file>
      <input_file id="fl-13d">
         <path>C:\ti\ccsv6\tools\compiler\ti-cgt-arm_5.2.7\lib\</path>
         <kind>archive</kind>
         <file>rtsv7M4_T_le_v4SPD16_eabi.lib</file>
         <name>atoi.obj</name>
      </input_file>
      <input_file id="fl-13e">
         <path>C:\ti\ccsv6\tools\compiler\ti-cgt-arm_5.2.7\lib\</path>
         <kind>archive</kind>
         <file>rtsv7M4_T_le_v4SPD16_eabi.lib</file>
         <name>boot.obj</name>
      </input_file>
      <input_file id="fl-13f">
         <path>C:\ti\ccsv6\tools\compiler\ti-cgt-arm_5.2.7\lib\</path>
         <kind>archive</kind>
         <file>rtsv7M4_T_le_v4SPD16_eabi.lib</file>
         <name>copy_decompress_none.obj</name>
      </input_file>
      <input_file id="fl-140">
         <path>C:\ti\ccsv6\tools\compiler\ti-cgt-arm_5.2.7\lib\</path>
         <kind>archive</kind>
         <file>rtsv7M4_T_le_v4SPD16_eabi.lib</file>
         <name>copy_decompress_rle.obj</name>
      </input_file>
      <input_file id="fl-141">
         <path>C:\ti\ccsv6\tools\compiler\ti-cgt-arm_5.2.7\lib\</path>
         <kind>archive</kind>
         <file>rtsv7M4_T_le_v4SPD16_eabi.lib</file>
         <name>copy_zero_init.obj</name>
      </input_file>
      <input_file id="fl-142">
         <path>C:\ti\ccsv6\tools\compiler\ti-cgt-arm_5.2.7\lib\</path>
         <kind>archive</kind>
         <file>rtsv7M4_T_le_v4SPD16_eabi.lib</file>
         <name>ctype.obj</name>
      </input_file>
      <input_file id="fl-143">
         <path>C:\ti\ccsv6\tools\compiler\ti-cgt-arm_5.2.7\lib\</path>
         <kind>archive</kind>
         <file>rtsv7M4_T_le_v4SPD16_eabi.lib</file>
         <name>exit.obj</name>
      </input_file>
      <input_file id="fl-144">
         <path>C:\ti\ccsv6\tools\compiler\ti-cgt-arm_5.2.7\lib\</path>
         <kind>archive</kind>
         <file>rtsv7M4_T_le_v4SPD16_eabi.lib</file>
         <name>memcpy_t2.obj</name>
      </input_file>
      <input_file id="fl-145">
         <path>C:\ti\ccsv6\tools\compiler\ti-cgt-arm_5.2.7\lib\</path>
         <kind>archive</kind>
         <file>rtsv7M4_T_le_v4SPD16_eabi.lib</file>
         <name>memset_t2.obj</name>
      </input_file>
      <input_file id="fl-146">
         <path>C:\ti\ccsv6\tools\compiler\ti-cgt-arm_5.2.7\lib\</path>
         <kind>archive</kind>
         <file>rtsv7M4_T_le_v4SPD16_eabi.lib</file>
         <name>pre_init.obj</name>
      </input_file>
      <input_file id="fl-147">
         <path>C:\ti\ccsv6\tools\compiler\ti-cgt-arm_5.2.7\lib\</path>
         <kind>archive</kind>
         <file>rtsv7M4_T_le_v4SPD16_eabi.lib</file>
         <name>snprintf.obj</name>
      </input_file>
      <input_file id="fl-148">
         <path>C:\ti\ccsv6\tools\compiler\ti-cgt-arm_5.2.7\lib\</path>
         <kind>archive</kind>
         <file>rtsv7M4_T_le_v4SPD16_eabi.lib</file>
         <name>sprintf.obj</name>
      </input_file>
      <input_file id="fl-149">
         <path>C:\ti\ccsv6\tools\compiler\ti-cgt-arm_5.2.7\lib\</path>
         <kind>archive</kind>
         <file>rtsv7M4_T_le_v4SPD16_eabi.lib</file>
         <name>stkdepth_vars.obj</name>
      </input_file>
      <input_file id="fl-14a">
         <path>C:\ti\ccsv6\tools\compiler\ti-cgt-arm_5.2.7\lib\</path>
         <kind>archive</kind>
         <file>rtsv7M4_T_le_v4SPD16_eabi.lib</file>
         <name>strlen.obj</name>
      </input_file>
      <input_file id="fl-14b">
         <path>C:\ti\ccsv6\tools\compiler\ti-cgt-arm_5.2.7\lib\</path>
         <kind>archive</kind>
         <file>rtsv7M4_T_le_v4SPD16_eabi.lib</file>
         <name>strstr.obj</name>
      </input_file>
      <input_file id="fl-14c">
         <path>C:\ti\ccsv6\tools\compiler\ti-cgt-arm_5.2.7\lib\</path>
         <kind>archive</kind>
         <file>rtsv7M4_T_le_v4SPD16_eabi.lib</file>
         <name>u_divt2.obj</name>
      </input_file>
      <input_file id="fl-14d">
         <path>C:\ti\ccsv6\tools\compiler\ti-cgt-arm_5.2.7\lib\</path>
         <kind>archive</kind>
         <file>rtsv7M4_T_le_v4SPD16_eabi.lib</file>
         <name>_lock.obj</name>
      </input_file>
      <input_file id="fl-14e">
         <path>C:\ti\ccsv6\tools\compiler\ti-cgt-arm_5.2.7\lib\</path>
         <kind>archive</kind>
         <file>rtsv7M4_T_le_v4SPD16_eabi.lib</file>
         <name>_printfi.obj</name>
      </input_file>
      <input_file id="fl-14f">
         <path>C:\ti\ccsv6\tools\compiler\ti-cgt-arm_5.2.7\lib\</path>
         <kind>archive</kind>
         <file>rtsv7M4_T_le_v4SPD16_eabi.lib</file>
         <name>args_main.obj</name>
      </input_file>
      <input_file id="fl-150">
         <path>C:\ti\ccsv6\tools\compiler\ti-cgt-arm_5.2.7\lib\</path>
         <kind>archive</kind>
         <file>rtsv7M4_T_le_v4SPD16_eabi.lib</file>
         <name>autoinit.obj</name>
      </input_file>
      <input_file id="fl-151">
         <path>C:\ti\ccsv6\tools\compiler\ti-cgt-arm_5.2.7\lib\</path>
         <kind>archive</kind>
         <file>rtsv7M4_T_le_v4SPD16_eabi.lib</file>
         <name>cpy_tbl.obj</name>
      </input_file>
      <input_file id="fl-152">
         <path>C:\ti\ccsv6\tools\compiler\ti-cgt-arm_5.2.7\lib\</path>
         <kind>archive</kind>
         <file>rtsv7M4_T_le_v4SPD16_eabi.lib</file>
         <name>fd_add_t2.obj</name>
      </input_file>
      <input_file id="fl-153">
         <path>C:\ti\ccsv6\tools\compiler\ti-cgt-arm_5.2.7\lib\</path>
         <kind>archive</kind>
         <file>rtsv7M4_T_le_v4SPD16_eabi.lib</file>
         <name>fd_cmp_t2.obj</name>
      </input_file>
      <input_file id="fl-154">
         <path>C:\ti\ccsv6\tools\compiler\ti-cgt-arm_5.2.7\lib\</path>
         <kind>archive</kind>
         <file>rtsv7M4_T_le_v4SPD16_eabi.lib</file>
         <name>fd_div_t2.obj</name>
      </input_file>
      <input_file id="fl-155">
         <path>C:\ti\ccsv6\tools\compiler\ti-cgt-arm_5.2.7\lib\</path>
         <kind>archive</kind>
         <file>rtsv7M4_T_le_v4SPD16_eabi.lib</file>
         <name>fd_mul_t2.obj</name>
      </input_file>
      <input_file id="fl-156">
         <path>C:\ti\ccsv6\tools\compiler\ti-cgt-arm_5.2.7\lib\</path>
         <kind>archive</kind>
         <file>rtsv7M4_T_le_v4SPD16_eabi.lib</file>
         <name>fd_toi_t2.obj</name>
      </input_file>
      <input_file id="fl-157">
         <path>C:\ti\ccsv6\tools\compiler\ti-cgt-arm_5.2.7\lib\</path>
         <kind>archive</kind>
         <file>rtsv7M4_T_le_v4SPD16_eabi.lib</file>
         <name>frexp.obj</name>
      </input_file>
      <input_file id="fl-158">
         <path>C:\ti\ccsv6\tools\compiler\ti-cgt-arm_5.2.7\lib\</path>
         <kind>archive</kind>
         <file>rtsv7M4_T_le_v4SPD16_eabi.lib</file>
         <name>i_div0.obj</name>
      </input_file>
      <input_file id="fl-159">
         <path>C:\ti\ccsv6\tools\compiler\ti-cgt-arm_5.2.7\lib\</path>
         <kind>archive</kind>
         <file>rtsv7M4_T_le_v4SPD16_eabi.lib</file>
         <name>i_tofd_t2.obj</name>
      </input_file>
      <input_file id="fl-15a">
         <path>C:\ti\ccsv6\tools\compiler\ti-cgt-arm_5.2.7\lib\</path>
         <kind>archive</kind>
         <file>rtsv7M4_T_le_v4SPD16_eabi.lib</file>
         <name>ldexp.obj</name>
      </input_file>
      <input_file id="fl-15b">
         <path>C:\ti\ccsv6\tools\compiler\ti-cgt-arm_5.2.7\lib\</path>
         <kind>archive</kind>
         <file>rtsv7M4_T_le_v4SPD16_eabi.lib</file>
         <name>ltoa.obj</name>
      </input_file>
      <input_file id="fl-15c">
         <path>C:\ti\ccsv6\tools\compiler\ti-cgt-arm_5.2.7\lib\</path>
         <kind>archive</kind>
         <file>rtsv7M4_T_le_v4SPD16_eabi.lib</file>
         <name>memccpy.obj</name>
      </input_file>
      <input_file id="fl-15d">
         <path>C:\ti\ccsv6\tools\compiler\ti-cgt-arm_5.2.7\lib\</path>
         <kind>archive</kind>
         <file>rtsv7M4_T_le_v4SPD16_eabi.lib</file>
         <name>strchr.obj</name>
      </input_file>
      <input_file id="fl-15e">
         <path>C:\ti\ccsv6\tools\compiler\ti-cgt-arm_5.2.7\lib\</path>
         <kind>archive</kind>
         <file>rtsv7M4_T_le_v4SPD16_eabi.lib</file>
         <name>ull_div_t2.obj</name>
      </input_file>
      <input_file id="fl-15f">
         <path>C:\ti\ccsv6\tools\compiler\ti-cgt-arm_5.2.7\lib\</path>
         <kind>archive</kind>
         <file>rtsv7M4_T_le_v4SPD16_eabi.lib</file>
         <name>xdclass.obj</name>
      </input_file>
      <input_file id="fl-160">
         <path>C:\ti\ccsv6\tools\compiler\ti-cgt-arm_5.2.7\lib\</path>
         <kind>archive</kind>
         <file>rtsv7M4_T_le_v4SPD16_eabi.lib</file>
         <name>xdscale.obj</name>
      </input_file>
      <input_file id="fl-161">
         <path>C:\ti\ccsv6\tools\compiler\ti-cgt-arm_5.2.7\lib\</path>
         <kind>archive</kind>
         <file>rtsv7M4_T_le_v4SPD16_eabi.lib</file>
         <name>xdunscal.obj</name>
      </input_file>
      <input_file id="fl-162">
         <path>C:\ti\ccsv6\tools\compiler\ti-cgt-arm_5.2.7\lib\</path>
         <kind>archive</kind>
         <file>rtsv7M4_T_le_v4SPD16_eabi.lib</file>
         <name>xferaise.obj</name>
      </input_file>
      <input_file id="fl-163">
         <path>C:\ti\ccsv6\tools\compiler\ti-cgt-arm_5.2.7\lib\</path>
         <kind>archive</kind>
         <file>rtsv7M4_T_le_v4SPD16_eabi.lib</file>
         <name>xvalues.obj</name>
      </input_file>
      <input_file id="fl-164">
         <path>C:\ti\ccsv6\tools\compiler\ti-cgt-arm_5.2.7\lib\</path>
         <kind>archive</kind>
         <file>rtsv7M4_T_le_v4SPD16_eabi.lib</file>
         <name>errno.obj</name>
      </input_file>
      <input_file id="fl-165">
         <path>C:\ti\ccsv6\tools\compiler\ti-cgt-arm_5.2.7\lib\</path>
         <kind>archive</kind>
         <file>rtsv7M4_T_le_v4SPD16_eabi.lib</file>
         <name>feraiseexcept.obj</name>
      </input_file>
      <input_file id="fl-166">
         <path>C:\ti\ccsv6\tools\compiler\ti-cgt-arm_5.2.7\lib\</path>
         <kind>archive</kind>
         <file>rtsv7M4_T_le_v4SPD16_eabi.lib</file>
         <name>raise.obj</name>
      </input_file>
      <input_file id="fl-167">
         <path>C:\ti\ccsv6\tools\compiler\ti-cgt-arm_5.2.7\lib\</path>
         <kind>archive</kind>
         <file>rtsv7M4_T_le_v4SPD16_eabi.lib</file>
         <name>signal.obj</name>
      </input_file>
      <input_file id="fl-168">
         <path>C:\ti\ccsv6\tools\compiler\ti-cgt-arm_5.2.7\lib\</path>
         <kind>archive</kind>
         <file>rtsv7M4_T_le_v4SPD16_eabi.lib</file>
         <name>xdnorm.obj</name>
      </input_file>
      <input_file id="fl-169">
         <path>C:\ti\TivaWare_C_Series-2.1.2.111\sensorlib\ccs\Debug\</path>
         <kind>archive</kind>
         <file>sensorlib.lib</file>
         <name>bmp180.obj</name>
      </input_file>
      <input_file id="fl-16a">
         <path>C:\ti\TivaWare_C_Series-2.1.2.111\sensorlib\ccs\Debug\</path>
         <kind>archive</kind>
         <file>sensorlib.lib</file>
         <name>i2cm_drv.obj</name>
      </input_file>
      <input_file id="fl-16b">
         <path>C:\ti\TivaWare_C_Series-2.1.2.111\sensorlib\ccs\Debug\</path>
         <kind>archive</kind>
         <file>sensorlib.lib</file>
         <name>isl29023.obj</name>
      </input_file>
      <input_file id="fl-16c">
         <path>C:\ti\TivaWare_C_Series-2.1.2.111\sensorlib\ccs\Debug\</path>
         <kind>archive</kind>
         <file>sensorlib.lib</file>
         <name>sht21.obj</name>
      </input_file>
      <input_file id="fl-16d">
         <path>C:\ti\TivaWare_C_Series-2.1.2.111\sensorlib\ccs\Debug\</path>
         <kind>archive</kind>
         <file>sensorlib.lib</file>
         <name>tmp006.obj</name>
      </input_file>
      <input_file id="fl-16e">
         <path>C:\ti\TivaWare_C_Series-2.1.2.111\driverlib\ccs\Debug\</path>
         <kind>archive</kind>
         <file>driverlib.lib</file>
         <name>fpu.obj</name>
      </input_file>
      <input_file id="fl-16f">
         <path>C:\ti\TivaWare_C_Series-2.1.2.111\driverlib\ccs\Debug\</path>
         <kind>archive</kind>
         <file>driverlib.lib</file>
         <name>gpio.obj</name>
      </input_file>
      <input_file id="fl-170">
         <path>C:\ti\TivaWare_C_Series-2.1.2.111\driverlib\ccs\Debug\</path>
         <kind>archive</kind>
         <file>driverlib.lib</file>
         <name>i2c.obj</name>
      </input_file>
      <input_file id="fl-171">
         <path>C:\ti\TivaWare_C_Series-2.1.2.111\driverlib\ccs\Debug\</path>
         <kind>archive</kind>
         <file>driverlib.lib</file>
         <name>interrupt.obj</name>
      </input_file>
      <input_file id="fl-172">
         <path>C:\ti\TivaWare_C_Series-2.1.2.111\driverlib\ccs\Debug\</path>
         <kind>archive</kind>
         <file>driverlib.lib</file>
         <name>ssi.obj</name>
      </input_file>
      <input_file id="fl-173">
         <path>C:\ti\TivaWare_C_Series-2.1.2.111\driverlib\ccs\Debug\</path>
         <kind>archive</kind>
         <file>driverlib.lib</file>
         <name>sysctl.obj</name>
      </input_file>
      <input_file id="fl-174">
         <path>C:\ti\TivaWare_C_Series-2.1.2.111\driverlib\ccs\Debug\</path>
         <kind>archive</kind>
         <file>driverlib.lib</file>
         <name>timer.obj</name>
      </input_file>
      <input_file id="fl-175">
         <path>C:\ti\TivaWare_C_Series-2.1.2.111\driverlib\ccs\Debug\</path>
         <kind>archive</kind>
         <file>driverlib.lib</file>
         <name>cpu.obj</name>
      </input_file>
      <input_file id="fl-176">
         <path>C:\ti\ccsv6\tools\compiler\ti-cgt-arm_5.2.7\lib\</path>
         <kind>archive</kind>
         <file>rtsv7M4_T_le_v4SPD16_eabi.lib</file>
         <name>fd_tos_t2.obj</name>
      </input_file>
      <input_file id="fl-177">
         <path>C:\ti\ccsv6\tools\compiler\ti-cgt-arm_5.2.7\lib\</path>
         <kind>archive</kind>
         <file>rtsv7M4_T_le_v4SPD16_eabi.lib</file>
         <name>fs_tod_t2.obj</name>
      </input_file>
      <input_file id="fl-178">
         <path>C:\ti\ccsv6\tools\compiler\ti-cgt-arm_5.2.7\lib\</path>
         <kind>archive</kind>
         <file>rtsv7M4_T_le_v4SPD16_eabi.lib</file>
         <name>sqrtf.obj</name>
      </input_file>
   </input_file_list>
   <object_component_list>
      <object_component id="oc-f">
         <name>.intvecs</name>
         <load_address>0x0</load_address>
         <run_address>0x0</run_address>
         <size>0x208</size>
         <input_file_ref idref="fl-4"/>
      </object_component>
      <object_component id="oc-353">
         <name>.text</name>
         <load_address>0x208</load_address>
         <run_address>0x208</run_address>
         <size>0x1314</size>
         <input_file_ref idref="fl-8"/>
      </object_component>
      <object_component id="oc-499">
         <name>.text</name>
         <load_address>0x151c</load_address>
         <run_address>0x151c</run_address>
         <size>0x10ba</size>
         <input_file_ref idref="fl-14e"/>
      </object_component>
      <object_component id="oc-3d0">
         <name>.text</name>
         <load_address>0x25d6</load_address>
         <run_address>0x25d6</run_address>
         <size>0x2</size>
         <input_file_ref idref="fl-158"/>
      </object_component>
      <object_component id="oc-30">
         <name>.text</name>
         <load_address>0x25d8</load_address>
         <run_address>0x25d8</run_address>
         <size>0xe44</size>
         <input_file_ref idref="fl-3"/>
      </object_component>
      <object_component id="oc-1d7">
         <name>.text:I2CMasterControl</name>
         <load_address>0x341c</load_address>
         <run_address>0x341c</run_address>
         <size>0x4</size>
         <input_file_ref idref="fl-170"/>
      </object_component>
      <object_component id="oc-23e">
         <name>.text</name>
         <load_address>0x3420</load_address>
         <run_address>0x3420</run_address>
         <size>0xa88</size>
         <input_file_ref idref="fl-11"/>
      </object_component>
      <object_component id="oc-5ab">
         <name>.text</name>
         <load_address>0x3ea8</load_address>
         <run_address>0x3ea8</run_address>
         <size>0xa78</size>
         <input_file_ref idref="fl-e"/>
      </object_component>
      <object_component id="oc-103">
         <name>.text</name>
         <load_address>0x4920</load_address>
         <run_address>0x4920</run_address>
         <size>0x9b0</size>
         <input_file_ref idref="fl-10"/>
      </object_component>
      <object_component id="oc-a5">
         <name>.text</name>
         <load_address>0x52d0</load_address>
         <run_address>0x52d0</run_address>
         <size>0x848</size>
         <input_file_ref idref="fl-2"/>
      </object_component>
      <object_component id="oc-10f">
         <name>.text</name>
         <load_address>0x5b18</load_address>
         <run_address>0x5b18</run_address>
         <size>0x808</size>
         <input_file_ref idref="fl-b"/>
      </object_component>
      <object_component id="oc-36">
         <name>.text</name>
         <load_address>0x6320</load_address>
         <run_address>0x6320</run_address>
         <size>0x744</size>
         <input_file_ref idref="fl-5"/>
      </object_component>
      <object_component id="oc-407">
         <name>.text:I2CMasterDataGet</name>
         <load_address>0x6a64</load_address>
         <run_address>0x6a64</run_address>
         <size>0x4</size>
         <input_file_ref idref="fl-170"/>
      </object_component>
      <object_component id="oc-f7">
         <name>.text</name>
         <load_address>0x6a68</load_address>
         <run_address>0x6a68</run_address>
         <size>0x3d0</size>
         <input_file_ref idref="fl-7"/>
      </object_component>
      <object_component id="oc-5b1">
         <name>.text</name>
         <load_address>0x6e38</load_address>
         <run_address>0x6e38</run_address>
         <size>0x380</size>
         <input_file_ref idref="fl-a"/>
      </object_component>
      <object_component id="oc-442">
         <name>.text</name>
         <load_address>0x71b8</load_address>
         <run_address>0x71b8</run_address>
         <size>0x30e</size>
         <input_file_ref idref="fl-12"/>
      </object_component>
      <object_component id="oc-d9">
         <name>.text</name>
         <load_address>0x74c8</load_address>
         <run_address>0x74c8</run_address>
         <size>0x300</size>
         <input_file_ref idref="fl-14"/>
      </object_component>
      <object_component id="oc-359">
         <name>.text</name>
         <load_address>0x77c8</load_address>
         <run_address>0x77c8</run_address>
         <size>0x210</size>
         <input_file_ref idref="fl-6"/>
      </object_component>
      <object_component id="oc-d3">
         <name>.text:SysCtlClockFreqSet</name>
         <load_address>0x79d8</load_address>
         <run_address>0x79d8</run_address>
         <size>0x204</size>
         <input_file_ref idref="fl-173"/>
      </object_component>
      <object_component id="oc-2a0">
         <name>.text:BMP180Callback</name>
         <load_address>0x7bdc</load_address>
         <run_address>0x7bdc</run_address>
         <size>0x1f8</size>
         <input_file_ref idref="fl-169"/>
      </object_component>
      <object_component id="oc-5e4">
         <name>.text</name>
         <load_address>0x7dd4</load_address>
         <run_address>0x7dd4</run_address>
         <size>0x1f4</size>
         <input_file_ref idref="fl-15e"/>
      </object_component>
      <object_component id="oc-26e">
         <name>.text:BMP180DataPressureGetFloat</name>
         <load_address>0x7fc8</load_address>
         <run_address>0x7fc8</run_address>
         <size>0x1e8</size>
         <input_file_ref idref="fl-169"/>
      </object_component>
      <object_component id="oc-24a">
         <name>.text:TMP006DataTemperatureGetFloat</name>
         <load_address>0x81b0</load_address>
         <run_address>0x81b0</run_address>
         <size>0x1e4</size>
         <input_file_ref idref="fl-16d"/>
      </object_component>
      <object_component id="oc-488">
         <name>.text</name>
         <load_address>0x8394</load_address>
         <run_address>0x8394</run_address>
         <size>0x1b6</size>
         <input_file_ref idref="fl-152"/>
      </object_component>
      <object_component id="oc-5ee">
         <name>.text</name>
         <load_address>0x854a</load_address>
         <run_address>0x854a</run_address>
         <size>0x136</size>
         <input_file_ref idref="fl-154"/>
      </object_component>
      <object_component id="oc-232">
         <name>.text:GPIOPadConfigSet</name>
         <load_address>0x8680</load_address>
         <run_address>0x8680</run_address>
         <size>0x132</size>
         <input_file_ref idref="fl-16f"/>
      </object_component>
      <object_component id="oc-6ad">
         <name>.text</name>
         <load_address>0x87b4</load_address>
         <run_address>0x87b4</run_address>
         <size>0x110</size>
         <input_file_ref idref="fl-160"/>
      </object_component>
      <object_component id="oc-483">
         <name>.text</name>
         <load_address>0x88c4</load_address>
         <run_address>0x88c4</run_address>
         <size>0xfc</size>
         <input_file_ref idref="fl-155"/>
      </object_component>
      <object_component id="oc-109">
         <name>.text</name>
         <load_address>0x89c0</load_address>
         <run_address>0x89c0</run_address>
         <size>0xf4</size>
         <input_file_ref idref="fl-c"/>
      </object_component>
      <object_component id="oc-87">
         <name>.text:I2CMIntHandler</name>
         <load_address>0x8ab4</load_address>
         <run_address>0x8ab4</run_address>
         <size>0xf2</size>
         <input_file_ref idref="fl-16a"/>
      </object_component>
      <object_component id="oc-9f">
         <name>.text</name>
         <load_address>0x8ba8</load_address>
         <run_address>0x8ba8</run_address>
         <size>0xe0</size>
         <input_file_ref idref="fl-13"/>
      </object_component>
      <object_component id="oc-3c">
         <name>.text</name>
         <load_address>0x8c88</load_address>
         <run_address>0x8c88</run_address>
         <size>0xd0</size>
         <input_file_ref idref="fl-15"/>
      </object_component>
      <object_component id="oc-fd">
         <name>.text</name>
         <load_address>0x8d58</load_address>
         <run_address>0x8d58</run_address>
         <size>0xd0</size>
         <input_file_ref idref="fl-d"/>
      </object_component>
      <object_component id="oc-6e5">
         <name>.text</name>
         <load_address>0x8e28</load_address>
         <run_address>0x8e28</run_address>
         <size>0xbe</size>
         <input_file_ref idref="fl-168"/>
      </object_component>
      <object_component id="oc-45">
         <name>.text</name>
         <load_address>0x8ee6</load_address>
         <run_address>0x8ee6</run_address>
         <size>0x9c</size>
         <input_file_ref idref="fl-144"/>
      </object_component>
      <object_component id="oc-219">
         <name>.text:I2CMStateIdle</name>
         <load_address>0x8f82</load_address>
         <run_address>0x8f82</run_address>
         <size>0x98</size>
         <input_file_ref idref="fl-16a"/>
      </object_component>
      <object_component id="oc-25c">
         <name>.text</name>
         <load_address>0x901c</load_address>
         <run_address>0x901c</run_address>
         <size>0x94</size>
         <input_file_ref idref="fl-147"/>
      </object_component>
      <object_component id="oc-224">
         <name>.text:I2CMCommand</name>
         <load_address>0x90b0</load_address>
         <run_address>0x90b0</run_address>
         <size>0x88</size>
         <input_file_ref idref="fl-16a"/>
      </object_component>
      <object_component id="oc-5e9">
         <name>.text:__aeabi_cdcmple</name>
         <load_address>0x9138</load_address>
         <run_address>0x9138</run_address>
         <size>0x86</size>
         <input_file_ref idref="fl-153"/>
      </object_component>
      <object_component id="oc-5f3">
         <name>.text:__aeabi_cdrcmple</name>
         <load_address>0x91be</load_address>
         <run_address>0x91be</run_address>
         <size>0x86</size>
         <input_file_ref idref="fl-153"/>
      </object_component>
      <object_component id="oc-268">
         <name>.text:BMP180DataTemperatureGetFloat</name>
         <load_address>0x9244</load_address>
         <run_address>0x9244</run_address>
         <size>0x84</size>
         <input_file_ref idref="fl-169"/>
      </object_component>
      <object_component id="oc-5e">
         <name>.text</name>
         <load_address>0x92c8</load_address>
         <run_address>0x92c8</run_address>
         <size>0x7a</size>
         <input_file_ref idref="fl-145"/>
      </object_component>
      <object_component id="oc-3b7">
         <name>.text:I2CMReadModifyWrite8</name>
         <load_address>0x9344</load_address>
         <run_address>0x9344</run_address>
         <size>0x78</size>
         <input_file_ref idref="fl-16a"/>
      </object_component>
      <object_component id="oc-3a6">
         <name>.text:I2CMReadModifyWrite16LE</name>
         <load_address>0x93bc</load_address>
         <run_address>0x93bc</run_address>
         <size>0x74</size>
         <input_file_ref idref="fl-16a"/>
      </object_component>
      <object_component id="oc-283">
         <name>.text:SHT21DataHumidityGetFloat</name>
         <load_address>0x9430</load_address>
         <run_address>0x9430</run_address>
         <size>0x70</size>
         <input_file_ref idref="fl-16c"/>
      </object_component>
      <object_component id="oc-48d">
         <name>.text</name>
         <load_address>0x94a0</load_address>
         <run_address>0x94a0</run_address>
         <size>0x6e</size>
         <input_file_ref idref="fl-176"/>
      </object_component>
      <object_component id="oc-580">
         <name>.text:I2CMReadModifyWrite16LECallback</name>
         <load_address>0x9510</load_address>
         <run_address>0x9510</run_address>
         <size>0x6c</size>
         <input_file_ref idref="fl-16a"/>
      </object_component>
      <object_component id="oc-70">
         <name>.text</name>
         <load_address>0x957c</load_address>
         <run_address>0x957c</run_address>
         <size>0x6c</size>
         <input_file_ref idref="fl-150"/>
      </object_component>
      <object_component id="oc-51">
         <name>.text</name>
         <load_address>0x95e8</load_address>
         <run_address>0x95e8</run_address>
         <size>0x6a</size>
         <input_file_ref idref="fl-140"/>
      </object_component>
      <object_component id="oc-13f">
         <name>.text:ISL29023Write</name>
         <load_address>0x9654</load_address>
         <run_address>0x9654</run_address>
         <size>0x68</size>
         <input_file_ref idref="fl-16b"/>
      </object_component>
      <object_component id="oc-42d">
         <name>.text:IntDisable</name>
         <load_address>0x96bc</load_address>
         <run_address>0x96bc</run_address>
         <size>0x68</size>
         <input_file_ref idref="fl-171"/>
      </object_component>
      <object_component id="oc-33e">
         <name>.text:IntEnable</name>
         <load_address>0x9724</load_address>
         <run_address>0x9724</run_address>
         <size>0x68</size>
         <input_file_ref idref="fl-171"/>
      </object_component>
      <object_component id="oc-6a5">
         <name>.text</name>
         <load_address>0x978c</load_address>
         <run_address>0x978c</run_address>
         <size>0x66</size>
         <input_file_ref idref="fl-161"/>
      </object_component>
      <object_component id="oc-427">
         <name>.text:IntIsEnabled</name>
         <load_address>0x97f4</load_address>
         <run_address>0x97f4</run_address>
         <size>0x64</size>
         <input_file_ref idref="fl-171"/>
      </object_component>
      <object_component id="oc-58a">
         <name>.text:I2CMReadModifyWrite8Callback</name>
         <load_address>0x9858</load_address>
         <run_address>0x9858</run_address>
         <size>0x60</size>
         <input_file_ref idref="fl-16a"/>
      </object_component>
      <object_component id="oc-289">
         <name>.text:SHT21DataTemperatureGetFloat</name>
         <load_address>0x98b8</load_address>
         <run_address>0x98b8</run_address>
         <size>0x60</size>
         <input_file_ref idref="fl-16c"/>
      </object_component>
      <object_component id="oc-22a">
         <name>.text:TMP006Callback</name>
         <load_address>0x9918</load_address>
         <run_address>0x9918</run_address>
         <size>0x60</size>
         <input_file_ref idref="fl-16d"/>
      </object_component>
      <object_component id="oc-121">
         <name>.text:TMP006ReadModifyWrite</name>
         <load_address>0x9978</load_address>
         <run_address>0x9978</run_address>
         <size>0x60</size>
         <input_file_ref idref="fl-16d"/>
      </object_component>
      <object_component id="oc-250">
         <name>.text</name>
         <load_address>0x99d8</load_address>
         <run_address>0x99d8</run_address>
         <size>0x60</size>
         <input_file_ref idref="fl-148"/>
      </object_component>
      <object_component id="oc-207">
         <name>.text:I2CMStateWritePause</name>
         <load_address>0x9a38</load_address>
         <run_address>0x9a38</run_address>
         <size>0x5e</size>
         <input_file_ref idref="fl-16a"/>
      </object_component>
      <object_component id="oc-b1">
         <name>.text:BMP180DataRead</name>
         <load_address>0x9a98</load_address>
         <run_address>0x9a98</run_address>
         <size>0x58</size>
         <input_file_ref idref="fl-169"/>
      </object_component>
      <object_component id="oc-11b">
         <name>.text:TMP006Init</name>
         <load_address>0x9af0</load_address>
         <run_address>0x9af0</run_address>
         <size>0x58</size>
         <input_file_ref idref="fl-16d"/>
      </object_component>
      <object_component id="oc-543">
         <name>.text:GPIOIntTypeSet</name>
         <load_address>0x9b48</load_address>
         <run_address>0x9b48</run_address>
         <size>0x56</size>
         <input_file_ref idref="fl-16f"/>
      </object_component>
      <object_component id="oc-5fd">
         <name>.text</name>
         <load_address>0x9b9e</load_address>
         <run_address>0x9b9e</run_address>
         <size>0x56</size>
         <input_file_ref idref="fl-15b"/>
      </object_component>
      <object_component id="oc-127">
         <name>.text:BMP180Init</name>
         <load_address>0x9bf4</load_address>
         <run_address>0x9bf4</run_address>
         <size>0x54</size>
         <input_file_ref idref="fl-169"/>
      </object_component>
      <object_component id="oc-3be">
         <name>.text:I2CMWrite8</name>
         <load_address>0x9c48</load_address>
         <run_address>0x9c48</run_address>
         <size>0x54</size>
         <input_file_ref idref="fl-16a"/>
      </object_component>
      <object_component id="oc-133">
         <name>.text:ISL29023Init</name>
         <load_address>0x9c9c</load_address>
         <run_address>0x9c9c</run_address>
         <size>0x54</size>
         <input_file_ref idref="fl-16b"/>
      </object_component>
      <object_component id="oc-99">
         <name>.text:TMP006DataRead</name>
         <load_address>0x9cf0</load_address>
         <run_address>0x9cf0</run_address>
         <size>0x54</size>
         <input_file_ref idref="fl-16d"/>
      </object_component>
      <object_component id="oc-60e">
         <name>.text</name>
         <load_address>0x9d44</load_address>
         <run_address>0x9d44</run_address>
         <size>0x52</size>
         <input_file_ref idref="fl-15a"/>
      </object_component>
      <object_component id="oc-20d">
         <name>.text:I2CMStateWriteFinal</name>
         <load_address>0x9d96</load_address>
         <run_address>0x9d96</run_address>
         <size>0x50</size>
         <input_file_ref idref="fl-16a"/>
      </object_component>
      <object_component id="oc-b7">
         <name>.text:ISL29023DataRead</name>
         <load_address>0x9de8</load_address>
         <run_address>0x9de8</run_address>
         <size>0x50</size>
         <input_file_ref idref="fl-16b"/>
      </object_component>
      <object_component id="oc-295">
         <name>.text:ISL29023Read</name>
         <load_address>0x9e38</load_address>
         <run_address>0x9e38</run_address>
         <size>0x50</size>
         <input_file_ref idref="fl-16b"/>
      </object_component>
      <object_component id="oc-24">
         <name>.text</name>
         <load_address>0x9e88</load_address>
         <run_address>0x9e88</run_address>
         <size>0x50</size>
         <input_file_ref idref="fl-13e"/>
      </object_component>
      <object_component id="oc-346">
         <name>.text:I2CMasterInitExpClk</name>
         <load_address>0x9ed8</load_address>
         <run_address>0x9ed8</run_address>
         <size>0x4c</size>
         <input_file_ref idref="fl-170"/>
      </object_component>
      <object_component id="oc-139">
         <name>.text:ISL29023ReadModifyWrite</name>
         <load_address>0x9f24</load_address>
         <run_address>0x9f24</run_address>
         <size>0x4c</size>
         <input_file_ref idref="fl-16b"/>
      </object_component>
      <object_component id="oc-27d">
         <name>.text:SHT21DataRead</name>
         <load_address>0x9f70</load_address>
         <run_address>0x9f70</run_address>
         <size>0x4c</size>
         <input_file_ref idref="fl-16c"/>
      </object_component>
      <object_component id="oc-12d">
         <name>.text:SHT21Init</name>
         <load_address>0x9fbc</load_address>
         <run_address>0x9fbc</run_address>
         <size>0x4c</size>
         <input_file_ref idref="fl-16c"/>
      </object_component>
      <object_component id="oc-277">
         <name>.text:SHT21Write</name>
         <load_address>0xa008</load_address>
         <run_address>0xa008</run_address>
         <size>0x4c</size>
         <input_file_ref idref="fl-16c"/>
      </object_component>
      <object_component id="oc-332">
         <name>.text:_TimerIntNumberGet</name>
         <load_address>0xa054</load_address>
         <run_address>0xa054</run_address>
         <size>0x4c</size>
         <input_file_ref idref="fl-174"/>
      </object_component>
      <object_component id="oc-244">
         <name>.text</name>
         <load_address>0xa0a0</load_address>
         <run_address>0xa0a0</run_address>
         <size>0x4c</size>
         <input_file_ref idref="fl-13d"/>
      </object_component>
      <object_component id="oc-1bc">
         <name>.text</name>
         <load_address>0xa0ec</load_address>
         <run_address>0xa0ec</run_address>
         <size>0x4c</size>
         <input_file_ref idref="fl-151"/>
      </object_component>
      <object_component id="oc-1f5">
         <name>.text:I2CMStateReadNext</name>
         <load_address>0xa138</load_address>
         <run_address>0xa138</run_address>
         <size>0x4a</size>
         <input_file_ref idref="fl-16a"/>
      </object_component>
      <object_component id="oc-525">
         <name>.text:GPIOPinConfigure</name>
         <load_address>0xa184</load_address>
         <run_address>0xa184</run_address>
         <size>0x48</size>
         <input_file_ref idref="fl-16f"/>
      </object_component>
      <object_component id="oc-213">
         <name>.text:I2CMStateWriteNext</name>
         <load_address>0xa1cc</load_address>
         <run_address>0xa1cc</run_address>
         <size>0x48</size>
         <input_file_ref idref="fl-16a"/>
      </object_component>
      <object_component id="oc-28f">
         <name>.text:ISL29023DataLightVisibleGetFloat</name>
         <load_address>0xa214</load_address>
         <run_address>0xa214</run_address>
         <size>0x48</size>
         <input_file_ref idref="fl-16b"/>
      </object_component>
      <object_component id="oc-305">
         <name>.text:_SysCtlFrequencyGet</name>
         <load_address>0xa25c</load_address>
         <run_address>0xa25c</run_address>
         <size>0x48</size>
         <input_file_ref idref="fl-173"/>
      </object_component>
      <object_component id="oc-5f8">
         <name>.text</name>
         <load_address>0xa2a4</load_address>
         <run_address>0xa2a4</run_address>
         <size>0x48</size>
         <input_file_ref idref="fl-156"/>
      </object_component>
      <object_component id="oc-1dd">
         <name>.text:I2CMStateCallback</name>
         <load_address>0xa2ec</load_address>
         <run_address>0xa2ec</run_address>
         <size>0x44</size>
         <input_file_ref idref="fl-16a"/>
      </object_component>
      <object_component id="oc-2a8">
         <name>.text:ISL29023Callback</name>
         <load_address>0xa330</load_address>
         <run_address>0xa330</run_address>
         <size>0x44</size>
         <input_file_ref idref="fl-16b"/>
      </object_component>
      <object_component id="oc-7c">
         <name>.text</name>
         <load_address>0xa374</load_address>
         <run_address>0xa374</run_address>
         <size>0x44</size>
         <input_file_ref idref="fl-143"/>
      </object_component>
      <object_component id="oc-1ef">
         <name>.text:I2CMStateReadFinal</name>
         <load_address>0xa3b8</load_address>
         <run_address>0xa3b8</run_address>
         <size>0x42</size>
         <input_file_ref idref="fl-16a"/>
      </object_component>
      <object_component id="oc-591">
         <name>.text:I2CMWrite8Callback</name>
         <load_address>0xa3fa</load_address>
         <run_address>0xa3fa</run_address>
         <size>0x40</size>
         <input_file_ref idref="fl-16a"/>
      </object_component>
      <object_component id="oc-6fc">
         <name>.text</name>
         <load_address>0xa43c</load_address>
         <run_address>0xa43c</run_address>
         <size>0x40</size>
         <input_file_ref idref="fl-167"/>
      </object_component>
      <object_component id="oc-173">
         <name>.text</name>
         <load_address>0xa47c</load_address>
         <run_address>0xa47c</run_address>
         <size>0x40</size>
         <input_file_ref idref="fl-14c"/>
      </object_component>
      <object_component id="oc-1e9">
         <name>.text:I2CMStateReadPause</name>
         <load_address>0xa4bc</load_address>
         <run_address>0xa4bc</run_address>
         <size>0x3e</size>
         <input_file_ref idref="fl-16a"/>
      </object_component>
      <object_component id="oc-531">
         <name>.text:SSIConfigSetExpClk</name>
         <load_address>0xa4fa</load_address>
         <run_address>0xa4fa</run_address>
         <size>0x3c</size>
         <input_file_ref idref="fl-172"/>
      </object_component>
      <object_component id="oc-47e">
         <name>.text</name>
         <load_address>0xa536</load_address>
         <run_address>0xa536</run_address>
         <size>0x38</size>
         <input_file_ref idref="fl-177"/>
      </object_component>
      <object_component id="oc-f1">
         <name>.text:I2CMInit</name>
         <load_address>0xa56e</load_address>
         <run_address>0xa56e</run_address>
         <size>0x34</size>
         <input_file_ref idref="fl-16a"/>
      </object_component>
      <object_component id="oc-338">
         <name>.text:IntRegister</name>
         <load_address>0xa5a4</load_address>
         <run_address>0xa5a4</run_address>
         <size>0x34</size>
         <input_file_ref idref="fl-171"/>
      </object_component>
      <object_component id="oc-51f">
         <name>.text:SysCtlPeripheralEnable</name>
         <load_address>0xa5d8</load_address>
         <run_address>0xa5d8</run_address>
         <size>0x34</size>
         <input_file_ref idref="fl-173"/>
      </object_component>
      <object_component id="oc-691">
         <name>.text</name>
         <load_address>0xa60c</load_address>
         <run_address>0xa60c</run_address>
         <size>0x34</size>
         <input_file_ref idref="fl-165"/>
      </object_component>
      <object_component id="oc-448">
         <name>.text</name>
         <load_address>0xa640</load_address>
         <run_address>0xa640</run_address>
         <size>0x34</size>
         <input_file_ref idref="fl-14b"/>
      </object_component>
      <object_component id="oc-66b">
         <name>.text:I2CMTransferResume</name>
         <load_address>0xa674</load_address>
         <run_address>0xa674</run_address>
         <size>0x30</size>
         <input_file_ref idref="fl-16a"/>
      </object_component>
      <object_component id="oc-61a">
         <name>.text</name>
         <load_address>0xa6a4</load_address>
         <run_address>0xa6a4</run_address>
         <size>0x30</size>
         <input_file_ref idref="fl-15f"/>
      </object_component>
      <object_component id="oc-5dc">
         <name>.text</name>
         <load_address>0xa6d4</load_address>
         <run_address>0xa6d4</run_address>
         <size>0x30</size>
         <input_file_ref idref="fl-162"/>
      </object_component>
      <object_component id="oc-603">
         <name>.text</name>
         <load_address>0xa704</load_address>
         <run_address>0xa704</run_address>
         <size>0x2e</size>
         <input_file_ref idref="fl-159"/>
      </object_component>
      <object_component id="oc-6d7">
         <name>.text</name>
         <load_address>0xa732</load_address>
         <run_address>0xa732</run_address>
         <size>0x2e</size>
         <input_file_ref idref="fl-166"/>
      </object_component>
      <object_component id="oc-32a">
         <name>.text:GPIODirModeSet</name>
         <load_address>0xa760</load_address>
         <run_address>0xa760</run_address>
         <size>0x2a</size>
         <input_file_ref idref="fl-16f"/>
      </object_component>
      <object_component id="oc-1fb">
         <name>.text:I2CMStateReadFirst</name>
         <load_address>0xa78a</load_address>
         <run_address>0xa78a</run_address>
         <size>0x2a</size>
         <input_file_ref idref="fl-16a"/>
      </object_component>
      <object_component id="oc-608">
         <name>.text</name>
         <load_address>0xa7b4</load_address>
         <run_address>0xa7b4</run_address>
         <size>0x2a</size>
         <input_file_ref idref="fl-157"/>
      </object_component>
      <object_component id="oc-492">
         <name>.text</name>
         <load_address>0xa7e0</load_address>
         <run_address>0xa7e0</run_address>
         <size>0x24</size>
         <input_file_ref idref="fl-178"/>
      </object_component>
      <object_component id="oc-201">
         <name>.text:I2CMStateReadOne</name>
         <load_address>0xa804</load_address>
         <run_address>0xa804</run_address>
         <size>0x20</size>
         <input_file_ref idref="fl-16a"/>
      </object_component>
      <object_component id="oc-2ff">
         <name>.text:_SysCtlMemTimingGet</name>
         <load_address>0xa824</load_address>
         <run_address>0xa824</run_address>
         <size>0x20</size>
         <input_file_ref idref="fl-173"/>
      </object_component>
      <object_component id="oc-620">
         <name>.text</name>
         <load_address>0xa844</load_address>
         <run_address>0xa844</run_address>
         <size>0x1c</size>
         <input_file_ref idref="fl-15c"/>
      </object_component>
      <object_component id="oc-1e3">
         <name>.text:I2CMStateReadWait</name>
         <load_address>0xa860</load_address>
         <run_address>0xa860</run_address>
         <size>0x1a</size>
         <input_file_ref idref="fl-16a"/>
      </object_component>
      <object_component id="oc-93">
         <name>.text:GPIOIntClear</name>
         <load_address>0xa87a</load_address>
         <run_address>0xa87a</run_address>
         <size>0x6</size>
         <input_file_ref idref="fl-16f"/>
      </object_component>
      <object_component id="oc-2a">
         <name>.text</name>
         <load_address>0xa880</load_address>
         <run_address>0xa880</run_address>
         <size>0x1a</size>
         <input_file_ref idref="fl-4"/>
      </object_component>
      <object_component id="oc-478">
         <name>.text:TMP006DataTemperatureGetRaw</name>
         <load_address>0xa89a</load_address>
         <run_address>0xa89a</run_address>
         <size>0x18</size>
         <input_file_ref idref="fl-16d"/>
      </object_component>
      <object_component id="oc-eb">
         <name>.text:TimerIntRegister</name>
         <load_address>0xa8b2</load_address>
         <run_address>0xa8b2</run_address>
         <size>0x18</size>
         <input_file_ref idref="fl-174"/>
      </object_component>
      <object_component id="oc-76">
         <name>.text</name>
         <load_address>0xa8cc</load_address>
         <run_address>0xa8cc</run_address>
         <size>0x18</size>
         <input_file_ref idref="fl-14f"/>
      </object_component>
      <object_component id="oc-3ae">
         <name>.text:SHT21Callback</name>
         <load_address>0xa8e4</load_address>
         <run_address>0xa8e4</run_address>
         <size>0x16</size>
         <input_file_ref idref="fl-16c"/>
      </object_component>
      <object_component id="oc-614">
         <name>.text</name>
         <load_address>0xa8fa</load_address>
         <run_address>0xa8fa</run_address>
         <size>0x16</size>
         <input_file_ref idref="fl-15d"/>
      </object_component>
      <object_component id="oc-3f5">
         <name>.text</name>
         <load_address>0xa910</load_address>
         <run_address>0xa910</run_address>
         <size>0x14</size>
         <input_file_ref idref="fl-14d"/>
      </object_component>
      <object_component id="oc-256">
         <name>.text</name>
         <load_address>0xa924</load_address>
         <run_address>0xa924</run_address>
         <size>0x14</size>
         <input_file_ref idref="fl-14a"/>
      </object_component>
      <object_component id="oc-316">
         <name>.text:GPIOPinTypeEthernetLED</name>
         <load_address>0xa938</load_address>
         <run_address>0xa938</run_address>
         <size>0x12</size>
         <input_file_ref idref="fl-16f"/>
      </object_component>
      <object_component id="oc-53d">
         <name>.text:GPIOPinTypeGPIOInput</name>
         <load_address>0xa94a</load_address>
         <run_address>0xa94a</run_address>
         <size>0x12</size>
         <input_file_ref idref="fl-16f"/>
      </object_component>
      <object_component id="oc-df">
         <name>.text:GPIOPinTypeI2CSCL</name>
         <load_address>0xa95c</load_address>
         <run_address>0xa95c</run_address>
         <size>0x12</size>
         <input_file_ref idref="fl-16f"/>
      </object_component>
      <object_component id="oc-52b">
         <name>.text:GPIOPinTypeSSI</name>
         <load_address>0xa96e</load_address>
         <run_address>0xa96e</run_address>
         <size>0x12</size>
         <input_file_ref idref="fl-16f"/>
      </object_component>
      <object_component id="oc-555">
         <name>.text:SSIDataGetNonBlocking</name>
         <load_address>0xa980</load_address>
         <run_address>0xa980</run_address>
         <size>0x12</size>
         <input_file_ref idref="fl-172"/>
      </object_component>
      <object_component id="oc-187">
         <name>.text:FPUEnable</name>
         <load_address>0xa994</load_address>
         <run_address>0xa994</run_address>
         <size>0x10</size>
         <input_file_ref idref="fl-16e"/>
      </object_component>
      <object_component id="oc-18d">
         <name>.text:FPULazyStackingEnable</name>
         <load_address>0xa9a4</load_address>
         <run_address>0xa9a4</run_address>
         <size>0x10</size>
         <input_file_ref idref="fl-16e"/>
      </object_component>
      <object_component id="oc-549">
         <name>.text:IntMasterEnable</name>
         <load_address>0xa9b4</load_address>
         <run_address>0xa9b4</run_address>
         <size>0x10</size>
         <input_file_ref idref="fl-171"/>
      </object_component>
      <object_component id="oc-ab">
         <name>.text:SysCtlReset</name>
         <load_address>0xa9c4</load_address>
         <run_address>0xa9c4</run_address>
         <size>0x10</size>
         <input_file_ref idref="fl-173"/>
      </object_component>
      <object_component id="oc-193">
         <name>.text:GPIOIntDisable</name>
         <load_address>0xa9d4</load_address>
         <run_address>0xa9d4</run_address>
         <size>0xe</size>
         <input_file_ref idref="fl-16f"/>
      </object_component>
      <object_component id="oc-8d">
         <name>.text:GPIOIntStatus</name>
         <load_address>0xa9e2</load_address>
         <run_address>0xa9e2</run_address>
         <size>0xe</size>
         <input_file_ref idref="fl-16f"/>
      </object_component>
      <object_component id="oc-54f">
         <name>.text:SSIDataPutNonBlocking</name>
         <load_address>0xa9f0</load_address>
         <run_address>0xa9f0</run_address>
         <size>0xe</size>
         <input_file_ref idref="fl-172"/>
      </object_component>
      <object_component id="oc-12">
         <name>.text:decompress:none</name>
         <load_address>0xa9fe</load_address>
         <run_address>0xa9fe</run_address>
         <size>0xe</size>
         <input_file_ref idref="fl-13f"/>
      </object_component>
      <object_component id="oc-65d">
         <name>.text:CPUcpsie</name>
         <load_address>0xaa0c</load_address>
         <run_address>0xaa0c</run_address>
         <size>0xc</size>
         <input_file_ref idref="fl-175"/>
      </object_component>
      <object_component id="oc-e5">
         <name>.text:GPIOIntEnable</name>
         <load_address>0xaa18</load_address>
         <run_address>0xaa18</run_address>
         <size>0xc</size>
         <input_file_ref idref="fl-16f"/>
      </object_component>
      <object_component id="oc-4c7">
         <name>.text:ISL29023DataLightVisibleGetRaw</name>
         <load_address>0xaa24</load_address>
         <run_address>0xaa24</run_address>
         <size>0xc</size>
         <input_file_ref idref="fl-16b"/>
      </object_component>
      <object_component id="oc-433">
         <name>.text:IntTrigger</name>
         <load_address>0xaa30</load_address>
         <run_address>0xaa30</run_address>
         <size>0xc</size>
         <input_file_ref idref="fl-171"/>
      </object_component>
      <object_component id="oc-4b9">
         <name>.text:SHT21DataHumidityGetRaw</name>
         <load_address>0xaa3c</load_address>
         <run_address>0xaa3c</run_address>
         <size>0xc</size>
         <input_file_ref idref="fl-16c"/>
      </object_component>
      <object_component id="oc-4c0">
         <name>.text:SHT21DataTemperatureGetRaw</name>
         <load_address>0xaa48</load_address>
         <run_address>0xaa48</run_address>
         <size>0xc</size>
         <input_file_ref idref="fl-16c"/>
      </object_component>
      <object_component id="oc-1e">
         <name>.text:decompress:ZI</name>
         <load_address>0xaa54</load_address>
         <run_address>0xaa54</run_address>
         <size>0xc</size>
         <input_file_ref idref="fl-141"/>
      </object_component>
      <object_component id="oc-504">
         <name>.text:I2CMasterEnable</name>
         <load_address>0xaa60</load_address>
         <run_address>0xaa60</run_address>
         <size>0xa</size>
         <input_file_ref idref="fl-170"/>
      </object_component>
      <object_component id="oc-537">
         <name>.text:SSIEnable</name>
         <load_address>0xaa6a</load_address>
         <run_address>0xaa6a</run_address>
         <size>0xa</size>
         <input_file_ref idref="fl-172"/>
      </object_component>
      <object_component id="oc-1d1">
         <name>.text:I2CMasterIntClear</name>
         <load_address>0xaa74</load_address>
         <run_address>0xaa74</run_address>
         <size>0x8</size>
         <input_file_ref idref="fl-170"/>
      </object_component>
      <object_component id="oc-34c">
         <name>.text:I2CMasterIntEnableEx</name>
         <load_address>0xaa7c</load_address>
         <run_address>0xaa7c</run_address>
         <size>0x8</size>
         <input_file_ref idref="fl-170"/>
      </object_component>
      <object_component id="oc-411">
         <name>.text:I2CMasterSlaveAddrSet</name>
         <load_address>0xaa84</load_address>
         <run_address>0xaa84</run_address>
         <size>0x8</size>
         <input_file_ref idref="fl-170"/>
      </object_component>
      <object_component id="oc-55b">
         <name>.text:SSIBusy</name>
         <load_address>0xaa8c</load_address>
         <run_address>0xaa8c</run_address>
         <size>0x8</size>
         <input_file_ref idref="fl-172"/>
      </object_component>
      <object_component id="oc-322">
         <name>.text:GPIOPinRead</name>
         <load_address>0xaa94</load_address>
         <run_address>0xaa94</run_address>
         <size>0x6</size>
         <input_file_ref idref="fl-16f"/>
      </object_component>
      <object_component id="oc-31c">
         <name>.text:GPIOPinWrite</name>
         <load_address>0xaa9a</load_address>
         <run_address>0xaa9a</run_address>
         <size>0x6</size>
         <input_file_ref idref="fl-16f"/>
      </object_component>
      <object_component id="oc-23d">
         <name>.text:SysCtlDelay</name>
         <load_address>0xaaa0</load_address>
         <run_address>0xaaa0</run_address>
         <size>0x6</size>
         <input_file_ref idref="fl-173"/>
      </object_component>
      <object_component id="oc-18">
         <name>.text:decompress:rle24</name>
         <load_address>0xaaa6</load_address>
         <run_address>0xaaa6</run_address>
         <size>0x6</size>
         <input_file_ref idref="fl-140"/>
      </object_component>
      <object_component id="oc-419">
         <name>.text:I2CMasterDataPut</name>
         <load_address>0xaaac</load_address>
         <run_address>0xaaac</run_address>
         <size>0x4</size>
         <input_file_ref idref="fl-170"/>
      </object_component>
      <object_component id="oc-6a">
         <name>.text</name>
         <load_address>0xaab0</load_address>
         <run_address>0xaab0</run_address>
         <size>0x4</size>
         <input_file_ref idref="fl-146"/>
      </object_component>
      <object_component id="oc-30e">
         <name>.const:g_pppui32XTALtoVCO</name>
         <load_address>0xaab4</load_address>
         <run_address>0xaab4</run_address>
         <size>0x120</size>
         <input_file_ref idref="fl-173"/>
      </object_component>
      <object_component id="oc-473">
         <name>.const:.string:_ctypes_</name>
         <load_address>0xabd4</load_address>
         <run_address>0xabd4</run_address>
         <size>0x101</size>
         <input_file_ref idref="fl-142"/>
      </object_component>
      <object_component id="oc-45b">
         <name>.const:.string</name>
         <load_address>0xacd5</load_address>
         <run_address>0xacd5</run_address>
         <size>0xc3</size>
         <input_file_ref idref="fl-11"/>
      </object_component>
      <object_component id="oc-653">
         <name>.const:g_pui32GPIOBaseAddrs</name>
         <load_address>0xad98</load_address>
         <run_address>0xad98</run_address>
         <size>0x90</size>
         <input_file_ref idref="fl-16f"/>
      </object_component>
      <object_component id="oc-4fe">
         <name>.const</name>
         <load_address>0xae28</load_address>
         <run_address>0xae28</run_address>
         <size>0x70</size>
         <input_file_ref idref="fl-171"/>
      </object_component>
      <object_component id="oc-30b">
         <name>.const:g_pui32Xtals</name>
         <load_address>0xae98</load_address>
         <run_address>0xae98</run_address>
         <size>0x6c</size>
         <input_file_ref idref="fl-173"/>
      </object_component>
      <object_component id="oc-4f2">
         <name>.const:g_ppui32TimerIntMap</name>
         <load_address>0xaf04</load_address>
         <run_address>0xaf04</run_address>
         <size>0x60</size>
         <input_file_ref idref="fl-174"/>
      </object_component>
      <object_component id="oc-118">
         <name>.const</name>
         <load_address>0xaf64</load_address>
         <run_address>0xaf64</run_address>
         <size>0x54</size>
         <input_file_ref idref="fl-3"/>
      </object_component>
      <object_component id="oc-4f5">
         <name>.const:g_ppui32TimerIntMapSnowflake</name>
         <load_address>0xafb8</load_address>
         <run_address>0xafb8</run_address>
         <size>0x40</size>
         <input_file_ref idref="fl-174"/>
      </object_component>
      <object_component id="oc-45e">
         <name>.const:.string:STR_CONTENT</name>
         <load_address>0xaff8</load_address>
         <run_address>0xaff8</run_address>
         <size>0x3f</size>
         <input_file_ref idref="fl-11"/>
      </object_component>
      <object_component id="oc-513">
         <name>.const:OpcodeTranslateTable</name>
         <load_address>0xb038</load_address>
         <run_address>0xb038</run_address>
         <size>0x3c</size>
         <input_file_ref idref="fl-8"/>
      </object_component>
      <object_component id="oc-383">
         <name>.const</name>
         <load_address>0xb074</load_address>
         <run_address>0xb074</run_address>
         <size>0x3c</size>
         <input_file_ref idref="fl-10"/>
      </object_component>
      <object_component id="oc-464">
         <name>.const:.string:STR_ACCEPT</name>
         <load_address>0xb0b0</load_address>
         <run_address>0xb0b0</run_address>
         <size>0x39</size>
         <input_file_ref idref="fl-11"/>
      </object_component>
      <object_component id="oc-516">
         <name>.const:_SlActionLookupTable</name>
         <load_address>0xb0ec</load_address>
         <run_address>0xb0ec</run_address>
         <size>0x38</size>
         <input_file_ref idref="fl-8"/>
      </object_component>
      <object_component id="oc-675">
         <name>.const</name>
         <load_address>0xb124</load_address>
         <run_address>0xb124</run_address>
         <size>0x34</size>
         <input_file_ref idref="fl-e"/>
      </object_component>
      <object_component id="oc-510">
         <name>.const</name>
         <load_address>0xb158</load_address>
         <run_address>0xb158</run_address>
         <size>0x30</size>
         <input_file_ref idref="fl-8"/>
      </object_component>
      <object_component id="oc-4da">
         <name>.const:g_sXTALtoMEMTIM</name>
         <load_address>0xb188</load_address>
         <run_address>0xb188</run_address>
         <size>0x30</size>
         <input_file_ref idref="fl-173"/>
      </object_component>
      <object_component id="oc-4cd">
         <name>.const</name>
         <load_address>0xb1b8</load_address>
         <run_address>0xb1b8</run_address>
         <size>0x30</size>
         <input_file_ref idref="fl-16b"/>
      </object_component>
      <object_component id="oc-467">
         <name>.const:.string:STR_CONTENT_JSON</name>
         <load_address>0xb1e8</load_address>
         <run_address>0xb1e8</run_address>
         <size>0x2e</size>
         <input_file_ref idref="fl-11"/>
      </object_component>
      <object_component id="oc-115">
         <name>.const:$P$T0$1</name>
         <load_address>0xb218</load_address>
         <run_address>0xb218</run_address>
         <size>0x2c</size>
         <input_file_ref idref="fl-3"/>
      </object_component>
      <object_component id="oc-67f">
         <name>.const</name>
         <load_address>0xb244</load_address>
         <run_address>0xb244</run_address>
         <size>0x2c</size>
         <input_file_ref idref="fl-a"/>
      </object_component>
      <object_component id="oc-46a">
         <name>.const:.string:STR_ACCEPT_JSON</name>
         <load_address>0xb270</load_address>
         <run_address>0xb270</run_address>
         <size>0x28</size>
         <input_file_ref idref="fl-11"/>
      </object_component>
      <object_component id="oc-397">
         <name>.const</name>
         <load_address>0xb298</load_address>
         <run_address>0xb298</run_address>
         <size>0x28</size>
         <input_file_ref idref="fl-b"/>
      </object_component>
      <object_component id="oc-16a">
         <name>.const</name>
         <load_address>0xb2c0</load_address>
         <run_address>0xb2c0</run_address>
         <size>0x28</size>
         <input_file_ref idref="fl-5"/>
      </object_component>
      <object_component id="oc-29b">
         <name>.const</name>
         <load_address>0xb2e8</load_address>
         <run_address>0xb2e8</run_address>
         <size>0x20</size>
         <input_file_ref idref="fl-2"/>
      </object_component>
      <object_component id="oc-35f">
         <name>.const</name>
         <load_address>0xb308</load_address>
         <run_address>0xb308</run_address>
         <size>0x1c</size>
         <input_file_ref idref="fl-7"/>
      </object_component>
      <object_component id="oc-3c9">
         <name>.const:.string</name>
         <load_address>0xb324</load_address>
         <run_address>0xb324</run_address>
         <size>0x12</size>
         <input_file_ref idref="fl-5"/>
      </object_component>
      <object_component id="oc-672">
         <name>.const:.string</name>
         <load_address>0xb336</load_address>
         <run_address>0xb336</run_address>
         <size>0x10</size>
         <input_file_ref idref="fl-e"/>
      </object_component>
      <object_component id="oc-265">
         <name>.const:.string</name>
         <load_address>0xb346</load_address>
         <run_address>0xb346</run_address>
         <size>0xa</size>
         <input_file_ref idref="fl-2"/>
      </object_component>
      <object_component id="oc-311">
         <name>.const</name>
         <load_address>0xb350</load_address>
         <run_address>0xb350</run_address>
         <size>0x8</size>
         <input_file_ref idref="fl-173"/>
      </object_component>
      <object_component id="oc-38d">
         <name>.const</name>
         <load_address>0xb358</load_address>
         <run_address>0xb358</run_address>
         <size>0x8</size>
         <input_file_ref idref="fl-c"/>
      </object_component>
      <object_component id="oc-752">
         <name>.cinit..data.load</name>
         <load_address>0xb360</load_address>
         <run_address>0xb360</run_address>
         <size>0x81</size>
      </object_component>
      <object_component id="oc-74f">
         <name>__TI_handler_table</name>
         <load_address>0xb3e4</load_address>
         <run_address>0xb3e4</run_address>
         <size>0xc</size>
      </object_component>
      <object_component id="oc-753">
         <name>.cinit..bss.load</name>
         <load_address>0xb3f0</load_address>
         <run_address>0xb3f0</run_address>
         <size>0x8</size>
      </object_component>
      <object_component id="oc-751">
         <name>.cinit..vtable.load</name>
         <load_address>0xb3f8</load_address>
         <run_address>0xb3f8</run_address>
         <size>0x8</size>
      </object_component>
      <object_component id="oc-750">
         <name>__TI_cinit_table</name>
         <load_address>0xb400</load_address>
         <run_address>0xb400</run_address>
         <size>0x18</size>
      </object_component>
      <object_component id="oc-4f9">
         <name>.vtable</name>
         <uninitialized>true</uninitialized>
         <run_address>0x20000000</run_address>
         <size>0x26c</size>
         <input_file_ref idref="fl-171"/>
      </object_component>
      <object_component id="oc-29">
         <name>.stack</name>
         <uninitialized>true</uninitialized>
         <run_address>0x2000026c</run_address>
         <size>0x0</size>
         <input_file_ref idref="fl-13e"/>
      </object_component>
      <object_component id="oc-754">
         <name>.stack</name>
         <uninitialized>true</uninitialized>
         <run_address>0x2000026c</run_address>
         <size>0x0</size>
      </object_component>
      <object_component id="oc-274">
         <name>.bss:post_str</name>
         <uninitialized>true</uninitialized>
         <run_address>0x2000186c</run_address>
         <size>0x200</size>
         <input_file_ref idref="fl-2"/>
      </object_component>
      <object_component id="oc-c1">
         <name>.bss:g_sI2CInst</name>
         <uninitialized>true</uninitialized>
         <run_address>0x20001bd4</run_address>
         <size>0x124</size>
         <input_file_ref idref="fl-3"/>
      </object_component>
      <object_component id="oc-c4">
         <name>.bss:g_sTMP006Inst</name>
         <uninitialized>true</uninitialized>
         <run_address>0x20001dbc</run_address>
         <size>0x30</size>
         <input_file_ref idref="fl-3"/>
      </object_component>
      <object_component id="oc-cd">
         <name>.bss:g_sBMP180Inst</name>
         <uninitialized>true</uninitialized>
         <run_address>0x20001d78</run_address>
         <size>0x44</size>
         <input_file_ref idref="fl-3"/>
      </object_component>
      <object_component id="oc-145">
         <name>.bss:g_sSHT21Inst</name>
         <uninitialized>true</uninitialized>
         <run_address>0x20001e18</run_address>
         <size>0x2c</size>
         <input_file_ref idref="fl-3"/>
      </object_component>
      <object_component id="oc-d0">
         <name>.bss:g_sISL29023Inst</name>
         <uninitialized>true</uninitialized>
         <run_address>0x20001dec</run_address>
         <size>0x2c</size>
         <input_file_ref idref="fl-3"/>
      </object_component>
      <object_component id="oc-170">
         <name>.bss:g_pcUARTTxBuffer</name>
         <uninitialized>true</uninitialized>
         <run_address>0x2000126c</run_address>
         <size>0x400</size>
         <input_file_ref idref="fl-5"/>
      </object_component>
      <object_component id="oc-178">
         <name>.bss:g_pcUARTRxBuffer</name>
         <uninitialized>true</uninitialized>
         <run_address>0x20001cf8</run_address>
         <size>0x80</size>
         <input_file_ref idref="fl-5"/>
      </object_component>
      <object_component id="oc-50c">
         <name>.bss:g_StatMem</name>
         <uninitialized>true</uninitialized>
         <run_address>0x20001a6c</run_address>
         <size>0x168</size>
         <input_file_ref idref="fl-8"/>
      </object_component>
      <object_component id="oc-454">
         <name>.bss:uuidBuffer</name>
         <uninitialized>true</uninitialized>
         <run_address>0x20001e44</run_address>
         <size>0x28</size>
         <input_file_ref idref="fl-11"/>
      </object_component>
      <object_component id="oc-461">
         <name>.bss:exoPal_rxBuffer</name>
         <uninitialized>true</uninitialized>
         <run_address>0x2000166c</run_address>
         <size>0x200</size>
         <input_file_ref idref="fl-12"/>
      </object_component>
      <object_component id="oc-c7">
         <name>.common:g_vui8IntensityFlag</name>
         <uninitialized>true</uninitialized>
         <run_address>0x20001ea4</run_address>
         <size>0x4</size>
      </object_component>
      <object_component id="oc-bd">
         <name>.common:g_vui8DataFlag</name>
         <uninitialized>true</uninitialized>
         <run_address>0x20001e9c</run_address>
         <size>0x4</size>
      </object_component>
      <object_component id="oc-c0">
         <name>.common:g_vui8ErrorFlag</name>
         <uninitialized>true</uninitialized>
         <run_address>0x20001ea0</run_address>
         <size>0x4</size>
      </object_component>
      <object_component id="oc-17b">
         <name>.common:g_bDisableEcho</name>
         <uninitialized>true</uninitialized>
         <run_address>0x20001eab</run_address>
         <size>0x1</size>
      </object_component>
      <object_component id="oc-16d">
         <name>.common:g_ui32PortNum</name>
         <uninitialized>true</uninitialized>
         <run_address>0x20001e98</run_address>
         <size>0x4</size>
      </object_component>
      <object_component id="oc-50f">
         <name>.common:RxIrqCnt</name>
         <uninitialized>true</uninitialized>
         <run_address>0x20001ea9</run_address>
         <size>0x1</size>
      </object_component>
      <object_component id="oc-365">
         <name>.common:g_bDeviceRestartIsRequired</name>
         <uninitialized>true</uninitialized>
         <run_address>0x20001eaa</run_address>
         <size>0x1</size>
      </object_component>
      <object_component id="oc-457">
         <name>.common:vendorBuffer</name>
         <uninitialized>true</uninitialized>
         <run_address>0x20001e80</run_address>
         <size>0x14</size>
      </object_component>
      <object_component id="oc-45a">
         <name>.common:modelBuffer</name>
         <uninitialized>true</uninitialized>
         <run_address>0x20001e6c</run_address>
         <size>0x14</size>
      </object_component>
      <object_component id="oc-19f">
         <name>.common:IntIsMasked</name>
         <uninitialized>true</uninitialized>
         <run_address>0x20001ea8</run_address>
         <size>0x1</size>
      </object_component>
      <object_component id="oc-199">
         <name>.common:g_SysClock</name>
         <uninitialized>true</uninitialized>
         <run_address>0x20001e94</run_address>
         <size>0x4</size>
      </object_component>
      <object_component id="oc-262">
         <name>.data</name>
         <load_address>0x20002070</load_address>
         <run_address>0x20002070</run_address>
         <size>0xc</size>
         <input_file_ref idref="fl-2"/>
      </object_component>
      <object_component id="oc-ca">
         <name>.data</name>
         <load_address>0x2000205c</load_address>
         <run_address>0x2000205c</run_address>
         <size>0x12</size>
         <input_file_ref idref="fl-3"/>
      </object_component>
      <object_component id="oc-167">
         <name>.data</name>
         <load_address>0x20002044</load_address>
         <run_address>0x20002044</run_address>
         <size>0x15</size>
         <input_file_ref idref="fl-5"/>
      </object_component>
      <object_component id="oc-362">
         <name>.data</name>
         <load_address>0x2000207c</load_address>
         <run_address>0x2000207c</run_address>
         <size>0x9</size>
         <input_file_ref idref="fl-8"/>
      </object_component>
      <object_component id="oc-37e">
         <name>.data:g__SlNonOsCB</name>
         <load_address>0x20001fe0</load_address>
         <run_address>0x20001fe0</run_address>
         <size>0x3c</size>
         <input_file_ref idref="fl-d"/>
      </object_component>
      <object_component id="oc-44e">
         <name>.data:cikBuffer</name>
         <load_address>0x2000201c</load_address>
         <run_address>0x2000201c</run_address>
         <size>0x28</size>
         <input_file_ref idref="fl-11"/>
      </object_component>
      <object_component id="oc-451">
         <name>.data</name>
         <load_address>0x2000206e</load_address>
         <run_address>0x2000206e</run_address>
         <size>0x2</size>
         <input_file_ref idref="fl-11"/>
      </object_component>
      <object_component id="oc-5b7">
         <name>.data</name>
         <load_address>0x20002088</load_address>
         <run_address>0x20002088</run_address>
         <size>0x8</size>
         <input_file_ref idref="fl-12"/>
      </object_component>
      <object_component id="oc-238">
         <name>.data</name>
         <load_address>0x20002059</load_address>
         <run_address>0x20002059</run_address>
         <size>0x3</size>
         <input_file_ref idref="fl-13"/>
      </object_component>
      <object_component id="oc-19c">
         <name>.data</name>
         <load_address>0x200020a8</load_address>
         <run_address>0x200020a8</run_address>
         <size>0x4</size>
         <input_file_ref idref="fl-15"/>
      </object_component>
      <object_component id="oc-1c9">
         <name>.data</name>
         <load_address>0x20002098</load_address>
         <run_address>0x20002098</run_address>
         <size>0x8</size>
         <input_file_ref idref="fl-143"/>
      </object_component>
      <object_component id="oc-82">
         <name>.data</name>
         <load_address>0x200020b0</load_address>
         <run_address>0x200020b0</run_address>
         <size>0x4</size>
         <input_file_ref idref="fl-149"/>
      </object_component>
      <object_component id="oc-1c6">
         <name>.data</name>
         <load_address>0x20002090</load_address>
         <run_address>0x20002090</run_address>
         <size>0x8</size>
         <input_file_ref idref="fl-14d"/>
      </object_component>
      <object_component id="oc-6ef">
         <name>.data</name>
         <load_address>0x20001f60</load_address>
         <run_address>0x20001f60</run_address>
         <size>0x80</size>
         <input_file_ref idref="fl-163"/>
      </object_component>
      <object_component id="oc-697">
         <name>.data</name>
         <load_address>0x200020ac</load_address>
         <run_address>0x200020ac</run_address>
         <size>0x4</size>
         <input_file_ref idref="fl-164"/>
      </object_component>
      <object_component id="oc-6dd">
         <name>.data</name>
         <load_address>0x200020a0</load_address>
         <run_address>0x200020a0</run_address>
         <size>0x8</size>
         <input_file_ref idref="fl-165"/>
      </object_component>
      <object_component id="oc-71a">
         <name>.data:sigtable</name>
         <load_address>0x20001eb0</load_address>
         <run_address>0x20001eb0</run_address>
         <size>0xb0</size>
         <input_file_ref idref="fl-167"/>
      </object_component>
      <object_component id="oc-c8">
         <name>.debug_info</name>
         <load_address>0x0</load_address>
         <run_address>0x0</run_address>
         <size>0xa9c</size>
         <input_file_ref idref="fl-2"/>
      </object_component>
      <object_component id="oc-263">
         <name>.debug_info</name>
         <load_address>0xa9c</load_address>
         <run_address>0xa9c</run_address>
         <size>0x159</size>
         <input_file_ref idref="fl-2"/>
      </object_component>
      <object_component id="oc-275">
         <name>.debug_info</name>
         <load_address>0xbf5</load_address>
         <run_address>0xbf5</run_address>
         <size>0x103</size>
         <input_file_ref idref="fl-2"/>
      </object_component>
      <object_component id="oc-29c">
         <name>.debug_info</name>
         <load_address>0xcf8</load_address>
         <run_address>0xcf8</run_address>
         <size>0x142</size>
         <input_file_ref idref="fl-2"/>
      </object_component>
      <object_component id="oc-266">
         <name>.debug_info</name>
         <load_address>0xe3a</load_address>
         <run_address>0xe3a</run_address>
         <size>0x100</size>
         <input_file_ref idref="fl-2"/>
      </object_component>
      <object_component id="oc-a6">
         <name>.debug_info</name>
         <load_address>0xf3a</load_address>
         <run_address>0xf3a</run_address>
         <size>0xe2e</size>
         <input_file_ref idref="fl-2"/>
      </object_component>
      <object_component id="oc-2db">
         <name>.debug_info</name>
         <load_address>0x1d68</load_address>
         <run_address>0x1d68</run_address>
         <size>0x4e6</size>
         <input_file_ref idref="fl-2"/>
      </object_component>
      <object_component id="oc-2e0">
         <name>.debug_info</name>
[...]
         <object_component_ref idref="oc-1c6"/>
      </symbol>
      <symbol id="sm-bbd">
         <name>_register_lock</name>
         <value>0xa917</value>
         <object_component_ref idref="oc-3f5"/>
      </symbol>
      <symbol id="sm-bbe">
         <name>_register_unlock</name>
         <value>0xa911</value>
         <object_component_ref idref="oc-3f5"/>
      </symbol>
      <symbol id="sm-cc3">
         <name>__TI_printfi</name>
         <value>0x22d1</value>
         <object_component_ref idref="oc-499"/>
      </symbol>
      <symbol id="sm-cd8">
         <name>_args_main</name>
         <value>0xa8cd</value>
         <object_component_ref idref="oc-76"/>
      </symbol>
      <symbol id="sm-cfe">
         <name>__TI_auto_init</name>
         <value>0x957d</value>
         <object_component_ref idref="oc-70"/>
      </symbol>
      <symbol id="sm-d18">
         <name>copy_in</name>
         <value>0xa0ed</value>
         <object_component_ref idref="oc-1bc"/>
      </symbol>
      <symbol id="sm-d3c">
         <name>__aeabi_dsub</name>
         <value>0x8395</value>
         <object_component_ref idref="oc-488"/>
      </symbol>
      <symbol id="sm-d3d">
         <name>__aeabi_dadd</name>
         <value>0x839f</value>
         <object_component_ref idref="oc-488"/>
      </symbol>
      <symbol id="sm-d64">
         <name>__aeabi_cdcmpeq</name>
         <value>0x9139</value>
         <object_component_ref idref="oc-5e9"/>
      </symbol>
      <symbol id="sm-d65">
         <name>__aeabi_cdcmple</name>
         <value>0x9139</value>
         <object_component_ref idref="oc-5e9"/>
      </symbol>
      <symbol id="sm-d66">
         <name>__aeabi_cdrcmple</name>
         <value>0x91bf</value>
         <object_component_ref idref="oc-5f3"/>
      </symbol>
      <symbol id="sm-d86">
         <name>__aeabi_ddiv</name>
         <value>0x854b</value>
         <object_component_ref idref="oc-5ee"/>
      </symbol>
      <symbol id="sm-d9d">
         <name>__aeabi_dmul</name>
         <value>0x88c5</value>
         <object_component_ref idref="oc-483"/>
      </symbol>
      <symbol id="sm-dab">
         <name>__aeabi_d2iz</name>
         <value>0xa2a5</value>
         <object_component_ref idref="oc-5f8"/>
      </symbol>
      <symbol id="sm-db8">
         <name>frexp</name>
         <value>0xa7b5</value>
         <object_component_ref idref="oc-608"/>
      </symbol>
      <symbol id="sm-dc2">
         <name>__aeabi_idiv0</name>
         <value>0x25d7</value>
         <object_component_ref idref="oc-3d0"/>
      </symbol>
      <symbol id="sm-dce">
         <name>__aeabi_i2d</name>
         <value>0xa705</value>
         <object_component_ref idref="oc-603"/>
      </symbol>
      <symbol id="sm-ddf">
         <name>ldexp</name>
         <value>0x9d45</value>
         <object_component_ref idref="oc-60e"/>
      </symbol>
      <symbol id="sm-dee">
         <name>ltoa</name>
         <value>0x9b9f</value>
         <object_component_ref idref="oc-5fd"/>
      </symbol>
      <symbol id="sm-dfe">
         <name>memccpy</name>
         <value>0xa845</value>
         <object_component_ref idref="oc-620"/>
      </symbol>
      <symbol id="sm-e0e">
         <name>strchr</name>
         <value>0xa8fb</value>
         <object_component_ref idref="oc-614"/>
      </symbol>
      <symbol id="sm-e38">
         <name>__aeabi_uldivmod</name>
         <value>0x7dd5</value>
         <object_component_ref idref="oc-5e4"/>
      </symbol>
      <symbol id="sm-e46">
         <name>_Dclass</name>
         <value>0xa6a5</value>
         <object_component_ref idref="oc-61a"/>
      </symbol>
      <symbol id="sm-e67">
         <name>_Dscale</name>
         <value>0x87b5</value>
         <object_component_ref idref="oc-6ad"/>
      </symbol>
      <symbol id="sm-e7b">
         <name>_Dunscale</name>
         <value>0x978d</value>
         <object_component_ref idref="oc-6a5"/>
      </symbol>
      <symbol id="sm-e8a">
         <name>_Feraise</name>
         <value>0xa6d5</value>
         <object_component_ref idref="oc-5dc"/>
      </symbol>
      <symbol id="sm-e9a">
         <name>_Rteps</name>
         <value>0x20001fc0</value>
         <object_component_ref idref="oc-6ef"/>
      </symbol>
      <symbol id="sm-e9b">
         <name>_Zero</name>
         <value>0x20001fd8</value>
         <object_component_ref idref="oc-6ef"/>
      </symbol>
      <symbol id="sm-e9c">
         <name>_Hugeval</name>
         <value>0x20001f80</value>
         <object_component_ref idref="oc-6ef"/>
      </symbol>
      <symbol id="sm-e9d">
         <name>_Snan</name>
         <value>0x20001fb0</value>
         <object_component_ref idref="oc-6ef"/>
      </symbol>
      <symbol id="sm-e9e">
         <name>_Nan</name>
         <value>0x20001fa0</value>
         <object_component_ref idref="oc-6ef"/>
      </symbol>
      <symbol id="sm-e9f">
         <name>_Inf</name>
         <value>0x20001f90</value>
         <object_component_ref idref="oc-6ef"/>
      </symbol>
      <symbol id="sm-ea0">
         <name>_Xbig</name>
         <value>0x20001fd0</value>
         <object_component_ref idref="oc-6ef"/>
      </symbol>
      <symbol id="sm-ea1">
         <name>_Eps</name>
         <value>0x20001f70</value>
         <object_component_ref idref="oc-6ef"/>
      </symbol>
      <symbol id="sm-ea2">
         <name>_Denorm</name>
         <value>0x20001f60</value>
         <object_component_ref idref="oc-6ef"/>
      </symbol>
      <symbol id="sm-eaa">
         <name>_Errno</name>
         <value>0x200020ac</value>
         <object_component_ref idref="oc-697"/>
      </symbol>
      <symbol id="sm-ec8">
         <name>feraiseexcept</name>
         <value>0xa60d</value>
         <object_component_ref idref="oc-691"/>
      </symbol>
      <symbol id="sm-ec9">
         <name>_Tls_setup__Fenv</name>
         <value>0x200020a4</value>
         <object_component_ref idref="oc-6dd"/>
      </symbol>
      <symbol id="sm-eca">
         <name>_Fenv</name>
         <value>0x200020a0</value>
         <object_component_ref idref="oc-6dd"/>
      </symbol>
      <symbol id="sm-ede">
         <name>raise</name>
         <value>0xa733</value>
         <object_component_ref idref="oc-6d7"/>
      </symbol>
      <symbol id="sm-ef8">
         <name>signal</name>
         <value>0xa43d</value>
         <object_component_ref idref="oc-6fc"/>
      </symbol>
      <symbol id="sm-f0d">
         <name>_Dnorm</name>
         <value>0x8e29</value>
         <object_component_ref idref="oc-6e5"/>
      </symbol>
      <symbol id="sm-f6e">
         <name>BMP180DataPressureGetFloat</name>
         <value>0x7fc9</value>
         <object_component_ref idref="oc-26e"/>
      </symbol>
      <symbol id="sm-f6f">
         <name>BMP180DataTemperatureGetFloat</name>
         <value>0x9245</value>
         <object_component_ref idref="oc-268"/>
      </symbol>
      <symbol id="sm-f70">
         <name>BMP180DataRead</name>
         <value>0x9a99</value>
         <object_component_ref idref="oc-b1"/>
      </symbol>
      <symbol id="sm-f71">
         <name>BMP180Init</name>
         <value>0x9bf5</value>
         <object_component_ref idref="oc-127"/>
      </symbol>
      <symbol id="sm-1082">
         <name>I2CMWrite8</name>
         <value>0x9c49</value>
         <object_component_ref idref="oc-3be"/>
      </symbol>
      <symbol id="sm-1083">
         <name>I2CMCommand</name>
         <value>0x90b1</value>
         <object_component_ref idref="oc-224"/>
      </symbol>
      <symbol id="sm-1084">
         <name>I2CMReadModifyWrite16LE</name>
         <value>0x93bd</value>
         <object_component_ref idref="oc-3a6"/>
      </symbol>
      <symbol id="sm-1085">
         <name>I2CMInit</name>
         <value>0xa56f</value>
         <object_component_ref idref="oc-f1"/>
      </symbol>
      <symbol id="sm-1086">
         <name>I2CMReadModifyWrite8</name>
         <value>0x9345</value>
         <object_component_ref idref="oc-3b7"/>
      </symbol>
      <symbol id="sm-1087">
         <name>I2CMTransferResume</name>
         <value>0xa675</value>
         <object_component_ref idref="oc-66b"/>
      </symbol>
      <symbol id="sm-1088">
         <name>I2CMIntHandler</name>
         <value>0x8ab5</value>
         <object_component_ref idref="oc-87"/>
      </symbol>
      <symbol id="sm-10ed">
         <name>g_fBetaLookup</name>
         <value>0xb1d8</value>
         <object_component_ref idref="oc-4cd"/>
      </symbol>
      <symbol id="sm-10ee">
         <name>g_fRangeLookup</name>
         <value>0xb1b8</value>
         <object_component_ref idref="oc-4cd"/>
      </symbol>
      <symbol id="sm-10ef">
         <name>ISL29023DataRead</name>
         <value>0x9de9</value>
         <object_component_ref idref="oc-b7"/>
      </symbol>
      <symbol id="sm-10f0">
         <name>g_fResolutionLookup</name>
         <value>0xb1c8</value>
         <object_component_ref idref="oc-4cd"/>
      </symbol>
      <symbol id="sm-10f1">
         <name>ISL29023DataLightVisibleGetRaw</name>
         <value>0xaa25</value>
         <object_component_ref idref="oc-4c7"/>
      </symbol>
      <symbol id="sm-10f2">
         <name>ISL29023DataLightVisibleGetFloat</name>
         <value>0xa215</value>
         <object_component_ref idref="oc-28f"/>
      </symbol>
      <symbol id="sm-10f3">
         <name>ISL29023ReadModifyWrite</name>
         <value>0x9f25</value>
         <object_component_ref idref="oc-139"/>
      </symbol>
      <symbol id="sm-10f4">
         <name>ISL29023Read</name>
         <value>0x9e39</value>
         <object_component_ref idref="oc-295"/>
      </symbol>
      <symbol id="sm-10f5">
         <name>ISL29023Write</name>
         <value>0x9655</value>
         <object_component_ref idref="oc-13f"/>
      </symbol>
      <symbol id="sm-10f6">
         <name>ISL29023Init</name>
         <value>0x9c9d</value>
         <object_component_ref idref="oc-133"/>
      </symbol>
      <symbol id="sm-114f">
         <name>SHT21DataTemperatureGetRaw</name>
         <value>0xaa49</value>
         <object_component_ref idref="oc-4c0"/>
      </symbol>
      <symbol id="sm-1150">
         <name>SHT21DataHumidityGetFloat</name>
         <value>0x9431</value>
         <object_component_ref idref="oc-283"/>
      </symbol>
      <symbol id="sm-1151">
         <name>SHT21DataTemperatureGetFloat</name>
         <value>0x98b9</value>
         <object_component_ref idref="oc-289"/>
      </symbol>
      <symbol id="sm-1152">
         <name>SHT21Write</name>
         <value>0xa009</value>
         <object_component_ref idref="oc-277"/>
      </symbol>
      <symbol id="sm-1153">
         <name>SHT21DataRead</name>
         <value>0x9f71</value>
         <object_component_ref idref="oc-27d"/>
      </symbol>
      <symbol id="sm-1154">
         <name>SHT21Init</name>
         <value>0x9fbd</value>
         <object_component_ref idref="oc-12d"/>
      </symbol>
      <symbol id="sm-1155">
         <name>SHT21DataHumidityGetRaw</name>
         <value>0xaa3d</value>
         <object_component_ref idref="oc-4b9"/>
      </symbol>
      <symbol id="sm-11a6">
         <name>TMP006DataTemperatureGetRaw</name>
         <value>0xa89b</value>
         <object_component_ref idref="oc-478"/>
      </symbol>
      <symbol id="sm-11a7">
         <name>TMP006Init</name>
         <value>0x9af1</value>
         <object_component_ref idref="oc-11b"/>
      </symbol>
      <symbol id="sm-11a8">
         <name>TMP006DataTemperatureGetFloat</name>
         <value>0x81b1</value>
         <object_component_ref idref="oc-24a"/>
      </symbol>
      <symbol id="sm-11a9">
         <name>TMP006DataRead</name>
         <value>0x9cf1</value>
         <object_component_ref idref="oc-99"/>
      </symbol>
      <symbol id="sm-11aa">
         <name>TMP006ReadModifyWrite</name>
         <value>0x9979</value>
         <object_component_ref idref="oc-121"/>
      </symbol>
      <symbol id="sm-11c0">
         <name>FPULazyStackingEnable</name>
         <value>0xa9a5</value>
         <object_component_ref idref="oc-18d"/>
      </symbol>
      <symbol id="sm-11c1">
         <name>FPUEnable</name>
         <value>0xa995</value>
         <object_component_ref idref="oc-187"/>
      </symbol>
      <symbol id="sm-1243">
         <name>GPIOPinConfigure</name>
         <value>0xa185</value>
         <object_component_ref idref="oc-525"/>
      </symbol>
      <symbol id="sm-1244">
         <name>GPIOPinTypeI2CSCL</name>
         <value>0xa95d</value>
         <object_component_ref idref="oc-df"/>
      </symbol>
      <symbol id="sm-1245">
         <name>GPIOIntDisable</name>
         <value>0xa9d5</value>
         <object_component_ref idref="oc-193"/>
      </symbol>
      <symbol id="sm-1246">
         <name>GPIOIntEnable</name>
         <value>0xaa19</value>
         <object_component_ref idref="oc-e5"/>
      </symbol>
      <symbol id="sm-1247">
         <name>GPIOIntTypeSet</name>
         <value>0x9b49</value>
         <object_component_ref idref="oc-543"/>
      </symbol>
      <symbol id="sm-1248">
         <name>GPIOPinTypeGPIOInput</name>
         <value>0xa94b</value>
         <object_component_ref idref="oc-53d"/>
      </symbol>
      <symbol id="sm-1249">
         <name>GPIOIntClear</name>
         <value>0xa87b</value>
         <object_component_ref idref="oc-93"/>
      </symbol>
      <symbol id="sm-124a">
         <name>GPIOIntStatus</name>
         <value>0xa9e3</value>
         <object_component_ref idref="oc-8d"/>
      </symbol>
      <symbol id="sm-124b">
         <name>GPIOPinRead</name>
         <value>0xaa95</value>
         <object_component_ref idref="oc-322"/>
      </symbol>
      <symbol id="sm-124c">
         <name>GPIODirModeSet</name>
         <value>0xa761</value>
         <object_component_ref idref="oc-32a"/>
      </symbol>
      <symbol id="sm-124d">
         <name>GPIOPinWrite</name>
         <value>0xaa9b</value>
         <object_component_ref idref="oc-31c"/>
      </symbol>
      <symbol id="sm-124e">
         <name>GPIOPadConfigSet</name>
         <value>0x8681</value>
         <object_component_ref idref="oc-232"/>
      </symbol>
      <symbol id="sm-124f">
         <name>GPIOPinTypeSSI</name>
         <value>0xa96f</value>
         <object_component_ref idref="oc-52b"/>
      </symbol>
      <symbol id="sm-1250">
         <name>GPIOPinTypeEthernetLED</name>
         <value>0xa939</value>
         <object_component_ref idref="oc-316"/>
      </symbol>
      <symbol id="sm-1299">
         <name>I2CMasterDataPut</name>
         <value>0xaaad</value>
         <object_component_ref idref="oc-419"/>
      </symbol>
      <symbol id="sm-129a">
         <name>I2CMasterInitExpClk</name>
         <value>0x9ed9</value>
         <object_component_ref idref="oc-346"/>
      </symbol>
      <symbol id="sm-129b">
         <name>I2CMasterSlaveAddrSet</name>
         <value>0xaa85</value>
         <object_component_ref idref="oc-411"/>
      </symbol>
      <symbol id="sm-129c">
         <name>I2CMasterDataGet</name>
         <value>0x6a65</value>
         <object_component_ref idref="oc-407"/>
      </symbol>
      <symbol id="sm-129d">
         <name>I2CMasterIntEnableEx</name>
         <value>0xaa7d</value>
         <object_component_ref idref="oc-34c"/>
      </symbol>
      <symbol id="sm-129e">
         <name>I2CMasterControl</name>
         <value>0x341d</value>
         <object_component_ref idref="oc-1d7"/>
      </symbol>
      <symbol id="sm-129f">
         <name>I2CMasterEnable</name>
         <value>0xaa61</value>
         <object_component_ref idref="oc-504"/>
      </symbol>
      <symbol id="sm-12a0">
         <name>I2CMasterIntClear</name>
         <value>0xaa75</value>
         <object_component_ref idref="oc-1d1"/>
      </symbol>
      <symbol id="sm-1310">
         <name>IntIsEnabled</name>
         <value>0x97f5</value>
         <object_component_ref idref="oc-427"/>
      </symbol>
      <symbol id="sm-1311">
         <name>IntEnable</name>
         <value>0x9725</value>
         <object_component_ref idref="oc-33e"/>
      </symbol>
      <symbol id="sm-1312">
         <name>IntTrigger</name>
         <value>0xaa31</value>
         <object_component_ref idref="oc-433"/>
      </symbol>
      <symbol id="sm-1313">
         <name>IntDisable</name>
         <value>0x96bd</value>
         <object_component_ref idref="oc-42d"/>
      </symbol>
      <symbol id="sm-1314">
         <name>IntRegister</name>
         <value>0xa5a5</value>
         <object_component_ref idref="oc-338"/>
      </symbol>
      <symbol id="sm-1315">
         <name>g_pfnRAMVectors</name>
         <value>0x20000000</value>
         <object_component_ref idref="oc-4f9"/>
      </symbol>
      <symbol id="sm-1316">
         <name>IntMasterEnable</name>
         <value>0xa9b5</value>
         <object_component_ref idref="oc-549"/>
      </symbol>
      <symbol id="sm-1345">
         <name>SSIDataGetNonBlocking</name>
         <value>0xa981</value>
         <object_component_ref idref="oc-555"/>
      </symbol>
      <symbol id="sm-1346">
         <name>SSIDataPutNonBlocking</name>
         <value>0xa9f1</value>
         <object_component_ref idref="oc-54f"/>
      </symbol>
      <symbol id="sm-1347">
         <name>SSIConfigSetExpClk</name>
         <value>0xa4fb</value>
         <object_component_ref idref="oc-531"/>
      </symbol>
      <symbol id="sm-1348">
         <name>SSIEnable</name>
         <value>0xaa6b</value>
         <object_component_ref idref="oc-537"/>
      </symbol>
      <symbol id="sm-1349">
         <name>SSIBusy</name>
         <value>0xaa8d</value>
         <object_component_ref idref="oc-55b"/>
      </symbol>
      <symbol id="sm-13c6">
         <name>SysCtlDelay</name>
         <value>0xaaa1</value>
         <object_component_ref idref="oc-23d"/>
      </symbol>
      <symbol id="sm-13c7">
         <name>SysCtlPeripheralEnable</name>
         <value>0xa5d9</value>
         <object_component_ref idref="oc-51f"/>
      </symbol>
      <symbol id="sm-13c8">
         <name>SysCtlReset</name>
         <value>0xa9c5</value>
         <object_component_ref idref="oc-ab"/>
      </symbol>
      <symbol id="sm-13c9">
         <name>SysCtlClockFreqSet</name>
         <value>0x79d9</value>
         <object_component_ref idref="oc-d3"/>
      </symbol>
      <symbol id="sm-13f5">
         <name>TimerIntRegister</name>
         <value>0xa8b3</value>
         <object_component_ref idref="oc-eb"/>
      </symbol>
      <symbol id="sm-13ff">
         <name>CPUcpsie</name>
         <value>0xaa0d</value>
         <object_component_ref idref="oc-65d"/>
      </symbol>
      <symbol id="sm-140f">
         <name>__aeabi_d2f</name>
         <value>0x94a1</value>
         <object_component_ref idref="oc-48d"/>
      </symbol>
      <symbol id="sm-141d">
         <name>__aeabi_f2d</name>
         <value>0xa537</value>
         <object_component_ref idref="oc-47e"/>
      </symbol>
      <symbol id="sm-142d">
         <name>sqrtf</name>
         <value>0xa7e1</value>
         <object_component_ref idref="oc-492"/>
      </symbol>
      <symbol id="sm-142e">
         <name>__TI_static_base__</name>
         <value>0x0</value>
      </symbol>
      <symbol id="sm-1431">
         <name>SHT$$INIT_ARRAY$$Limit</name>
         <value>0x0</value>
      </symbol>
      <symbol id="sm-1432">
         <name>SHT$$INIT_ARRAY$$Base</name>
         <value>0x0</value>
      </symbol>
      <symbol id="sm-1433">
         <name>_SlDrvDispatchHttpServerEvents</name>
         <value>0x27a1</value>
      </symbol>
      <symbol id="sm-1434">
         <name>exoPal_atoi</name>
         <value>0xa0a1</value>
      </symbol>
      <symbol id="sm-1435">
         <name>exoPal_strstr</name>
         <value>0xa641</value>
      </symbol>
   </symbol_table>
   <title>Link successful</title>
</link_info>
