******************************************************************************
                  TI ARM Linker PC v5.2.7                      
******************************************************************************
>> Linked Fri Apr 08 20:16:27 2016

OUTPUT FILE NAME:   <wlan_station_exosite_write_read.out>
ENTRY POINT SYMBOL: "_c_int00"  address: 00009e89


MEMORY CONFIGURATION

         name            origin    length      used     unused   attr    fill
----------------------  --------  ---------  --------  --------  ----  --------
  FLASH                 00000000   00100000  0000b418  000f4be8  R  X
  SRAM                  20000000   00040000  000020b0  0003df50  RW X


SEGMENT ALLOCATION MAP

run origin  load origin   length   init length attrs members
----------  ----------- ---------- ----------- ----- -------
00000000    00000000    0000b418   0000b418    r-x
  00000000    00000000    00000208   00000208    r-- .intvecs
  00000208    00000208    0000a8ac   0000a8ac    r-x .text
  0000aab4    0000aab4    000008ac   000008ac    r-- .const
  0000b360    0000b360    000000b8   000000b8    r-- .cinit
20000000    20000000    000020b4   00000000    rw-
  20000000    20000000    0000026c   00000000    rw- .vtable
  2000026c    2000026c    00001000   00000000    rw- .stack
  2000126c    2000126c    00000c40   00000000    rw- .bss
  20001eb0    20001eb0    00000204   00000000    rw- .data


SECTION ALLOCATION MAP

 output                                  attributes/
section   page    origin      length       input sections
--------  ----  ----------  ----------   ----------------
.intvecs   0    00000000    00000208     
                  00000000    00000208     tm4c1294ncpdt_startup_ccs.obj (.intvecs)

.text      0    00000208    0000a8ac     
                  00000208    00001314     driver.obj (.text)
                  0000151c    000010ba     rtsv7M4_T_le_v4SPD16_eabi.lib : _printfi.obj (.text)
                  000025d6    00000002                                   : i_div0.obj (.text)
                  000025d8    00000e44     main.obj (.text)
                  0000341c    00000004     driverlib.lib : i2c.obj (.text:I2CMasterControl)
                  00003420    00000a88     exosite.obj (.text)
                  00003ea8    00000a78     socket.obj (.text)
                  00004920    000009b0     wlan.obj (.text)
                  000052d0    00000848     cloud_demo.obj (.text)
                  00005b18    00000808     netapp.obj (.text)
                  00006320    00000744     uartstdio.obj (.text)
                  00006a64    00000004     driverlib.lib : i2c.obj (.text:I2CMasterDataGet)
                  00006a68    000003d0     device.obj (.text)
                  00006e38    00000380     fs.obj (.text)
                  000071b8    0000030e     exosite_pal.obj (.text)
                  000074c6    00000002     --HOLE-- [fill = 0]
                  000074c8    00000300     pinout.obj (.text)
                  000077c8    00000210     spi.obj (.text)
                  000079d8    00000204     driverlib.lib : sysctl.obj (.text:SysCtlClockFreqSet)
                  00007bdc    000001f8     sensorlib.lib : bmp180.obj (.text:BMP180Callback)
                  00007dd4    000001f4     rtsv7M4_T_le_v4SPD16_eabi.lib : ull_div_t2.obj (.text)
                  00007fc8    000001e8     sensorlib.lib : bmp180.obj (.text:BMP180DataPressureGetFloat)
                  000081b0    000001e4                   : tmp006.obj (.text:TMP006DataTemperatureGetFloat)
                  00008394    000001b6     rtsv7M4_T_le_v4SPD16_eabi.lib : fd_add_t2.obj (.text)
                  0000854a    00000136                                   : fd_div_t2.obj (.text)
                  00008680    00000132     driverlib.lib : gpio.obj (.text:GPIOPadConfigSet)
                  000087b2    00000002     --HOLE-- [fill = 0]
                  000087b4    00000110     rtsv7M4_T_le_v4SPD16_eabi.lib : xdscale.obj (.text)
                  000088c4    000000fc                                   : fd_mul_t2.obj (.text)
                  000089c0    000000f4     netcfg.obj (.text)
                  00008ab4    000000f2     sensorlib.lib : i2cm_drv.obj (.text:I2CMIntHandler)
                  00008ba6    00000002     --HOLE-- [fill = 0]
                  00008ba8    000000e0     buttons.obj (.text)
                  00008c88    000000d0     board.obj (.text)
                  00008d58    000000d0     nonos.obj (.text)
                  00008e28    000000be     rtsv7M4_T_le_v4SPD16_eabi.lib : xdnorm.obj (.text)
                  00008ee6    0000009c                                   : memcpy_t2.obj (.text)
                  00008f82    00000098     sensorlib.lib : i2cm_drv.obj (.text:I2CMStateIdle)
                  0000901a    00000002     --HOLE-- [fill = 0]
                  0000901c    00000094     rtsv7M4_T_le_v4SPD16_eabi.lib : snprintf.obj (.text)
                  000090b0    00000088     sensorlib.lib : i2cm_drv.obj (.text:I2CMCommand)
                  00009138    00000086     rtsv7M4_T_le_v4SPD16_eabi.lib : fd_cmp_t2.obj (.text:__aeabi_cdcmple)
                  000091be    00000086                                   : fd_cmp_t2.obj (.text:__aeabi_cdrcmple)
                  00009244    00000084     sensorlib.lib : bmp180.obj (.text:BMP180DataTemperatureGetFloat)
                  000092c8    0000007a     rtsv7M4_T_le_v4SPD16_eabi.lib : memset_t2.obj (.text)
                  00009342    00000002     --HOLE-- [fill = 0]
                  00009344    00000078     sensorlib.lib : i2cm_drv.obj (.text:I2CMReadModifyWrite8)
                  000093bc    00000074                   : i2cm_drv.obj (.text:I2CMReadModifyWrite16LE)
                  00009430    00000070                   : sht21.obj (.text:SHT21DataHumidityGetFloat)
                  000094a0    0000006e     rtsv7M4_T_le_v4SPD16_eabi.lib : fd_tos_t2.obj (.text)
                  0000950e    00000002     --HOLE-- [fill = 0]
                  00009510    0000006c     sensorlib.lib : i2cm_drv.obj (.text:I2CMReadModifyWrite16LECallback)
                  0000957c    0000006c     rtsv7M4_T_le_v4SPD16_eabi.lib : autoinit.obj (.text)
                  000095e8    0000006a                                   : copy_decompress_rle.obj (.text)
                  00009652    00000002     --HOLE-- [fill = 0]
                  00009654    00000068     sensorlib.lib : isl29023.obj (.text:ISL29023Write)
                  000096bc    00000068     driverlib.lib : interrupt.obj (.text:IntDisable)
                  00009724    00000068                   : interrupt.obj (.text:IntEnable)
                  0000978c    00000066     rtsv7M4_T_le_v4SPD16_eabi.lib : xdunscal.obj (.text)
                  000097f2    00000002     --HOLE-- [fill = 0]
                  000097f4    00000064     driverlib.lib : interrupt.obj (.text:IntIsEnabled)
                  00009858    00000060     sensorlib.lib : i2cm_drv.obj (.text:I2CMReadModifyWrite8Callback)
                  000098b8    00000060                   : sht21.obj (.text:SHT21DataTemperatureGetFloat)
                  00009918    00000060                   : tmp006.obj (.text:TMP006Callback)
                  00009978    00000060                   : tmp006.obj (.text:TMP006ReadModifyWrite)
                  000099d8    00000060     rtsv7M4_T_le_v4SPD16_eabi.lib : sprintf.obj (.text)
                  00009a38    0000005e     sensorlib.lib : i2cm_drv.obj (.text:I2CMStateWritePause)
                  00009a96    00000002     --HOLE-- [fill = 0]
                  00009a98    00000058                   : bmp180.obj (.text:BMP180DataRead)
                  00009af0    00000058                   : tmp006.obj (.text:TMP006Init)
                  00009b48    00000056     driverlib.lib : gpio.obj (.text:GPIOIntTypeSet)
                  00009b9e    00000056     rtsv7M4_T_le_v4SPD16_eabi.lib : ltoa.obj (.text)
                  00009bf4    00000054     sensorlib.lib : bmp180.obj (.text:BMP180Init)
                  00009c48    00000054                   : i2cm_drv.obj (.text:I2CMWrite8)
                  00009c9c    00000054                   : isl29023.obj (.text:ISL29023Init)
                  00009cf0    00000054                   : tmp006.obj (.text:TMP006DataRead)
                  00009d44    00000052     rtsv7M4_T_le_v4SPD16_eabi.lib : ldexp.obj (.text)
                  00009d96    00000050     sensorlib.lib : i2cm_drv.obj (.text:I2CMStateWriteFinal)
                  00009de6    00000002     --HOLE-- [fill = 0]
                  00009de8    00000050                   : isl29023.obj (.text:ISL29023DataRead)
                  00009e38    00000050                   : isl29023.obj (.text:ISL29023Read)
                  00009e88    00000050     rtsv7M4_T_le_v4SPD16_eabi.lib : boot.obj (.text)
                  00009ed8    0000004c     driverlib.lib : i2c.obj (.text:I2CMasterInitExpClk)
                  00009f24    0000004c     sensorlib.lib : isl29023.obj (.text:ISL29023ReadModifyWrite)
                  00009f70    0000004c                   : sht21.obj (.text:SHT21DataRead)
                  00009fbc    0000004c                   : sht21.obj (.text:SHT21Init)
                  0000a008    0000004c                   : sht21.obj (.text:SHT21Write)
                  0000a054    0000004c     driverlib.lib : timer.obj (.text:_TimerIntNumberGet)
                  0000a0a0    0000004c     rtsv7M4_T_le_v4SPD16_eabi.lib : atoi.obj (.text)
                  0000a0ec    0000004c                                   : cpy_tbl.obj (.text)
                  0000a138    0000004a     sensorlib.lib : i2cm_drv.obj (.text:I2CMStateReadNext)
                  0000a182    00000002     --HOLE-- [fill = 0]
                  0000a184    00000048     driverlib.lib : gpio.obj (.text:GPIOPinConfigure)
                  0000a1cc    00000048     sensorlib.lib : i2cm_drv.obj (.text:I2CMStateWriteNext)
                  0000a214    00000048                   : isl29023.obj (.text:ISL29023DataLightVisibleGetFloat)
                  0000a25c    00000048     driverlib.lib : sysctl.obj (.text:_SysCtlFrequencyGet)
                  0000a2a4    00000048     rtsv7M4_T_le_v4SPD16_eabi.lib : fd_toi_t2.obj (.text)
                  0000a2ec    00000044     sensorlib.lib : i2cm_drv.obj (.text:I2CMStateCallback)
                  0000a330    00000044                   : isl29023.obj (.text:ISL29023Callback)
                  0000a374    00000044     rtsv7M4_T_le_v4SPD16_eabi.lib : exit.obj (.text)
                  0000a3b8    00000042     sensorlib.lib : i2cm_drv.obj (.text:I2CMStateReadFinal)
                  0000a3fa    00000040                   : i2cm_drv.obj (.text:I2CMWrite8Callback)
                  0000a43a    00000002     --HOLE-- [fill = 0]
                  0000a43c    00000040     rtsv7M4_T_le_v4SPD16_eabi.lib : signal.obj (.text)
                  0000a47c    00000040                                   : u_divt2.obj (.text)
                  0000a4bc    0000003e     sensorlib.lib : i2cm_drv.obj (.text:I2CMStateReadPause)
                  0000a4fa    0000003c     driverlib.lib : ssi.obj (.text:SSIConfigSetExpClk)
                  0000a536    00000038     rtsv7M4_T_le_v4SPD16_eabi.lib : fs_tod_t2.obj (.text)
                  0000a56e    00000034     sensorlib.lib : i2cm_drv.obj (.text:I2CMInit)
                  0000a5a2    00000002     --HOLE-- [fill = 0]
                  0000a5a4    00000034     driverlib.lib : interrupt.obj (.text:IntRegister)
                  0000a5d8    00000034                   : sysctl.obj (.text:SysCtlPeripheralEnable)
                  0000a60c    00000034     rtsv7M4_T_le_v4SPD16_eabi.lib : feraiseexcept.obj (.text)
                  0000a640    00000034                                   : strstr.obj (.text)
                  0000a674    00000030     sensorlib.lib : i2cm_drv.obj (.text:I2CMTransferResume)
                  0000a6a4    00000030     rtsv7M4_T_le_v4SPD16_eabi.lib : xdclass.obj (.text)
                  0000a6d4    00000030                                   : xferaise.obj (.text)
                  0000a704    0000002e                                   : i_tofd_t2.obj (.text)
                  0000a732    0000002e                                   : raise.obj (.text)
                  0000a760    0000002a     driverlib.lib : gpio.obj (.text:GPIODirModeSet)
                  0000a78a    0000002a     sensorlib.lib : i2cm_drv.obj (.text:I2CMStateReadFirst)
                  0000a7b4    0000002a     rtsv7M4_T_le_v4SPD16_eabi.lib : frexp.obj (.text)
                  0000a7de    00000002     --HOLE-- [fill = 0]
                  0000a7e0    00000024                                   : sqrtf.obj (.text)
                  0000a804    00000020     sensorlib.lib : i2cm_drv.obj (.text:I2CMStateReadOne)
                  0000a824    00000020     driverlib.lib : sysctl.obj (.text:_SysCtlMemTimingGet)
                  0000a844    0000001c     rtsv7M4_T_le_v4SPD16_eabi.lib : memccpy.obj (.text)
                  0000a860    0000001a     sensorlib.lib : i2cm_drv.obj (.text:I2CMStateReadWait)
                  0000a87a    00000006     driverlib.lib : gpio.obj (.text:GPIOIntClear)
                  0000a880    0000001a     tm4c1294ncpdt_startup_ccs.obj (.text)
                  0000a89a    00000018     sensorlib.lib : tmp006.obj (.text:TMP006DataTemperatureGetRaw)
                  0000a8b2    00000018     driverlib.lib : timer.obj (.text:TimerIntRegister)
                  0000a8ca    00000002     --HOLE-- [fill = 0]
                  0000a8cc    00000018     rtsv7M4_T_le_v4SPD16_eabi.lib : args_main.obj (.text)
                  0000a8e4    00000016     sensorlib.lib : sht21.obj (.text:SHT21Callback)
                  0000a8fa    00000016     rtsv7M4_T_le_v4SPD16_eabi.lib : strchr.obj (.text)
                  0000a910    00000014                                   : _lock.obj (.text)
                  0000a924    00000014                                   : strlen.obj (.text)
                  0000a938    00000012     driverlib.lib : gpio.obj (.text:GPIOPinTypeEthernetLED)
                  0000a94a    00000012                   : gpio.obj (.text:GPIOPinTypeGPIOInput)
                  0000a95c    00000012                   : gpio.obj (.text:GPIOPinTypeI2CSCL)
                  0000a96e    00000012                   : gpio.obj (.text:GPIOPinTypeSSI)
                  0000a980    00000012                   : ssi.obj (.text:SSIDataGetNonBlocking)
                  0000a992    00000002     --HOLE-- [fill = 0]
                  0000a994    00000010                   : fpu.obj (.text:FPUEnable)
                  0000a9a4    00000010                   : fpu.obj (.text:FPULazyStackingEnable)
                  0000a9b4    00000010                   : interrupt.obj (.text:IntMasterEnable)
                  0000a9c4    00000010                   : sysctl.obj (.text:SysCtlReset)
                  0000a9d4    0000000e                   : gpio.obj (.text:GPIOIntDisable)
                  0000a9e2    0000000e                   : gpio.obj (.text:GPIOIntStatus)
                  0000a9f0    0000000e                   : ssi.obj (.text:SSIDataPutNonBlocking)
                  0000a9fe    0000000e     rtsv7M4_T_le_v4SPD16_eabi.lib : copy_decompress_none.obj (.text:decompress:none)
                  0000aa0c    0000000c     driverlib.lib : cpu.obj (.text:CPUcpsie)
                  0000aa18    0000000c                   : gpio.obj (.text:GPIOIntEnable)
                  0000aa24    0000000c     sensorlib.lib : isl29023.obj (.text:ISL29023DataLightVisibleGetRaw)
                  0000aa30    0000000c     driverlib.lib : interrupt.obj (.text:IntTrigger)
                  0000aa3c    0000000c     sensorlib.lib : sht21.obj (.text:SHT21DataHumidityGetRaw)
                  0000aa48    0000000c                   : sht21.obj (.text:SHT21DataTemperatureGetRaw)
                  0000aa54    0000000c     rtsv7M4_T_le_v4SPD16_eabi.lib : copy_zero_init.obj (.text:decompress:ZI)
                  0000aa60    0000000a     driverlib.lib : i2c.obj (.text:I2CMasterEnable)
                  0000aa6a    0000000a                   : ssi.obj (.text:SSIEnable)
                  0000aa74    00000008                   : i2c.obj (.text:I2CMasterIntClear)
                  0000aa7c    00000008                   : i2c.obj (.text:I2CMasterIntEnableEx)
                  0000aa84    00000008                   : i2c.obj (.text:I2CMasterSlaveAddrSet)
                  0000aa8c    00000008                   : ssi.obj (.text:SSIBusy)
                  0000aa94    00000006                   : gpio.obj (.text:GPIOPinRead)
                  0000aa9a    00000006                   : gpio.obj (.text:GPIOPinWrite)
                  0000aaa0    00000006                   : sysctl.obj (.text:SysCtlDelay)
                  0000aaa6    00000006     rtsv7M4_T_le_v4SPD16_eabi.lib : copy_decompress_rle.obj (.text:decompress:rle24)
                  0000aaac    00000004     driverlib.lib : i2c.obj (.text:I2CMasterDataPut)
                  0000aab0    00000004     rtsv7M4_T_le_v4SPD16_eabi.lib : pre_init.obj (.text)

.const     0    0000aab4    000008ac     
                  0000aab4    00000120     driverlib.lib : sysctl.obj (.const:g_pppui32XTALtoVCO)
                  0000abd4    00000101     rtsv7M4_T_le_v4SPD16_eabi.lib : ctype.obj (.const:.string:_ctypes_)
                  0000acd5    000000c3     exosite.obj (.const:.string)
                  0000ad98    00000090     driverlib.lib : gpio.obj (.const:g_pui32GPIOBaseAddrs)
                  0000ae28    00000070                   : interrupt.obj (.const)
                  0000ae98    0000006c                   : sysctl.obj (.const:g_pui32Xtals)
                  0000af04    00000060                   : timer.obj (.const:g_ppui32TimerIntMap)
                  0000af64    00000054     main.obj (.const)
                  0000afb8    00000040     driverlib.lib : timer.obj (.const:g_ppui32TimerIntMapSnowflake)
                  0000aff8    0000003f     exosite.obj (.const:.string:STR_CONTENT)
                  0000b037    00000001     --HOLE-- [fill = 0]
                  0000b038    0000003c     driver.obj (.const:OpcodeTranslateTable)
                  0000b074    0000003c     wlan.obj (.const)
                  0000b0b0    00000039     exosite.obj (.const:.string:STR_ACCEPT)
                  0000b0e9    00000003     --HOLE-- [fill = 0]
                  0000b0ec    00000038     driver.obj (.const:_SlActionLookupTable)
                  0000b124    00000034     socket.obj (.const)
                  0000b158    00000030     driver.obj (.const)
                  0000b188    00000030     driverlib.lib : sysctl.obj (.const:g_sXTALtoMEMTIM)
                  0000b1b8    00000030     sensorlib.lib : isl29023.obj (.const)
                  0000b1e8    0000002e     exosite.obj (.const:.string:STR_CONTENT_JSON)
                  0000b216    00000002     --HOLE-- [fill = 0]
                  0000b218    0000002c     main.obj (.const:$P$T0$1)
                  0000b244    0000002c     fs.obj (.const)
                  0000b270    00000028     exosite.obj (.const:.string:STR_ACCEPT_JSON)
                  0000b298    00000028     netapp.obj (.const)
                  0000b2c0    00000028     uartstdio.obj (.const)
                  0000b2e8    00000020     cloud_demo.obj (.const)
                  0000b308    0000001c     device.obj (.const)
                  0000b324    00000012     uartstdio.obj (.const:.string)
                  0000b336    00000010     socket.obj (.const:.string)
                  0000b346    0000000a     cloud_demo.obj (.const:.string)
                  0000b350    00000008     driverlib.lib : sysctl.obj (.const)
                  0000b358    00000008     netcfg.obj (.const)

.cinit     0    0000b360    000000b8     
                  0000b360    00000081     (.cinit..data.load) [load image, compression = rle]
                  0000b3e1    00000003     --HOLE-- [fill = 0]
                  0000b3e4    0000000c     (__TI_handler_table)
                  0000b3f0    00000008     (.cinit..bss.load) [load image, compression = zero_init]
                  0000b3f8    00000008     (.cinit..vtable.load) [load image, compression = zero_init]
                  0000b400    00000018     (__TI_cinit_table)

.init_array 
*          0    00000000    00000000     UNINITIALIZED

.vtable    0    20000000    0000026c     UNINITIALIZED
                  20000000    0000026c     driverlib.lib : interrupt.obj (.vtable)

.stack     0    2000026c    00001000     UNINITIALIZED
                  2000026c    00001000     --HOLE--

.bss       0    2000126c    00000c40     UNINITIALIZED
                  2000126c    00000400     uartstdio.obj (.bss:g_pcUARTTxBuffer)
                  2000166c    00000200     exosite_pal.obj (.bss:exoPal_rxBuffer)
                  2000186c    00000200     cloud_demo.obj (.bss:post_str)
                  20001a6c    00000168     driver.obj (.bss:g_StatMem)
                  20001bd4    00000124     main.obj (.bss:g_sI2CInst)
                  20001cf8    00000080     uartstdio.obj (.bss:g_pcUARTRxBuffer)
                  20001d78    00000044     main.obj (.bss:g_sBMP180Inst)
                  20001dbc    00000030     main.obj (.bss:g_sTMP006Inst)
                  20001dec    0000002c     main.obj (.bss:g_sISL29023Inst)
                  20001e18    0000002c     main.obj (.bss:g_sSHT21Inst)
                  20001e44    00000028     exosite.obj (.bss:uuidBuffer)
                  20001e6c    00000014     (.common:modelBuffer)
                  20001e80    00000014     (.common:vendorBuffer)
                  20001e94    00000004     (.common:g_SysClock)
                  20001e98    00000004     (.common:g_ui32PortNum)
                  20001e9c    00000004     (.common:g_vui8DataFlag)
                  20001ea0    00000004     (.common:g_vui8ErrorFlag)
                  20001ea4    00000004     (.common:g_vui8IntensityFlag)
                  20001ea8    00000001     (.common:IntIsMasked)
                  20001ea9    00000001     (.common:RxIrqCnt)
                  20001eaa    00000001     (.common:g_bDeviceRestartIsRequired)
                  20001eab    00000001     (.common:g_bDisableEcho)

.TI.noinit 
*          0    2000126c    00000000     UNINITIALIZED

.data      0    20001eb0    00000204     UNINITIALIZED
                  20001eb0    000000b0     rtsv7M4_T_le_v4SPD16_eabi.lib : signal.obj (.data:sigtable)
                  20001f60    00000080                                   : xvalues.obj (.data)
                  20001fe0    0000003c     nonos.obj (.data:g__SlNonOsCB)
                  2000201c    00000028     exosite.obj (.data:cikBuffer)
                  20002044    00000015     uartstdio.obj (.data)
                  20002059    00000003     buttons.obj (.data)
                  2000205c    00000012     main.obj (.data)
                  2000206e    00000002     exosite.obj (.data)
                  20002070    0000000c     cloud_demo.obj (.data)
                  2000207c    00000009     driver.obj (.data)
                  20002085    00000003     --HOLE--
                  20002088    00000008     exosite_pal.obj (.data)
                  20002090    00000008     rtsv7M4_T_le_v4SPD16_eabi.lib : _lock.obj (.data)
                  20002098    00000008                                   : exit.obj (.data)
                  200020a0    00000008                                   : feraiseexcept.obj (.data)
                  200020a8    00000004     board.obj (.data)
                  200020ac    00000004     rtsv7M4_T_le_v4SPD16_eabi.lib : errno.obj (.data)
                  200020b0    00000004                                   : stkdepth_vars.obj (.data)

.TI.persistent 
*          0    20001eb0    00000000     UNINITIALIZED


LINKER GENERATED COPY TABLES

__TI_cinit_table @ 0000b400 records: 3, size/record: 8, table size: 24
	.data: load addr=0000b360, load size=00000081 bytes, run addr=20001eb0, run size=00000204 bytes, compression=rle
	.bss: load addr=0000b3f0, load size=00000008 bytes, run addr=2000126c, run size=00000c40 bytes, compression=zero_init
	.vtable: load addr=0000b3f8, load size=00000008 bytes, run addr=20000000, run size=0000026c bytes, compression=zero_init


LINKER GENERATED HANDLER TABLE

__TI_handler_table @ 0000b3e4 records: 3, size/record: 4, table size: 12
	index: 0, handler: __TI_zero_init
	index: 1, handler: __TI_decompress_rle24
	index: 2, handler: __TI_decompress_none


GLOBAL SYMBOLS: SORTED ALPHABETICALLY BY Name 

address   name                                  
-------   ----                                  
000025e9  BMP180AppCallback                     
00007fc9  BMP180DataPressureGetFloat            
00009a99  BMP180DataRead                        
00009245  BMP180DataTemperatureGetFloat         
00009bf5  BMP180Init                            
00008c31  ButtonsInit                           
00008ba9  ButtonsPoll                           
0000a375  C$$EXIT                               
00008cf1  CC3100_InterruptDisable               
00008ce9  CC3100_InterruptEnable                
00008cb9  CC3100_disable                        
00008cd1  CC3100_enable                         
0000aa0d  CPUcpsie                              
00005359  Cloud_Read                            
00003431  Exosite_StatusCode                    
0000a995  FPUEnable                             
0000a9a5  FPULazyStackingEnable                 
0000a761  GPIODirModeSet                        
0000a87b  GPIOIntClear                          
0000a9d5  GPIOIntDisable                        
0000aa19  GPIOIntEnable                         
0000a9e3  GPIOIntStatus                         
00009b49  GPIOIntTypeSet                        
00008d11  GPIOM_intHandler                      
00008681  GPIOPadConfigSet                      
0000a185  GPIOPinConfigure                      
0000aa95  GPIOPinRead                           
0000a939  GPIOPinTypeEthernetLED                
0000a94b  GPIOPinTypeGPIOInput                  
0000a95d  GPIOPinTypeI2CSCL                     
0000a96f  GPIOPinTypeSSI                        
0000aa9b  GPIOPinWrite                          
00002681  GPIOPortEIntHandler                   
000090b1  I2CMCommand                           
0000a56f  I2CMInit                              
00008ab5  I2CMIntHandler                        
000093bd  I2CMReadModifyWrite16LE               
00009345  I2CMReadModifyWrite8                  
0000a675  I2CMTransferResume                    
00009c49  I2CMWrite8                            
0000341d  I2CMasterControl                      
00006a65  I2CMasterDataGet                      
0000aaad  I2CMasterDataPut                      
0000aa61  I2CMasterEnable                       
00009ed9  I2CMasterInitExpClk                   
0000aa75  I2CMasterIntClear                     
0000aa7d  I2CMasterIntEnableEx                  
0000aa85  I2CMasterSlaveAddrSet                 
00005a41  ISL29023AppAdjustRange                
00002609  ISL29023AppCallback                   
000033c1  ISL29023AppI2CWait                    
0000a215  ISL29023DataLightVisibleGetFloat      
0000aa25  ISL29023DataLightVisibleGetRaw        
00009de9  ISL29023DataRead                      
00009c9d  ISL29023Init                          
00009e39  ISL29023Read                          
00009f25  ISL29023ReadModifyWrite               
00009655  ISL29023Write                         
000096bd  IntDisable                            
00009725  IntEnable                             
00002659  IntHandlerGPIOPortH                   
000097f5  IntIsEnabled                          
20001ea8  IntIsMasked                           
0000a9b5  IntMasterEnable                       
0000a5a5  IntRegister                           
0000aa31  IntTrigger                            
00007741  LEDRead                               
000076b1  LEDWrite                              
00008cf9  MaskIntHdlr                           
0000b038  OpcodeTranslateTable                  
000074c9  PinoutSet                             
000053d9  Report_Sensors                        
0000a881  ResetISR                              
20001ea9  RxIrqCnt                              
UNDEFED   SHT$$INIT_ARRAY$$Base                 
UNDEFED   SHT$$INIT_ARRAY$$Limit                
000025f9  SHT21AppCallback                      
00003281  SHT21AppI2CWait                       
00009431  SHT21DataHumidityGetFloat             
0000aa3d  SHT21DataHumidityGetRaw               
00009f71  SHT21DataRead                         
000098b9  SHT21DataTemperatureGetFloat          
0000aa49  SHT21DataTemperatureGetRaw            
00009fbd  SHT21Init                             
0000a009  SHT21Write                            
000048d9  SL_FD_CLR                             
000048e9  SL_FD_ISSET                           
000048c9  SL_FD_SET                             
000048f9  SL_FD_ZERO                            
0000aa8d  SSIBusy                               
0000a4fb  SSIConfigSetExpClk                    
0000a981  SSIDataGetNonBlocking                 
0000a9f1  SSIDataPutNonBlocking                 
0000aa6b  SSIEnable                             
00005311  SW1_Pressed                           
00005329  SW2_Pressed                           
000027c9  SimpleLinkGeneralEventHandler         
000027a1  SimpleLinkHttpServerCallback          
00002769  SimpleLinkNetAppEventHandler          
000027e1  SimpleLinkSockEventHandler            
00002709  SimpleLinkWlanEventHandler            
00005341  Status_Indicate                       
000079d9  SysCtlClockFreqSet                    
0000aaa1  SysCtlDelay                           
0000a5d9  SysCtlPeripheralEnable                
0000a9c5  SysCtlReset                           
000026a9  SysTickIntHandler                     
000025d9  TMP006AppCallback                     
00002619  TMP006AppErrorHandler                 
00009cf1  TMP006DataRead                        
000081b1  TMP006DataTemperatureGetFloat         
0000a89b  TMP006DataTemperatureGetRaw           
00002651  TMP006I2CIntHandler                   
00009af1  TMP006Init                            
00009979  TMP006ReadModifyWrite                 
000026b1  Timer1BaseIntHandler                  
0000a8b3  TimerIntRegister                      
000068c1  UARTEchoSet                           
00006869  UARTFlushRx                           
00006889  UARTFlushTx                           
00006821  UARTPeek                              
000067f9  UARTRxBytesAvail                      
00008d09  UARTRxTxHandler                       
000063e1  UARTStdioConfig                       
000068e9  UARTStdioIntHandler                   
00006809  UARTTxBytesFree                       
00006559  UARTgetc                              
00006511  UARTgets                              
000067d1  UARTprintf                            
000065a9  UARTvprintf                           
00006479  UARTwrite                             
00008d01  UnMaskIntHdlr                         
0000a6a5  _Dclass                               
20001f60  _Denorm                               
00008e29  _Dnorm                                
000087b5  _Dscale                               
0000978d  _Dunscale                             
20001f70  _Eps                                  
200020ac  _Errno                                
200020a0  _Fenv                                 
0000a6d5  _Feraise                              
20001f80  _Hugeval                              
20001f90  _Inf                                  
20001fa0  _Nan                                  
20001fc0  _Rteps                                
0000b0ec  _SlActionLookupTable                  
000014b1  _SlDriverHandleError                  
00000f91  _SlDrvBasicCmd                        
000003e1  _SlDrvCmdOp                           
00000fc1  _SlDrvCmdSend                         
00000471  _SlDrvDataReadOp                      
000005c9  _SlDrvDataWriteOp                     
00006db1  _SlDrvDeviceEventHandler              
000027a1  _SlDrvDispatchHttpServerEvents        
00000319  _SlDrvDriverCBDeinit                  
00000239  _SlDrvDriverCBInit                    
00001431  _SlDrvGlobalObjUnLock                 
00001449  _SlDrvMemZero                         
00000d49  _SlDrvMsgReadSpawnCtx                 
00006241  _SlDrvNetAppEventHandler              
000013b1  _SlDrvObjLockWaitForever              
000013e1  _SlDrvObjUnLock                       
00000209  _SlDrvProtectAsyncRespSetting         
000013c9  _SlDrvProtectionObjLockWaitForever    
000013f1  _SlDrvProtectionObjUnLock             
00001131  _SlDrvReleasePoolObj                  
00001451  _SlDrvResetCmdExt                     
000003a9  _SlDrvRxIrqHandler                    
000013a1  _SlDrvSyncObjSignal                   
00001459  _SlDrvSyncObjWaitForever              
00001479  _SlDrvSyncObjWaitTimeout              
00001019  _SlDrvWaitForPoolObj                  
0000b2b4  _SlNetAppSendTokenValueCmdCtrl        
00008df1  _SlNonOsMainLoopTask                  
00008d61  _SlNonOsSemGet                        
00008d59  _SlNonOsSemSet                        
00008db9  _SlNonOsSpawn                         
20001fb0  _Snan                                 
200020a4  _Tls_setup__Fenv                      
20001fd0  _Xbig                                 
20001fd8  _Zero                                 
2000126c  __STACK_END                           
00001000  __STACK_SIZE                          
2000046c  __STACK_TOP                           
0000b400  __TI_CINIT_Base                       
0000b418  __TI_CINIT_Limit                      
0000b3e4  __TI_Handler_Table_Base               
0000b3f0  __TI_Handler_Table_Limit              
0000957d  __TI_auto_init                        
20002098  __TI_cleanup_ptr                      
0000a9ff  __TI_decompress_none                  
0000aaa7  __TI_decompress_rle24                 
2000209c  __TI_dtors_ptr                        
000022d1  __TI_printfi                          
00000000  __TI_static_base__                    
0000aa55  __TI_zero_init                        
00009139  __aeabi_cdcmpeq                       
00009139  __aeabi_cdcmple                       
000091bf  __aeabi_cdrcmple                      
000094a1  __aeabi_d2f                           
0000a2a5  __aeabi_d2iz                          
0000839f  __aeabi_dadd                          
0000854b  __aeabi_ddiv                          
000088c5  __aeabi_dmul                          
00008395  __aeabi_dsub                          
0000a537  __aeabi_f2d                           
0000a705  __aeabi_i2d                           
000025d7  __aeabi_idiv0                         
000092c9  __aeabi_memclr                        
000092c9  __aeabi_memclr4                       
000092c9  __aeabi_memclr8                       
00008ee7  __aeabi_memcpy                        
00008ee7  __aeabi_memcpy4                       
00008ee7  __aeabi_memcpy8                       
000092cb  __aeabi_memset                        
000092cb  __aeabi_memset4                       
000092cb  __aeabi_memset8                       
0000a47d  __aeabi_uidiv                         
0000a47d  __aeabi_uidivmod                      
00007dd5  __aeabi_uldivmod                      
ffffffff  __binit__                             
ffffffff  __c_args__                            
2000026c  __stack                               
0000a8cd  _args_main                            
00009e89  _c_int00                              
0000abd4  _ctypes_                              
20002090  _lock                                 
0000a91f  _nop                                  
0000a917  _register_lock                        
0000a911  _register_unlock                      
00006e51  _sl_GetCreateFsMode                   
00004601  _sl_HandleAsync_Accept                
00004311  _sl_HandleAsync_Connect               
00005e01  _sl_HandleAsync_DnsGetHostByAddr      
00005ed9  _sl_HandleAsync_DnsGetHostByName      
00005d91  _sl_HandleAsync_DnsGetHostByService   
00006b21  _sl_HandleAsync_InitComplete          
00005f69  _sl_HandleAsync_PingResponse          
00004659  _sl_HandleAsync_Select                
00006b89  _sl_HandleAsync_Stop                  
00006179  _sl_NetAppSendTokenValue              
00003f01  _sl_ParseAddress                      
0000aab1  _system_pre_init                      
20002094  _unlock                               
0000a379  abort                                 
0000a0a1  atoi                                  
ffffffff  binit                                 
000052d1  blinky_led1                           
00005411  cloud_demo                            
0000a0ed  copy_in                               
0000a381  exit                                  
000071b9  exoPal_GetHostIP                      
0000a0a1  exoPal_atoi                           
00007319  exoPal_getCik                         
00007379  exoPal_getModel                       
00007399  exoPal_getUuid                        
00007389  exoPal_getVendor                      
000071e9  exoPal_init                           
00007439  exoPal_itoa                           
000073e9  exoPal_memcpy                         
2000166c  exoPal_rxBuffer                       
000072b1  exoPal_sendingComplete                
000072b9  exoPal_setCik                         
00007289  exoPal_socketRead                     
00007261  exoPal_socketWrite                    
000073f9  exoPal_strlen                         
0000a641  exoPal_strstr                         
000071d9  exoPal_tcpSocketClose                 
000071f1  exoPal_tcpSocketOpen                  
00003491  exosite_activate                      
00003619  exosite_getBody                       
000036d9  exosite_getCIK                        
00003c61  exosite_getTimestamp                  
00003439  exosite_init                          
00003691  exosite_isCIKValid                    
00003d01  exosite_rawRpcRequest                 
000038b1  exosite_read                          
00003a61  exosite_readSingle                    
00003421  exosite_resetCik                      
000036c1  exosite_setCIK                        
00003721  exosite_write                         
0000a60d  feraiseexcept                         
0000a7b5  frexp                                 
20002064  g_GatewayIP                           
20002060  g_PingPacketsRecv                     
2000205c  g_Status                              
20001e94  g_SysClock                            
20001fe0  g__SlNonOsCB                          
20001eaa  g_bDeviceRestartIsRequired            
0000b1d8  g_fBetaLookup                         
0000b1b8  g_fRangeLookup                        
0000b1c8  g_fResolutionLookup                   
0000b2e8  g_fThresholdHigh                      
0000b2f8  g_fThresholdLow                       
2000207c  g_pCB                                 
20000000  g_pfnRAMVectors                       
00000000  g_pfnVectors                          
20001d78  g_sBMP180Inst                         
20001bd4  g_sI2CInst                            
20001dec  g_sISL29023Inst                       
20001e18  g_sSHT21Inst                          
20001dbc  g_sTMP006Inst                         
20001e9c  g_vui8DataFlag                        
20001ea0  g_vui8ErrorFlag                       
20001ea4  g_vui8IntensityFlag                   
00008c89  initClk                               
00009d45  ldexp                                 
00009b9f  ltoa                                  
00002a11  main                                  
200020b0  main_func_sp                          
0000a845  memccpy                               
00008ee7  memcpy                                
000092d1  memset                                
200020a8  pIrqEventHandler                      
20002080  pPingCallBackFunc                     
20002078  post_len                              
2000186c  post_str                              
0000a733  raise                                 
000055c1  readBmp180Data                        
00005971  readIsl29023Data                      
00005791  readSht21Data                         
00005481  readTmp006Data                        
00008ca9  registerInterruptHandler              
00007409  reverse                               
0000a43d  signal                                
00004451  sl_Accept                             
00003fa1  sl_Bind                               
00003f79  sl_Close                              
000041e9  sl_Connect                            
00006cb9  sl_DevGet                             
00006d51  sl_DevSet                             
00006c89  sl_EventMaskGet                       
00006c61  sl_EventMaskSet                       
00006f21  sl_FsClose                            
00007151  sl_FsDel                              
000070e1  sl_FsGetInfo                          
00006eb9  sl_FsOpen                             
00006fa1  sl_FsRead                             
00007041  sl_FsWrite                            
00004759  sl_GetSockOpt                         
00004591  sl_Htonl                              
000045c9  sl_Htons                              
00004421  sl_Listen                             
00005e11  sl_NetAppDnsGetHostByName             
00005cd9  sl_NetAppDnsGetHostByService          
000061c9  sl_NetAppGet                          
00005b71  sl_NetAppGetServiceList               
00005c89  sl_NetAppMDNSRegisterService          
00005bf9  sl_NetAppMDNSRegisterUnregisterService
00005cb9  sl_NetAppMDNSUnRegisterService        
00005fd9  sl_NetAppPingStart                    
00006121  sl_NetAppSet                          
00005b19  sl_NetAppStart                        
00005b49  sl_NetAppStop                         
00008a19  sl_NetCfgGet                          
000089c1  sl_NetCfgSet                          
000046a1  sl_Recv                               
000040f9  sl_RecvFrom                           
000047d9  sl_Select                             
00004371  sl_Send                               
00004021  sl_SendTo                             
000046f9  sl_SetSockOpt                         
00003f39  sl_Socket                             
00006a81  sl_Start                              
00006bc9  sl_Stop                               
00006a79  sl_Task                               
00004921  sl_WlanConnect                        
00004b09  sl_WlanDisconnect                     
00005229  sl_WlanGet                            
00004f09  sl_WlanGetNetworkList                 
00004b79  sl_WlanPolicyGet                      
00004b29  sl_WlanPolicySet                      
00004c01  sl_WlanProfileAdd                     
00004ee1  sl_WlanProfileDel                     
00004e11  sl_WlanProfileGet                     
00004f61  sl_WlanRxFilterAdd                    
00005011  sl_WlanRxFilterGet                    
00004fc9  sl_WlanRxFilterSet                    
000050b9  sl_WlanRxStatGet                      
00005079  sl_WlanRxStatStart                    
00005099  sl_WlanRxStatStop                     
000051c9  sl_WlanSet                            
00005199  sl_WlanSetMode                        
00005121  sl_WlanSmartConfigStart               
00005101  sl_WlanSmartConfigStop                
0000901d  snprintf                              
000077c9  spi_Close                             
000077d9  spi_Open                              
00007949  spi_Read                              
000078e1  spi_Write                             
000099d9  sprintf                               
0000a7e1  sqrtf                                 
00008ca1  stopWDT                               
0000a8fb  strchr                                
0000a925  strlen                                
0000a641  strstr                                
20002070  sw1_button_on                         
20002074  sw2_button_on                         
20002068  ui32SysClock                          
2000206c  ui8Buttons                            
2000206d  ui8ButtonsChanged                     


GLOBAL SYMBOLS: SORTED BY Symbol Address 

address   name                                  
-------   ----                                  
00000000  __TI_static_base__                    
00000000  g_pfnVectors                          
00000209  _SlDrvProtectAsyncRespSetting         
00000239  _SlDrvDriverCBInit                    
00000319  _SlDrvDriverCBDeinit                  
000003a9  _SlDrvRxIrqHandler                    
000003e1  _SlDrvCmdOp                           
00000471  _SlDrvDataReadOp                      
000005c9  _SlDrvDataWriteOp                     
00000d49  _SlDrvMsgReadSpawnCtx                 
00000f91  _SlDrvBasicCmd                        
00000fc1  _SlDrvCmdSend                         
00001000  __STACK_SIZE                          
00001019  _SlDrvWaitForPoolObj                  
00001131  _SlDrvReleasePoolObj                  
000013a1  _SlDrvSyncObjSignal                   
000013b1  _SlDrvObjLockWaitForever              
000013c9  _SlDrvProtectionObjLockWaitForever    
000013e1  _SlDrvObjUnLock                       
000013f1  _SlDrvProtectionObjUnLock             
00001431  _SlDrvGlobalObjUnLock                 
00001449  _SlDrvMemZero                         
00001451  _SlDrvResetCmdExt                     
00001459  _SlDrvSyncObjWaitForever              
00001479  _SlDrvSyncObjWaitTimeout              
000014b1  _SlDriverHandleError                  
000022d1  __TI_printfi                          
000025d7  __aeabi_idiv0                         
000025d9  TMP006AppCallback                     
000025e9  BMP180AppCallback                     
000025f9  SHT21AppCallback                      
00002609  ISL29023AppCallback                   
00002619  TMP006AppErrorHandler                 
00002651  TMP006I2CIntHandler                   
00002659  IntHandlerGPIOPortH                   
00002681  GPIOPortEIntHandler                   
000026a9  SysTickIntHandler                     
000026b1  Timer1BaseIntHandler                  
00002709  SimpleLinkWlanEventHandler            
00002769  SimpleLinkNetAppEventHandler          
000027a1  SimpleLinkHttpServerCallback          
000027a1  _SlDrvDispatchHttpServerEvents        
000027c9  SimpleLinkGeneralEventHandler         
000027e1  SimpleLinkSockEventHandler            
00002a11  main                                  
00003281  SHT21AppI2CWait                       
000033c1  ISL29023AppI2CWait                    
0000341d  I2CMasterControl                      
00003421  exosite_resetCik                      
00003431  Exosite_StatusCode                    
00003439  exosite_init                          
00003491  exosite_activate                      
00003619  exosite_getBody                       
00003691  exosite_isCIKValid                    
000036c1  exosite_setCIK                        
000036d9  exosite_getCIK                        
00003721  exosite_write                         
000038b1  exosite_read                          
00003a61  exosite_readSingle                    
00003c61  exosite_getTimestamp                  
00003d01  exosite_rawRpcRequest                 
00003f01  _sl_ParseAddress                      
00003f39  sl_Socket                             
00003f79  sl_Close                              
00003fa1  sl_Bind                               
00004021  sl_SendTo                             
000040f9  sl_RecvFrom                           
000041e9  sl_Connect                            
00004311  _sl_HandleAsync_Connect               
00004371  sl_Send                               
00004421  sl_Listen                             
00004451  sl_Accept                             
00004591  sl_Htonl                              
000045c9  sl_Htons                              
00004601  _sl_HandleAsync_Accept                
00004659  _sl_HandleAsync_Select                
000046a1  sl_Recv                               
000046f9  sl_SetSockOpt                         
00004759  sl_GetSockOpt                         
000047d9  sl_Select                             
000048c9  SL_FD_SET                             
000048d9  SL_FD_CLR                             
000048e9  SL_FD_ISSET                           
000048f9  SL_FD_ZERO                            
00004921  sl_WlanConnect                        
00004b09  sl_WlanDisconnect                     
00004b29  sl_WlanPolicySet                      
00004b79  sl_WlanPolicyGet                      
00004c01  sl_WlanProfileAdd                     
00004e11  sl_WlanProfileGet                     
00004ee1  sl_WlanProfileDel                     
00004f09  sl_WlanGetNetworkList                 
00004f61  sl_WlanRxFilterAdd                    
00004fc9  sl_WlanRxFilterSet                    
00005011  sl_WlanRxFilterGet                    
00005079  sl_WlanRxStatStart                    
00005099  sl_WlanRxStatStop                     
000050b9  sl_WlanRxStatGet                      
00005101  sl_WlanSmartConfigStop                
00005121  sl_WlanSmartConfigStart               
00005199  sl_WlanSetMode                        
000051c9  sl_WlanSet                            
00005229  sl_WlanGet                            
000052d1  blinky_led1                           
00005311  SW1_Pressed                           
00005329  SW2_Pressed                           
00005341  Status_Indicate                       
00005359  Cloud_Read                            
000053d9  Report_Sensors                        
00005411  cloud_demo                            
00005481  readTmp006Data                        
000055c1  readBmp180Data                        
00005791  readSht21Data                         
00005971  readIsl29023Data                      
00005a41  ISL29023AppAdjustRange                
00005b19  sl_NetAppStart                        
00005b49  sl_NetAppStop                         
00005b71  sl_NetAppGetServiceList               
00005bf9  sl_NetAppMDNSRegisterUnregisterService
00005c89  sl_NetAppMDNSRegisterService          
00005cb9  sl_NetAppMDNSUnRegisterService        
00005cd9  sl_NetAppDnsGetHostByService          
00005d91  _sl_HandleAsync_DnsGetHostByService   
00005e01  _sl_HandleAsync_DnsGetHostByAddr      
00005e11  sl_NetAppDnsGetHostByName             
00005ed9  _sl_HandleAsync_DnsGetHostByName      
00005f69  _sl_HandleAsync_PingResponse          
00005fd9  sl_NetAppPingStart                    
00006121  sl_NetAppSet                          
00006179  _sl_NetAppSendTokenValue              
000061c9  sl_NetAppGet                          
00006241  _SlDrvNetAppEventHandler              
000063e1  UARTStdioConfig                       
00006479  UARTwrite                             
00006511  UARTgets                              
00006559  UARTgetc                              
000065a9  UARTvprintf                           
000067d1  UARTprintf                            
000067f9  UARTRxBytesAvail                      
00006809  UARTTxBytesFree                       
00006821  UARTPeek                              
00006869  UARTFlushRx                           
00006889  UARTFlushTx                           
000068c1  UARTEchoSet                           
000068e9  UARTStdioIntHandler                   
00006a65  I2CMasterDataGet                      
00006a79  sl_Task                               
00006a81  sl_Start                              
00006b21  _sl_HandleAsync_InitComplete          
00006b89  _sl_HandleAsync_Stop                  
00006bc9  sl_Stop                               
00006c61  sl_EventMaskSet                       
00006c89  sl_EventMaskGet                       
00006cb9  sl_DevGet                             
00006d51  sl_DevSet                             
00006db1  _SlDrvDeviceEventHandler              
00006e51  _sl_GetCreateFsMode                   
00006eb9  sl_FsOpen                             
00006f21  sl_FsClose                            
00006fa1  sl_FsRead                             
00007041  sl_FsWrite                            
000070e1  sl_FsGetInfo                          
00007151  sl_FsDel                              
000071b9  exoPal_GetHostIP                      
000071d9  exoPal_tcpSocketClose                 
000071e9  exoPal_init                           
000071f1  exoPal_tcpSocketOpen                  
00007261  exoPal_socketWrite                    
00007289  exoPal_socketRead                     
000072b1  exoPal_sendingComplete                
000072b9  exoPal_setCik                         
00007319  exoPal_getCik                         
00007379  exoPal_getModel                       
00007389  exoPal_getVendor                      
00007399  exoPal_getUuid                        
000073e9  exoPal_memcpy                         
000073f9  exoPal_strlen                         
00007409  reverse                               
00007439  exoPal_itoa                           
000074c9  PinoutSet                             
000076b1  LEDWrite                              
00007741  LEDRead                               
000077c9  spi_Close                             
000077d9  spi_Open                              
000078e1  spi_Write                             
00007949  spi_Read                              
000079d9  SysCtlClockFreqSet                    
00007dd5  __aeabi_uldivmod                      
00007fc9  BMP180DataPressureGetFloat            
000081b1  TMP006DataTemperatureGetFloat         
00008395  __aeabi_dsub                          
0000839f  __aeabi_dadd                          
0000854b  __aeabi_ddiv                          
00008681  GPIOPadConfigSet                      
000087b5  _Dscale                               
000088c5  __aeabi_dmul                          
000089c1  sl_NetCfgSet                          
00008a19  sl_NetCfgGet                          
00008ab5  I2CMIntHandler                        
00008ba9  ButtonsPoll                           
00008c31  ButtonsInit                           
00008c89  initClk                               
00008ca1  stopWDT                               
00008ca9  registerInterruptHandler              
00008cb9  CC3100_disable                        
00008cd1  CC3100_enable                         
00008ce9  CC3100_InterruptEnable                
00008cf1  CC3100_InterruptDisable               
00008cf9  MaskIntHdlr                           
00008d01  UnMaskIntHdlr                         
00008d09  UARTRxTxHandler                       
00008d11  GPIOM_intHandler                      
00008d59  _SlNonOsSemSet                        
00008d61  _SlNonOsSemGet                        
00008db9  _SlNonOsSpawn                         
00008df1  _SlNonOsMainLoopTask                  
00008e29  _Dnorm                                
00008ee7  __aeabi_memcpy                        
00008ee7  __aeabi_memcpy4                       
00008ee7  __aeabi_memcpy8                       
00008ee7  memcpy                                
0000901d  snprintf                              
000090b1  I2CMCommand                           
00009139  __aeabi_cdcmpeq                       
00009139  __aeabi_cdcmple                       
000091bf  __aeabi_cdrcmple                      
00009245  BMP180DataTemperatureGetFloat         
000092c9  __aeabi_memclr                        
000092c9  __aeabi_memclr4                       
000092c9  __aeabi_memclr8                       
000092cb  __aeabi_memset                        
000092cb  __aeabi_memset4                       
000092cb  __aeabi_memset8                       
000092d1  memset                                
00009345  I2CMReadModifyWrite8                  
000093bd  I2CMReadModifyWrite16LE               
00009431  SHT21DataHumidityGetFloat             
000094a1  __aeabi_d2f                           
0000957d  __TI_auto_init                        
00009655  ISL29023Write                         
000096bd  IntDisable                            
00009725  IntEnable                             
0000978d  _Dunscale                             
000097f5  IntIsEnabled                          
000098b9  SHT21DataTemperatureGetFloat          
00009979  TMP006ReadModifyWrite                 
000099d9  sprintf                               
00009a99  BMP180DataRead                        
00009af1  TMP006Init                            
00009b49  GPIOIntTypeSet                        
00009b9f  ltoa                                  
00009bf5  BMP180Init                            
00009c49  I2CMWrite8                            
00009c9d  ISL29023Init                          
00009cf1  TMP006DataRead                        
00009d45  ldexp                                 
00009de9  ISL29023DataRead                      
00009e39  ISL29023Read                          
00009e89  _c_int00                              
00009ed9  I2CMasterInitExpClk                   
00009f25  ISL29023ReadModifyWrite               
00009f71  SHT21DataRead                         
00009fbd  SHT21Init                             
0000a009  SHT21Write                            
0000a0a1  atoi                                  
0000a0a1  exoPal_atoi                           
0000a0ed  copy_in                               
0000a185  GPIOPinConfigure                      
0000a215  ISL29023DataLightVisibleGetFloat      
0000a2a5  __aeabi_d2iz                          
0000a375  C$$EXIT                               
0000a379  abort                                 
0000a381  exit                                  
0000a43d  signal                                
0000a47d  __aeabi_uidiv                         
0000a47d  __aeabi_uidivmod                      
0000a4fb  SSIConfigSetExpClk                    
0000a537  __aeabi_f2d                           
0000a56f  I2CMInit                              
0000a5a5  IntRegister                           
0000a5d9  SysCtlPeripheralEnable                
0000a60d  feraiseexcept                         
0000a641  exoPal_strstr                         
0000a641  strstr                                
0000a675  I2CMTransferResume                    
0000a6a5  _Dclass                               
0000a6d5  _Feraise                              
0000a705  __aeabi_i2d                           
0000a733  raise                                 
0000a761  GPIODirModeSet                        
0000a7b5  frexp                                 
0000a7e1  sqrtf                                 
0000a845  memccpy                               
0000a87b  GPIOIntClear                          
0000a881  ResetISR                              
0000a89b  TMP006DataTemperatureGetRaw           
0000a8b3  TimerIntRegister                      
0000a8cd  _args_main                            
0000a8fb  strchr                                
0000a911  _register_unlock                      
0000a917  _register_lock                        
0000a91f  _nop                                  
0000a925  strlen                                
0000a939  GPIOPinTypeEthernetLED                
0000a94b  GPIOPinTypeGPIOInput                  
0000a95d  GPIOPinTypeI2CSCL                     
0000a96f  GPIOPinTypeSSI                        
0000a981  SSIDataGetNonBlocking                 
0000a995  FPUEnable                             
0000a9a5  FPULazyStackingEnable                 
0000a9b5  IntMasterEnable                       
0000a9c5  SysCtlReset                           
0000a9d5  GPIOIntDisable                        
0000a9e3  GPIOIntStatus                         
0000a9f1  SSIDataPutNonBlocking                 
0000a9ff  __TI_decompress_none                  
0000aa0d  CPUcpsie                              
0000aa19  GPIOIntEnable                         
0000aa25  ISL29023DataLightVisibleGetRaw        
0000aa31  IntTrigger                            
0000aa3d  SHT21DataHumidityGetRaw               
0000aa49  SHT21DataTemperatureGetRaw            
0000aa55  __TI_zero_init                        
0000aa61  I2CMasterEnable                       
0000aa6b  SSIEnable                             
0000aa75  I2CMasterIntClear                     
0000aa7d  I2CMasterIntEnableEx                  
0000aa85  I2CMasterSlaveAddrSet                 
0000aa8d  SSIBusy                               
0000aa95  GPIOPinRead                           
0000aa9b  GPIOPinWrite                          
0000aaa1  SysCtlDelay                           
0000aaa7  __TI_decompress_rle24                 
0000aaad  I2CMasterDataPut                      
0000aab1  _system_pre_init                      
0000abd4  _ctypes_                              
0000b038  OpcodeTranslateTable                  
0000b0ec  _SlActionLookupTable                  
0000b1b8  g_fRangeLookup                        
0000b1c8  g_fResolutionLookup                   
0000b1d8  g_fBetaLookup                         
0000b2b4  _SlNetAppSendTokenValueCmdCtrl        
0000b2e8  g_fThresholdHigh                      
0000b2f8  g_fThresholdLow                       
0000b3e4  __TI_Handler_Table_Base               
0000b3f0  __TI_Handler_Table_Limit              
0000b400  __TI_CINIT_Base                       
0000b418  __TI_CINIT_Limit                      
20000000  g_pfnRAMVectors                       
2000026c  __stack                               
2000046c  __STACK_TOP                           
2000126c  __STACK_END                           
2000166c  exoPal_rxBuffer                       
2000186c  post_str                              
20001bd4  g_sI2CInst                            
20001d78  g_sBMP180Inst                         
20001dbc  g_sTMP006Inst                         
20001dec  g_sISL29023Inst                       
20001e18  g_sSHT21Inst                          
20001e94  g_SysClock                            
20001e9c  g_vui8DataFlag                        
20001ea0  g_vui8ErrorFlag                       
20001ea4  g_vui8IntensityFlag                   
20001ea8  IntIsMasked                           
20001ea9  RxIrqCnt                              
20001eaa  g_bDeviceRestartIsRequired            
20001f60  _Denorm                               
20001f70  _Eps                                  
20001f80  _Hugeval                              
20001f90  _Inf                                  
20001fa0  _Nan                                  
20001fb0  _Snan                                 
20001fc0  _Rteps                                
20001fd0  _Xbig                                 
20001fd8  _Zero                                 
20001fe0  g__SlNonOsCB                          
2000205c  g_Status                              
20002060  g_PingPacketsRecv                     
20002064  g_GatewayIP                           
20002068  ui32SysClock                          
2000206c  ui8Buttons                            
2000206d  ui8ButtonsChanged                     
20002070  sw1_button_on                         
20002074  sw2_button_on                         
20002078  post_len                              
2000207c  g_pCB                                 
20002080  pPingCallBackFunc                     
20002090  _lock                                 
20002094  _unlock                               
20002098  __TI_cleanup_ptr                      
2000209c  __TI_dtors_ptr                        
200020a0  _Fenv                                 
200020a4  _Tls_setup__Fenv                      
200020a8  pIrqEventHandler                      
200020ac  _Errno                                
200020b0  main_func_sp                          
ffffffff  __binit__                             
ffffffff  __c_args__                            
ffffffff  binit                                 
UNDEFED   SHT$$INIT_ARRAY$$Base                 
UNDEFED   SHT$$INIT_ARRAY$$Limit                

[401 symbols]
